I0119 20:00:26.000000  6719 logsink.cpp:89] Added FileSink for glog logs to: /var/lib/dcos/mesos/log/mesos-master.log
I0119 20:00:26.000000  6742 recover.cpp:477] Replica is in EMPTY status
I0119 20:00:26.000000  6719 main.cpp:340] Using 'HierarchicalDRF' allocator
I0119 20:00:26.000000  6747 replica.cpp:676] Replica in EMPTY status received a broadcasted recover request from __req_res__(1)@192.168.255.5:5050
I0119 20:00:26.000000  6751 recover.cpp:197] Received a recover response from a replica in EMPTY status
I0119 20:00:26.000000  6741 recover.cpp:568] Updating replica status to STARTING
I0119 20:00:26.000000  6752 replica.cpp:322] Persisted replica status to STARTING
I0119 20:00:26.000000  6752 recover.cpp:477] Replica is in STARTING status
I0119 20:00:26.000000  6750 replica.cpp:676] Replica in STARTING status received a broadcasted recover request from __req_res__(2)@192.168.255.5:5050
I0119 20:00:26.000000  6742 recover.cpp:197] Received a recover response from a replica in STARTING status
I0119 20:00:26.000000  6748 recover.cpp:568] Updating replica status to VOTING
I0119 20:00:26.000000  6746 group.cpp:341] Group process (zookeeper-group(2)@192.168.255.5:5050) connected to ZooKeeper
I0119 20:00:26.000000  6746 group.cpp:831] Syncing group operations: queue size (joins, cancels, datas) = (0, 0, 0)
I0119 20:00:26.000000  6746 group.cpp:419] Trying to create path '/mesos/overlay_log_replicas' in ZooKeeper
I0119 20:00:26.000000  6741 replica.cpp:322] Persisted replica status to VOTING
I0119 20:00:26.000000  6741 recover.cpp:582] Successfully joined the Paxos group
I0119 20:00:26.000000  6744 group.cpp:341] Group process (zookeeper-group(3)@192.168.255.5:5050) connected to ZooKeeper
I0119 20:00:26.000000  6744 group.cpp:831] Syncing group operations: queue size (joins, cancels, datas) = (1, 0, 0)
I0119 20:00:26.000000  6744 group.cpp:419] Trying to create path '/mesos/overlay_log_replicas' in ZooKeeper
I0119 20:00:26.000000  6719 replica.cpp:779] Replica recovered with log positions 0 -> 0 with 1 holes and 0 unlearned
I0119 20:00:26.000000  6740 log.cpp:107] Attempting to join replica to ZooKeeper group
I0119 20:00:26.000000  6738 recover.cpp:451] Starting replica recovery
I0119 20:00:26.000000  6738 recover.cpp:477] Replica is in EMPTY status
I0119 20:00:26.000000  6751 replica.cpp:676] Replica in EMPTY status received a broadcasted recover request from __req_res__(3)@192.168.255.5:5050
I0119 20:00:26.000000  6751 recover.cpp:197] Received a recover response from a replica in EMPTY status
I0119 20:00:26.000000  6741 recover.cpp:568] Updating replica status to STARTING
I0119 20:00:26.000000  6719 master.cpp:442] Master dc25e219-b012-40eb-95d9-ca31cbacde13 (192.168.255.5) started on 192.168.255.5:5050
I0119 20:00:26.000000  6719 master.cpp:444] Flags at startup: --agent_ping_timeout="15secs" --slave_removal_rate_limit="1/20mins" --agent_reregister_timeout="10mins" --allocation_interval="1secs" --allocator="HierarchicalDRF" --authenticate_agents="false" --authenticate_frameworks="false" --authenticate_http_frameworks="false" --authenticate_http_readonly="false" --authenticate_http_readwrite="false" --authenticators="crammd5" --authorizers="local" --cluster="dcos-master-ip-dcos-rs40012-14267337" --external_log_file="/var/lib/dcos/mesos/log/mesos-master.log" --fair_sharing_excluded_resource_names="{ gpus }" --filter_gpu_resources="true" --framework_sorter="drf" --help="false" --hostname_lookup="false" --http_authenticators="basic" --initialize_driver_logging="true" --ip_discovery_command="/opt/mesosphere/bin/detect_ip" --log_auto_initialize="true" --logbufsecs="0" --logging_level="INFO" --max_slave_ping_timeouts="20" --max_completed_frameworks="50" --max_completed_tasks_per_framework="1000" --max_unreachable_tasks_per_framework="1000" --modules_dir="/opt/mesosphere/etc/mesos-master-modules" --offer_timeout="2mins" --port="5050" --quiet="false" --quorum="1" --recovery_agent_removal_limit="100%" --registry="replicated_log" --registry_fetch_timeout="1mins" --registry_gc_interval="15mins" --registry_max_agent_age="2weeks" --registry_max_agent_count="102400" --registry_store_timeout="1mins" --registry_strict="false" --root_submissions="true" --user_sorter="drf" --version="false" --webui_dir="/opt/mesosphere/packages/mesos--0677ce2b7d2e8c45091f6481884542f1f765c3d5/share/mesos/webui" --weights="" --work_dir="/var/lib/dcos/mesos/master" --zk="zk://zk-1.zk:2181,zk-2.zk:2181,zk-3.zk:2181,zk-4.zk:2181,zk-5.zk:2181/mesos" --zk_session_timeout="10secs"
I0119 20:00:26.000000  6719 master.cpp:496] Master allowing unauthenticated frameworks to register
I0119 20:00:26.000000  6719 master.cpp:510] Master allowing unauthenticated agents to register
I0119 20:00:26.000000  6719 master.cpp:524] Master allowing HTTP frameworks to register without authentication
I0119 20:00:26.000000  6719 master.cpp:566] Using default 'crammd5' authenticator
W0119 20:00:26.000000  6719 authenticator.cpp:513] No credentials provided, authentication requests will be refused
I0119 20:00:26.000000  6719 authenticator.cpp:520] Initializing server SASL
I0119 20:00:26.000000  6741 replica.cpp:322] Persisted replica status to STARTING
I0119 20:00:26.000000  6741 recover.cpp:477] Replica is in STARTING status
I0119 20:00:26.000000  6751 replica.cpp:676] Replica in STARTING status received a broadcasted recover request from __req_res__(4)@192.168.255.5:5050
I0119 20:00:26.000000  6741 recover.cpp:197] Received a recover response from a replica in STARTING status
I0119 20:00:26.000000  6742 recover.cpp:568] Updating replica status to VOTING
I0119 20:00:26.000000  6719 master.cpp:702] Agent removal is rate limited to 1/20mins
I0119 20:00:26.000000  6751 network.hpp:436] ZooKeeper group memberships changed
I0119 20:00:26.000000  6750 group.cpp:700] Trying to get '/mesos/overlay_log_replicas/0000000000' in ZooKeeper
I0119 20:00:26.000000  6749 network.hpp:484] ZooKeeper group PIDs: { log-replica(1)@192.168.255.5:5050 }
I0119 20:00:26.000000  6746 master.cpp:2097] Successfully attached file '/var/lib/dcos/mesos/log/mesos-master.log'
I0119 20:00:26.000000  6740 contender.cpp:152] Joining the ZK group
I0119 20:00:26.000000  6748 replica.cpp:322] Persisted replica status to VOTING
I0119 20:00:26.000000  6748 recover.cpp:582] Successfully joined the Paxos group
I0119 20:00:26.000000  6740 group.cpp:341] Group process (zookeeper-group(4)@192.168.255.5:5050) connected to ZooKeeper
I0119 20:00:26.000000  6740 group.cpp:831] Syncing group operations: queue size (joins, cancels, datas) = (0, 0, 0)
I0119 20:00:26.000000  6740 group.cpp:419] Trying to create path '/mesos/log_replicas' in ZooKeeper
I0119 20:00:26.000000  6742 group.cpp:341] Group process (zookeeper-group(5)@192.168.255.5:5050) connected to ZooKeeper
I0119 20:00:26.000000  6742 group.cpp:831] Syncing group operations: queue size (joins, cancels, datas) = (1, 0, 0)
I0119 20:00:26.000000  6742 group.cpp:419] Trying to create path '/mesos/log_replicas' in ZooKeeper
I0119 20:00:26.000000  6750 group.cpp:341] Group process (zookeeper-group(7)@192.168.255.5:5050) connected to ZooKeeper
I0119 20:00:26.000000  6750 group.cpp:831] Syncing group operations: queue size (joins, cancels, datas) = (0, 0, 0)
I0119 20:00:26.000000  6750 group.cpp:419] Trying to create path '/mesos' in ZooKeeper
I0119 20:00:26.000000  6748 group.cpp:341] Group process (zookeeper-group(6)@192.168.255.5:5050) connected to ZooKeeper
I0119 20:00:26.000000  6748 group.cpp:831] Syncing group operations: queue size (joins, cancels, datas) = (1, 0, 0)
I0119 20:00:26.000000  6748 group.cpp:419] Trying to create path '/mesos' in ZooKeeper
I0119 20:00:26.000000  6738 contender.cpp:268] New candidate (id='2') has entered the contest for leadership
I0119 20:00:26.000000  6746 detector.cpp:152] Detected a new leader: (id='2')
I0119 20:00:26.000000  6753 detector.cpp:152] Detected a new leader: (id='2')
I0119 20:00:26.000000  6746 group.cpp:700] Trying to get '/mesos/json.info_0000000002' in ZooKeeper
I0119 20:00:26.000000  6745 group.cpp:700] Trying to get '/mesos/json.info_0000000002' in ZooKeeper
I0119 20:00:26.000000  6745 zookeeper.cpp:262] A new leading master (UPID=master@192.168.255.5:5050) is detected
I0119 20:00:26.000000  6745 master.cpp:2163] Elected as the leading master!
I0119 20:00:26.000000  6745 master.cpp:1702] Recovering from registrar
I0119 20:00:26.000000  6746 zookeeper.cpp:262] A new leading master (UPID=master@192.168.255.5:5050) is detected
I0119 20:00:26.000000  6746 agent.cpp:460] Detected new overlay master at overlay-master@192.168.255.5:5050
I0119 20:00:26.000000  6746 agent.cpp:487] Sending registration message to master: overlay-master@192.168.255.5:5050
I0119 20:00:26.000000  6749 log.cpp:536] Attempting to start the writer
I0119 20:00:26.000000  6750 master.cpp:996] Got registration from pid: overlay-agent@192.168.255.5:5050
I0119 20:00:26.000000  6750 master.cpp:1001] overlay-master moving to `RECOVERING` state . Hence, not sending an update to agentoverlay-agent@192.168.255.5:5050
I0119 20:00:26.000000  6739 network.hpp:436] ZooKeeper group memberships changed
I0119 20:00:26.000000  6750 log.cpp:536] Attempting to start the writer
I0119 20:00:26.000000  6744 group.cpp:700] Trying to get '/mesos/log_replicas/0000000000' in ZooKeeper
I0119 20:00:26.000000  6747 replica.cpp:496] Replica received implicit promise request from __req_res__(5)@192.168.255.5:5050 with proposal 1
I0119 20:00:26.000000  6745 replica.cpp:496] Replica received implicit promise request from __req_res__(6)@192.168.255.5:5050 with proposal 1
I0119 20:00:26.000000  6741 network.hpp:484] ZooKeeper group PIDs: { log-replica(2)@192.168.255.5:5050 }
I0119 20:00:26.000000  6747 replica.cpp:344] Persisted promised to 1
I0119 20:00:26.000000  6745 replica.cpp:344] Persisted promised to 1
I0119 20:00:26.000000  6752 coordinator.cpp:238] Coordinator attempting to fill missing positions
I0119 20:00:26.000000  6739 coordinator.cpp:238] Coordinator attempting to fill missing positions
I0119 20:00:26.000000  6751 replica.cpp:391] Replica received explicit promise request from __req_res__(7)@192.168.255.5:5050 for position 0 with proposal 2
I0119 20:00:26.000000  6749 replica.cpp:391] Replica received explicit promise request from __req_res__(8)@192.168.255.5:5050 for position 0 with proposal 2
I0119 20:00:26.000000  6745 replica.cpp:540] Replica received write request for position 0 from __req_res__(9)@192.168.255.5:5050
I0119 20:00:26.000000  6739 replica.cpp:540] Replica received write request for position 0 from __req_res__(10)@192.168.255.5:5050
I0119 20:00:26.000000  6741 replica.cpp:694] Replica received learned notice for position 0 from log-network(2)@192.168.255.5:5050
I0119 20:00:26.000000  6748 replica.cpp:694] Replica received learned notice for position 0 from log-network(1)@192.168.255.5:5050
I0119 20:00:26.000000  6738 log.cpp:552] Writer started with ending position 0
I0119 20:00:26.000000  6753 registrar.cpp:391] Successfully fetched the registry (0B) in 33.829888ms
I0119 20:00:26.000000  6753 registrar.cpp:495] Applied 1 operations in 9500ns; attempting to update the registry
I0119 20:00:26.000000  6738 coordinator.cpp:348] Coordinator attempting to write APPEND action at position 1
I0119 20:00:26.000000  6741 replica.cpp:540] Replica received write request for position 1 from __req_res__(11)@192.168.255.5:5050
I0119 20:00:26.000000  6752 log.cpp:552] Writer started with ending position 0
I0119 20:00:26.000000  6746 master.cpp:1208] No network state present, hence nothing to recover from replicated log
I0119 20:00:26.000000  6746 master.cpp:1215] Moving overlay-master@192.168.255.5:5050 to `RECOVERED` state.
I0119 20:00:26.000000  6741 replica.cpp:694] Replica received learned notice for position 1 from log-network(2)@192.168.255.5:5050
I0119 20:00:26.000000  6738 registrar.cpp:552] Successfully updated the registry in 21.03808ms
I0119 20:00:26.000000  6746 coordinator.cpp:348] Coordinator attempting to write TRUNCATE action at position 2
I0119 20:00:26.000000  6738 registrar.cpp:424] Successfully recovered registrar
I0119 20:00:26.000000  6738 master.cpp:1801] Recovered 0 agents from the registry (136B); allowing 10mins for agents to re-register
I0119 20:00:26.000000  6744 replica.cpp:540] Replica received write request for position 2 from __req_res__(12)@192.168.255.5:5050
I0119 20:00:26.000000  6748 replica.cpp:694] Replica received learned notice for position 2 from log-network(2)@192.168.255.5:5050
I0119 20:00:27.000000  6746 http.cpp:1166] HTTP GET for /master/state.json from 192.168.255.5:53626 with User-Agent='Mesos-DNS'
I0119 20:00:27.000000  6748 http.cpp:1166] HTTP GET for /master/state.json from 192.168.255.5:53628 with User-Agent='Mesos-DNS'
I0119 20:00:28.000000  6753 http.cpp:1166] HTTP GET for /master/state-summary from 192.168.255.5:53632 with User-Agent='python-requests/2.10.0'
I0119 20:00:29.000000  6748 agent.cpp:487] Sending registration message to master: overlay-master@192.168.255.5:5050
I0119 20:00:29.000000  6748 master.cpp:996] Got registration from pid: overlay-agent@192.168.255.5:5050
I0119 20:00:29.000000  6748 master.cpp:1059] New registration from pid: overlay-agent@192.168.255.5:5050
I0119 20:00:29.000000  6748 master.cpp:1068] Allocated VTEP IP : 44.128.0.1/20
I0119 20:00:29.000000  6741 coordinator.cpp:348] Coordinator attempting to write APPEND action at position 1
I0119 20:00:29.000000  6740 replica.cpp:540] Replica received write request for position 1 from __req_res__(13)@192.168.255.5:5050
I0119 20:00:29.000000  6744 replica.cpp:694] Replica received learned notice for position 1 from log-network(1)@192.168.255.5:5050
I0119 20:00:29.000000  6750 master.cpp:1441] Stored the network state successfully
I0119 20:00:29.000000  6742 coordinator.cpp:348] Coordinator attempting to write TRUNCATE action at position 2
I0119 20:00:29.000000  6750 master.cpp:1468] Applied operation 'Add operation for agent: 192.168.255.5' successfully.
I0119 20:00:29.000000  6740 agent.cpp:254] Received 'UpdateAgentOverlaysMessage' from overlay-master@192.168.255.5:5050
I0119 20:00:29.000000  6740 agent.cpp:266] Configuring overlay network 'dcos'
I0119 20:00:29.000000  6740 agent.cpp:732] Not configuring Docker network for 'dcos' since operator has disallowed `docker_bridge`.
I0119 20:00:29.000000  6740 agent.cpp:662] Not configuring Mesos network for 'dcos' since operator has disallowed `mesos_bridge`.
I0119 20:00:29.000000  6748 replica.cpp:540] Replica received write request for position 2 from __req_res__(14)@192.168.255.5:5050
I0119 20:00:29.000000  6738 agent.cpp:377] Sending agent registered message to overlay-master@192.168.255.5:5050
I0119 20:00:29.000000  6738 master.cpp:1141] Got ACK for addition of networks from overlay-agent@192.168.255.5:5050
I0119 20:00:29.000000  6738 master.cpp:1154] Sending register ACK to: overlay-agent@192.168.255.5:5050
I0119 20:00:29.000000  6738 agent.cpp:390] Received agent registered acknowledgment from overlay-master@192.168.255.5:5050
I0119 20:00:29.000000  6750 replica.cpp:694] Replica received learned notice for position 2 from log-network(1)@192.168.255.5:5050
I0119 20:00:30.000000  6750 http.cpp:1166] HTTP GET for /master/state-summary from 192.168.255.5:53652 with User-Agent='python-requests/2.10.0'
I0119 20:00:30.000000  6750 http.cpp:1166] HTTP GET for /master/state from 192.168.255.5:53656 with User-Agent='Go-http-client/1.1'
I0119 20:00:31.000000  6751 agent.cpp:474] Overlay agent is already in REGISTERED state
I0119 20:00:32.000000  6751 http.cpp:1166] HTTP GET for /master/state-summary from 192.168.255.5:53662 with User-Agent='python-requests/2.10.0'
I0119 20:00:33.000000  6749 http.cpp:1166] HTTP GET for /master/state.json from 192.168.255.5:53676 with User-Agent='Mesos-DNS'
I0119 20:00:34.000000  6750 http.cpp:1166] HTTP GET for /master/state-summary from 192.168.255.5:53682 with User-Agent='python-requests/2.10.0'
I0119 20:00:34.000000  6747 http.cpp:1166] HTTP GET for /master/state from 192.168.255.5:34039 with User-Agent='Mesos-State / Host: dcos-master-14267337-0, Pid: 6104'
I0119 20:00:34.000000  6746 master.cpp:2894] Received SUBSCRIBE call for framework 'metronome' at scheduler-3c26ac1a-aa36-453b-9af9-5e1ea520de78@192.168.255.5:15201
I0119 20:00:34.000000  6746 master.cpp:2974] Subscribing framework metronome with checkpointing enabled and capabilities [  ]
I0119 20:00:34.000000  6739 hierarchical.cpp:303] Added framework dc25e219-b012-40eb-95d9-ca31cbacde13-0000
I0119 20:00:36.000000  6747 http.cpp:1166] HTTP GET for /master/state-summary from 192.168.255.5:53706 with User-Agent='python-requests/2.10.0'
I0119 20:00:37.000000  6746 master.cpp:2894] Received SUBSCRIBE call for framework 'marathon' at scheduler-ec822827-855a-4a49-a3a3-f1a671c0c43e@192.168.255.5:15101
I0119 20:00:37.000000  6746 master.cpp:2974] Subscribing framework marathon with checkpointing enabled and capabilities [ TASK_KILLING_STATE, GPU_RESOURCES, PARTITION_AWARE ]
I0119 20:00:37.000000  6741 hierarchical.cpp:303] Added framework dc25e219-b012-40eb-95d9-ca31cbacde13-0001
I0119 20:00:37.000000  6744 master.cpp:5225] Processing REVIVE call for framework dc25e219-b012-40eb-95d9-ca31cbacde13-0001 (marathon) at scheduler-ec822827-855a-4a49-a3a3-f1a671c0c43e@192.168.255.5:15101
I0119 20:00:37.000000  6745 hierarchical.cpp:1290] Revived offers for roles { slave_public } of framework dc25e219-b012-40eb-95d9-ca31cbacde13-0001
I0119 20:00:38.000000  6745 http.cpp:1166] HTTP GET for /master/state-summary from 192.168.255.5:53720 with User-Agent='python-requests/2.10.0'
I0119 20:00:40.000000  6739 http.cpp:1166] HTTP GET for /master/state-summary from 192.168.255.5:53736 with User-Agent='python-requests/2.10.0'
I0119 20:00:42.000000  6750 master.cpp:5225] Processing REVIVE call for framework dc25e219-b012-40eb-95d9-ca31cbacde13-0001 (marathon) at scheduler-ec822827-855a-4a49-a3a3-f1a671c0c43e@192.168.255.5:15101
I0119 20:00:42.000000  6750 hierarchical.cpp:1290] Revived offers for roles { slave_public } of framework dc25e219-b012-40eb-95d9-ca31cbacde13-0001
I0119 20:00:42.000000  6751 http.cpp:1166] HTTP GET for /master/state-summary from 192.168.255.5:53750 with User-Agent='python-requests/2.10.0'
I0119 20:00:44.000000  6748 http.cpp:1166] HTTP GET for /master/state-summary from 192.168.255.5:53756 with User-Agent='python-requests/2.10.0'
I0119 20:00:44.000000  6742 http.cpp:1166] HTTP GET for /master/state from 10.2.0.4:39632 with User-Agent='Go-http-client/1.1'
I0119 20:00:45.000000  6744 http.cpp:1166] HTTP GET for /master/state from 10.3.0.4:51556 with User-Agent='Go-http-client/1.1'
I0119 20:00:46.000000  6740 http.cpp:1166] HTTP GET for /master/state-summary from 192.168.255.5:53770 with User-Agent='python-requests/2.10.0'
I0119 20:00:47.000000  6752 master.cpp:5225] Processing REVIVE call for framework dc25e219-b012-40eb-95d9-ca31cbacde13-0001 (marathon) at scheduler-ec822827-855a-4a49-a3a3-f1a671c0c43e@192.168.255.5:15101
I0119 20:00:47.000000  6752 hierarchical.cpp:1290] Revived offers for roles { slave_public } of framework dc25e219-b012-40eb-95d9-ca31cbacde13-0001
I0119 20:00:47.000000  6751 master.cpp:996] Got registration from pid: overlay-agent@10.2.0.4:5051
I0119 20:00:47.000000  6751 master.cpp:1059] New registration from pid: overlay-agent@10.2.0.4:5051
I0119 20:00:47.000000  6751 master.cpp:1068] Allocated VTEP IP : 44.128.0.2/20
I0119 20:00:47.000000  6748 coordinator.cpp:348] Coordinator attempting to write APPEND action at position 3
I0119 20:00:47.000000  6747 replica.cpp:540] Replica received write request for position 3 from __req_res__(15)@192.168.255.5:5050
I0119 20:00:47.000000  6751 replica.cpp:694] Replica received learned notice for position 3 from log-network(1)@192.168.255.5:5050
I0119 20:00:47.000000  6745 master.cpp:1441] Stored the network state successfully
I0119 20:00:47.000000  6751 coordinator.cpp:348] Coordinator attempting to write TRUNCATE action at position 4
I0119 20:00:47.000000  6745 master.cpp:1468] Applied operation 'Add operation for agent: 10.2.0.4' successfully.
I0119 20:00:47.000000  6742 replica.cpp:540] Replica received write request for position 4 from __req_res__(16)@192.168.255.5:5050
I0119 20:00:47.000000  6753 replica.cpp:694] Replica received learned notice for position 4 from log-network(1)@192.168.255.5:5050
I0119 20:00:48.000000  6749 http.cpp:1166] HTTP GET for /master/state-summary from 192.168.255.5:53778 with User-Agent='python-requests/2.10.0'
I0119 20:00:48.000000  6751 master.cpp:1141] Got ACK for addition of networks from overlay-agent@10.2.0.4:5051
I0119 20:00:48.000000  6751 master.cpp:1154] Sending register ACK to: overlay-agent@10.2.0.4:5051
I0119 20:00:49.000000  6741 master.cpp:5714] Received register agent message from slave(1)@10.2.0.4:5051 (10.2.0.4)
I0119 20:00:49.000000  6741 master.cpp:5867] Registering agent at slave(1)@10.2.0.4:5051 (10.2.0.4) with id dc25e219-b012-40eb-95d9-ca31cbacde13-S0
I0119 20:00:49.000000  6741 registrar.cpp:495] Applied 1 operations in 23201ns; attempting to update the registry
I0119 20:00:49.000000  6749 coordinator.cpp:348] Coordinator attempting to write APPEND action at position 3
I0119 20:00:49.000000  6752 replica.cpp:540] Replica received write request for position 3 from __req_res__(17)@192.168.255.5:5050
I0119 20:00:49.000000  6752 replica.cpp:694] Replica received learned notice for position 3 from log-network(2)@192.168.255.5:5050
I0119 20:00:49.000000  6752 registrar.cpp:552] Successfully updated the registry in 22.823936ms
I0119 20:00:49.000000  6738 coordinator.cpp:348] Coordinator attempting to write TRUNCATE action at position 4
I0119 20:00:49.000000  6752 replica.cpp:540] Replica received write request for position 4 from __req_res__(18)@192.168.255.5:5050
I0119 20:00:49.000000  6741 hierarchical.cpp:593] Added agent dc25e219-b012-40eb-95d9-ca31cbacde13-S0 (10.2.0.4) with ports(reservations: [(STATIC,slave_public)]):[1-21, 23-5050, 5052-32000]; disk(reservations: [(STATIC,slave_public)]):42738; cpus(reservations: [(STATIC,slave_public)]):2; mem(reservations: [(STATIC,slave_public)]):5932 (allocated: {})
I0119 20:00:49.000000  6750 master.cpp:5945] Registered agent dc25e219-b012-40eb-95d9-ca31cbacde13-S0 at slave(1)@10.2.0.4:5051 (10.2.0.4) with [{"name":"ports","ranges":{"range":[{"begin":1,"end":21},{"begin":23,"end":5050},{"begin":5052,"end":32000}]},"reservations":[{"role":"slave_public","type":"STATIC"}],"type":"RANGES"},{"name":"disk","reservations":[{"role":"slave_public","type":"STATIC"}],"scalar":{"value":42738.0},"type":"SCALAR"},{"name":"cpus","reservations":[{"role":"slave_public","type":"STATIC"}],"scalar":{"value":2.0},"type":"SCALAR"},{"name":"mem","reservations":[{"role":"slave_public","type":"STATIC"}],"scalar":{"value":5932.0},"type":"SCALAR"}]
I0119 20:00:49.000000  6741 master.cpp:7662] Sending 1 offers to framework dc25e219-b012-40eb-95d9-ca31cbacde13-0001 (marathon) at scheduler-ec822827-855a-4a49-a3a3-f1a671c0c43e@192.168.255.5:15101
I0119 20:00:49.000000  6746 master.cpp:6683] Received update of agent dc25e219-b012-40eb-95d9-ca31cbacde13-S0 at slave(1)@10.2.0.4:5051 (10.2.0.4) with total oversubscribed resources {}
I0119 20:00:49.000000  6746 hierarchical.cpp:660] Agent dc25e219-b012-40eb-95d9-ca31cbacde13-S0 (10.2.0.4) updated with total resources ports(reservations: [(STATIC,slave_public)]):[1-21, 23-5050, 5052-32000]; disk(reservations: [(STATIC,slave_public)]):42738; cpus(reservations: [(STATIC,slave_public)]):2; mem(reservations: [(STATIC,slave_public)]):5932
I0119 20:00:49.000000  6751 replica.cpp:694] Replica received learned notice for position 4 from log-network(2)@192.168.255.5:5050
I0119 20:00:49.000000  6753 master.cpp:5120] Processing DECLINE call for offers: [ dc25e219-b012-40eb-95d9-ca31cbacde13-O0 ] for framework dc25e219-b012-40eb-95d9-ca31cbacde13-0001 (marathon) at scheduler-ec822827-855a-4a49-a3a3-f1a671c0c43e@192.168.255.5:15101
I0119 20:00:49.000000  6753 master.cpp:9159] Removing offer dc25e219-b012-40eb-95d9-ca31cbacde13-O0
I0119 20:00:49.000000  6747 http.cpp:1166] HTTP GET for /master/state from 10.2.0.4:39660 with User-Agent='Go-http-client/1.1'
I0119 20:00:50.000000  6744 http.cpp:1166] HTTP GET for /master/state-summary from 192.168.255.5:53796 with User-Agent='python-requests/2.10.0'
I0119 20:00:50.000000  6745 http.cpp:1166] HTTP GET for /master/state from 10.2.0.5:44982 with User-Agent='Go-http-client/1.1'
I0119 20:00:50.000000  6739 http.cpp:1166] HTTP GET for /master/state from 10.3.0.4:51576 with User-Agent='Go-http-client/1.1'
I0119 20:00:51.000000  6739 master.cpp:996] Got registration from pid: overlay-agent@10.2.0.5:5051
I0119 20:00:51.000000  6739 master.cpp:1059] New registration from pid: overlay-agent@10.2.0.5:5051
I0119 20:00:51.000000  6739 master.cpp:1068] Allocated VTEP IP : 44.128.0.3/20
I0119 20:00:51.000000  6739 coordinator.cpp:348] Coordinator attempting to write APPEND action at position 5
I0119 20:00:51.000000  6743 replica.cpp:540] Replica received write request for position 5 from __req_res__(19)@192.168.255.5:5050
I0119 20:00:51.000000  6743 replica.cpp:694] Replica received learned notice for position 5 from log-network(1)@192.168.255.5:5050
I0119 20:00:51.000000  6743 master.cpp:1441] Stored the network state successfully
I0119 20:00:51.000000  6753 coordinator.cpp:348] Coordinator attempting to write TRUNCATE action at position 6
I0119 20:00:51.000000  6743 master.cpp:1468] Applied operation 'Add operation for agent: 10.2.0.5' successfully.
I0119 20:00:51.000000  6753 replica.cpp:540] Replica received write request for position 6 from __req_res__(20)@192.168.255.5:5050
I0119 20:00:51.000000  6746 replica.cpp:694] Replica received learned notice for position 6 from log-network(1)@192.168.255.5:5050
I0119 20:00:51.000000  6742 master.cpp:1141] Got ACK for addition of networks from overlay-agent@10.2.0.5:5051
I0119 20:00:51.000000  6742 master.cpp:1154] Sending register ACK to: overlay-agent@10.2.0.5:5051
I0119 20:00:52.000000  6751 master.cpp:7275] Performing implicit task state reconciliation for framework dc25e219-b012-40eb-95d9-ca31cbacde13-0001 (marathon) at scheduler-ec822827-855a-4a49-a3a3-f1a671c0c43e@192.168.255.5:15101
I0119 20:00:52.000000  6747 http.cpp:1166] HTTP GET for /master/state-summary from 192.168.255.5:53814 with User-Agent='python-requests/2.10.0'
I0119 20:00:52.000000  6746 master.cpp:5225] Processing REVIVE call for framework dc25e219-b012-40eb-95d9-ca31cbacde13-0001 (marathon) at scheduler-ec822827-855a-4a49-a3a3-f1a671c0c43e@192.168.255.5:15101
I0119 20:00:52.000000  6738 hierarchical.cpp:1290] Revived offers for roles { slave_public } of framework dc25e219-b012-40eb-95d9-ca31cbacde13-0001
I0119 20:00:52.000000  6738 master.cpp:7662] Sending 1 offers to framework dc25e219-b012-40eb-95d9-ca31cbacde13-0001 (marathon) at scheduler-ec822827-855a-4a49-a3a3-f1a671c0c43e@192.168.255.5:15101
I0119 20:00:52.000000  6753 master.cpp:5120] Processing DECLINE call for offers: [ dc25e219-b012-40eb-95d9-ca31cbacde13-O1 ] for framework dc25e219-b012-40eb-95d9-ca31cbacde13-0001 (marathon) at scheduler-ec822827-855a-4a49-a3a3-f1a671c0c43e@192.168.255.5:15101
I0119 20:00:52.000000  6753 master.cpp:9159] Removing offer dc25e219-b012-40eb-95d9-ca31cbacde13-O1
I0119 20:00:52.000000  6751 master.cpp:996] Got registration from pid: overlay-agent@10.3.0.4:5051
I0119 20:00:52.000000  6751 master.cpp:1059] New registration from pid: overlay-agent@10.3.0.4:5051
I0119 20:00:52.000000  6751 master.cpp:1068] Allocated VTEP IP : 44.128.0.4/20
I0119 20:00:52.000000  6751 coordinator.cpp:348] Coordinator attempting to write APPEND action at position 7
I0119 20:00:52.000000  6751 replica.cpp:540] Replica received write request for position 7 from __req_res__(21)@192.168.255.5:5050
I0119 20:00:52.000000  6745 replica.cpp:694] Replica received learned notice for position 7 from log-network(1)@192.168.255.5:5050
I0119 20:00:52.000000  6744 master.cpp:1441] Stored the network state successfully
I0119 20:00:52.000000  6739 coordinator.cpp:348] Coordinator attempting to write TRUNCATE action at position 8
I0119 20:00:52.000000  6744 master.cpp:1468] Applied operation 'Add operation for agent: 10.3.0.4' successfully.
I0119 20:00:52.000000  6750 replica.cpp:540] Replica received write request for position 8 from __req_res__(22)@192.168.255.5:5050
I0119 20:00:52.000000  6745 replica.cpp:694] Replica received learned notice for position 8 from log-network(1)@192.168.255.5:5050
I0119 20:00:52.000000  6753 master.cpp:5714] Received register agent message from slave(1)@10.2.0.5:5051 (10.2.0.5)
I0119 20:00:52.000000  6753 master.cpp:5867] Registering agent at slave(1)@10.2.0.5:5051 (10.2.0.5) with id dc25e219-b012-40eb-95d9-ca31cbacde13-S1
I0119 20:00:52.000000  6753 registrar.cpp:495] Applied 1 operations in 27401ns; attempting to update the registry
I0119 20:00:52.000000  6751 coordinator.cpp:348] Coordinator attempting to write APPEND action at position 5
I0119 20:00:52.000000  6744 replica.cpp:540] Replica received write request for position 5 from __req_res__(23)@192.168.255.5:5050
I0119 20:00:52.000000  6742 replica.cpp:694] Replica received learned notice for position 5 from log-network(2)@192.168.255.5:5050
I0119 20:00:52.000000  6747 registrar.cpp:552] Successfully updated the registry in 12736us
I0119 20:00:52.000000  6741 coordinator.cpp:348] Coordinator attempting to write TRUNCATE action at position 6
I0119 20:00:52.000000  6740 replica.cpp:540] Replica received write request for position 6 from __req_res__(24)@192.168.255.5:5050
I0119 20:00:52.000000  6745 hierarchical.cpp:593] Added agent dc25e219-b012-40eb-95d9-ca31cbacde13-S1 (10.2.0.5) with ports(reservations: [(STATIC,slave_public)]):[1-21, 23-5050, 5052-32000]; disk(reservations: [(STATIC,slave_public)]):42738; cpus(reservations: [(STATIC,slave_public)]):2; mem(reservations: [(STATIC,slave_public)]):5932 (allocated: {})
I0119 20:00:52.000000  6753 master.cpp:5945] Registered agent dc25e219-b012-40eb-95d9-ca31cbacde13-S1 at slave(1)@10.2.0.5:5051 (10.2.0.5) with [{"name":"ports","ranges":{"range":[{"begin":1,"end":21},{"begin":23,"end":5050},{"begin":5052,"end":32000}]},"reservations":[{"role":"slave_public","type":"STATIC"}],"type":"RANGES"},{"name":"disk","reservations":[{"role":"slave_public","type":"STATIC"}],"scalar":{"value":42738.0},"type":"SCALAR"},{"name":"cpus","reservations":[{"role":"slave_public","type":"STATIC"}],"scalar":{"value":2.0},"type":"SCALAR"},{"name":"mem","reservations":[{"role":"slave_public","type":"STATIC"}],"scalar":{"value":5932.0},"type":"SCALAR"}]
I0119 20:00:52.000000  6745 master.cpp:7662] Sending 1 offers to framework dc25e219-b012-40eb-95d9-ca31cbacde13-0001 (marathon) at scheduler-ec822827-855a-4a49-a3a3-f1a671c0c43e@192.168.255.5:15101
I0119 20:00:52.000000  6750 master.cpp:6683] Received update of agent dc25e219-b012-40eb-95d9-ca31cbacde13-S1 at slave(1)@10.2.0.5:5051 (10.2.0.5) with total oversubscribed resources {}
I0119 20:00:52.000000  6750 hierarchical.cpp:660] Agent dc25e219-b012-40eb-95d9-ca31cbacde13-S1 (10.2.0.5) updated with total resources ports(reservations: [(STATIC,slave_public)]):[1-21, 23-5050, 5052-32000]; disk(reservations: [(STATIC,slave_public)]):42738; cpus(reservations: [(STATIC,slave_public)]):2; mem(reservations: [(STATIC,slave_public)]):5932
I0119 20:00:52.000000  6750 master.cpp:5120] Processing DECLINE call for offers: [ dc25e219-b012-40eb-95d9-ca31cbacde13-O2 ] for framework dc25e219-b012-40eb-95d9-ca31cbacde13-0001 (marathon) at scheduler-ec822827-855a-4a49-a3a3-f1a671c0c43e@192.168.255.5:15101
I0119 20:00:52.000000  6750 master.cpp:9159] Removing offer dc25e219-b012-40eb-95d9-ca31cbacde13-O2
I0119 20:00:52.000000  6745 replica.cpp:694] Replica received learned notice for position 6 from log-network(2)@192.168.255.5:5050
I0119 20:00:52.000000  6753 master.cpp:1141] Got ACK for addition of networks from overlay-agent@10.3.0.4:5051
I0119 20:00:52.000000  6753 master.cpp:1154] Sending register ACK to: overlay-agent@10.3.0.4:5051
I0119 20:00:53.000000  6751 master.cpp:5714] Received register agent message from slave(1)@10.3.0.4:5051 (10.3.0.4)
I0119 20:00:53.000000  6751 master.cpp:5867] Registering agent at slave(1)@10.3.0.4:5051 (10.3.0.4) with id dc25e219-b012-40eb-95d9-ca31cbacde13-S2
I0119 20:00:53.000000  6750 registrar.cpp:495] Applied 1 operations in 31301ns; attempting to update the registry
I0119 20:00:53.000000  6739 coordinator.cpp:348] Coordinator attempting to write APPEND action at position 7
I0119 20:00:53.000000  6749 replica.cpp:540] Replica received write request for position 7 from __req_res__(25)@192.168.255.5:5050
I0119 20:00:53.000000  6750 replica.cpp:694] Replica received learned notice for position 7 from log-network(2)@192.168.255.5:5050
I0119 20:00:53.000000  6748 coordinator.cpp:348] Coordinator attempting to write TRUNCATE action at position 8
I0119 20:00:53.000000  6747 registrar.cpp:552] Successfully updated the registry in 23.058176ms
I0119 20:00:53.000000  6750 replica.cpp:540] Replica received write request for position 8 from __req_res__(26)@192.168.255.5:5050
I0119 20:00:53.000000  6751 hierarchical.cpp:593] Added agent dc25e219-b012-40eb-95d9-ca31cbacde13-S2 (10.3.0.4) with ports:[1025-2180, 2182-3887, 3889-5049, 5052-8079, 8082-8180, 8182-32000]; disk:5750; cpus:2; mem:5932 (allocated: {})
I0119 20:00:53.000000  6748 master.cpp:5945] Registered agent dc25e219-b012-40eb-95d9-ca31cbacde13-S2 at slave(1)@10.3.0.4:5051 (10.3.0.4) with [{"name":"ports","ranges":{"range":[{"begin":1025,"end":2180},{"begin":2182,"end":3887},{"begin":3889,"end":5049},{"begin":5052,"end":8079},{"begin":8082,"end":8180},{"begin":8182,"end":32000}]},"type":"RANGES"},{"name":"disk","scalar":{"value":5750.0},"type":"SCALAR"},{"name":"cpus","scalar":{"value":2.0},"type":"SCALAR"},{"name":"mem","scalar":{"value":5932.0},"type":"SCALAR"}]
I0119 20:00:53.000000  6751 master.cpp:7662] Sending 1 offers to framework dc25e219-b012-40eb-95d9-ca31cbacde13-0000 (metronome) at scheduler-3c26ac1a-aa36-453b-9af9-5e1ea520de78@192.168.255.5:15201
I0119 20:00:53.000000  6753 replica.cpp:694] Replica received learned notice for position 8 from log-network(2)@192.168.255.5:5050
I0119 20:00:53.000000  6748 master.cpp:6683] Received update of agent dc25e219-b012-40eb-95d9-ca31cbacde13-S2 at slave(1)@10.3.0.4:5051 (10.3.0.4) with total oversubscribed resources {}
I0119 20:00:53.000000  6748 hierarchical.cpp:660] Agent dc25e219-b012-40eb-95d9-ca31cbacde13-S2 (10.3.0.4) updated with total resources ports:[1025-2180, 2182-3887, 3889-5049, 5052-8079, 8082-8180, 8182-32000]; disk:5750; cpus:2; mem:5932
I0119 20:00:53.000000  6740 master.cpp:5120] Processing DECLINE call for offers: [ dc25e219-b012-40eb-95d9-ca31cbacde13-O3 ] for framework dc25e219-b012-40eb-95d9-ca31cbacde13-0000 (metronome) at scheduler-3c26ac1a-aa36-453b-9af9-5e1ea520de78@192.168.255.5:15201
I0119 20:00:53.000000  6740 master.cpp:9159] Removing offer dc25e219-b012-40eb-95d9-ca31cbacde13-O3
I0119 20:00:54.000000  6753 http.cpp:1166] HTTP GET for /master/state-summary from 192.168.255.5:53828 with User-Agent='python-requests/2.10.0'
I0119 20:00:54.000000  6745 master.cpp:7662] Sending 1 offers to framework dc25e219-b012-40eb-95d9-ca31cbacde13-0001 (marathon) at scheduler-ec822827-855a-4a49-a3a3-f1a671c0c43e@192.168.255.5:15101
I0119 20:00:54.000000  6739 master.cpp:5120] Processing DECLINE call for offers: [ dc25e219-b012-40eb-95d9-ca31cbacde13-O4 ] for framework dc25e219-b012-40eb-95d9-ca31cbacde13-0001 (marathon) at scheduler-ec822827-855a-4a49-a3a3-f1a671c0c43e@192.168.255.5:15101
I0119 20:00:54.000000  6739 master.cpp:9159] Removing offer dc25e219-b012-40eb-95d9-ca31cbacde13-O4
I0119 20:00:54.000000  6750 master.cpp:3404] Processing SUPPRESS call for framework dc25e219-b012-40eb-95d9-ca31cbacde13-0001 (marathon) at scheduler-ec822827-855a-4a49-a3a3-f1a671c0c43e@192.168.255.5:15101
I0119 20:00:54.000000  6750 hierarchical.cpp:1255] Suppressed offers for roles { slave_public } of framework dc25e219-b012-40eb-95d9-ca31cbacde13-0001
I0119 20:00:55.000000  6747 http.cpp:1166] HTTP GET for /master/state from 10.2.0.5:45016 with User-Agent='Go-http-client/1.1'
I0119 20:00:56.000000  6751 http.cpp:1166] HTTP GET for /master/state-summary from 192.168.255.5:53842 with User-Agent='python-requests/2.10.0'
I0119 20:00:56.000000  6753 http.cpp:1166] HTTP GET for /master/state from 10.3.0.4:51596 with User-Agent='Go-http-client/1.1'
I0119 20:00:58.000000  6751 http.cpp:1166] HTTP GET for /master/state-summary from 192.168.255.5:53856 with User-Agent='python-requests/2.10.0'
I0119 20:00:59.000000  6740 http.cpp:1166] HTTP GET for /master/slaves from 192.168.255.5:53864 with User-Agent='Go-http-client/1.1'
I0119 20:00:59.000000  6748 http.cpp:1166] HTTP GET for /master/state from 10.2.0.4:39672 with User-Agent='Go-http-client/1.1'
I0119 20:00:59.000000  6746 http.cpp:1166] HTTP GET for /master/state from 10.2.0.5:45026 with User-Agent='Go-http-client/1.1'
I0119 20:00:59.000000  6749 http.cpp:1166] HTTP GET for /master/state from 192.168.255.5:53872 with User-Agent='Go-http-client/1.1'
I0119 20:00:59.000000  6750 http.cpp:1166] HTTP GET for /master/state from 10.3.0.4:51602 with User-Agent='Go-http-client/1.1'
I0119 20:01:00.000000  6752 http.cpp:1166] HTTP GET for /master/state-summary from 192.168.255.5:53874 with User-Agent='python-requests/2.10.0'
I0119 20:01:02.000000  6752 http.cpp:1166] HTTP GET for /master/state-summary from 192.168.255.5:53888 with User-Agent='python-requests/2.10.0'
I0119 20:01:03.000000  6749 http.cpp:1166] HTTP GET for /master/state.json from 192.168.255.5:53894 with User-Agent='Mesos-DNS'
I0119 20:01:04.000000  6739 http.cpp:1166] HTTP GET for /master/state-summary from 192.168.255.5:53898 with User-Agent='python-requests/2.10.0'
I0119 20:01:04.000000  6748 http.cpp:1166] HTTP GET for /master/state from 192.168.255.5:34039 with User-Agent='Mesos-State / Host: dcos-master-14267337-0, Pid: 6104'
I0119 20:01:06.000000  6749 http.cpp:1166] HTTP GET for /master/state-summary from 192.168.255.5:53912 with User-Agent='lua-resty-http/0.10 (Lua) ngx_lua/10005'
I0119 20:01:06.000000  6751 http.cpp:1166] HTTP GET for /master/state-summary from 192.168.255.5:53916 with User-Agent='python-requests/2.10.0'
I0119 20:01:08.000000  6743 http.cpp:1166] HTTP GET for /master/state-summary from 192.168.255.5:53930 with User-Agent='python-requests/2.10.0'
I0119 20:01:09.000000  6740 master.cpp:7341] Performing explicit task state reconciliation for 1 tasks of framework dc25e219-b012-40eb-95d9-ca31cbacde13-0001 (marathon) at scheduler-ec822827-855a-4a49-a3a3-f1a671c0c43e@192.168.255.5:15101
I0119 20:01:10.000000  6745 http.cpp:1166] HTTP GET for /master/state-summary from 192.168.255.5:53936 with User-Agent='python-requests/2.10.0'
I0119 20:01:12.000000  6740 http.cpp:1166] HTTP GET for /master/state-summary from 192.168.255.5:53950 with User-Agent='python-requests/2.10.0'
I0119 20:01:14.000000  6740 http.cpp:1166] HTTP GET for /master/state-summary from 192.168.255.5:53964 with User-Agent='python-requests/2.10.0'
I0119 20:01:16.000000  6753 http.cpp:1166] HTTP GET for /master/state-summary from 192.168.255.5:53970 with User-Agent='python-requests/2.10.0'
I0119 20:01:18.000000  6747 http.cpp:1166] HTTP GET for /master/state-summary from 192.168.255.5:53984 with User-Agent='python-requests/2.10.0'
I0119 20:01:20.000000  6738 http.cpp:1166] HTTP GET for /master/state-summary from 192.168.255.5:53998 with User-Agent='python-requests/2.10.0'
I0119 20:01:22.000000  6746 http.cpp:1166] HTTP GET for /master/state-summary from 192.168.255.5:54006 with User-Agent='python-requests/2.10.0'
I0119 20:01:24.000000  6749 http.cpp:1166] HTTP GET for /master/state-summary from 192.168.255.5:54020 with User-Agent='python-requests/2.10.0'
I0119 20:01:24.000000  6741 master.cpp:7341] Performing explicit task state reconciliation for 1 tasks of framework dc25e219-b012-40eb-95d9-ca31cbacde13-0001 (marathon) at scheduler-ec822827-855a-4a49-a3a3-f1a671c0c43e@192.168.255.5:15101
I0119 20:01:26.000000  6746 http.cpp:1166] HTTP GET for /master/state-summary from 192.168.255.5:54034 with User-Agent='python-requests/2.10.0'
I0119 20:01:28.000000  6741 http.cpp:1166] HTTP GET for /master/state-summary from 192.168.255.5:54040 with User-Agent='python-requests/2.10.0'
I0119 20:01:30.000000  6752 http.cpp:1166] HTTP GET for /master/state-summary from 192.168.255.5:54054 with User-Agent='python-requests/2.10.0'
I0119 20:01:31.000000  6750 http.cpp:1166] HTTP GET for /master/state-summary from 192.168.255.5:54060 with User-Agent='lua-resty-http/0.10 (Lua) ngx_lua/10005'
I0119 20:01:32.000000  6752 http.cpp:1166] HTTP GET for /master/state-summary from 192.168.255.5:54070 with User-Agent='python-requests/2.10.0'
I0119 20:01:33.000000  6744 http.cpp:1166] HTTP GET for /master/state.json from 192.168.255.5:54078 with User-Agent='Mesos-DNS'
I0119 20:01:34.000000  6748 http.cpp:1166] HTTP GET for /master/state-summary from 192.168.255.5:54080 with User-Agent='python-requests/2.10.0'
I0119 20:01:34.000000  6748 http.cpp:1166] HTTP GET for /master/state from 192.168.255.5:34039 with User-Agent='Mesos-State / Host: dcos-master-14267337-0, Pid: 6104'
I0119 20:01:36.000000  6744 http.cpp:1166] HTTP GET for /master/state-summary from 192.168.255.5:54094 with User-Agent='python-requests/2.10.0'
I0119 20:01:38.000000  6753 http.cpp:1166] HTTP GET for /master/state-summary from 192.168.255.5:54100 with User-Agent='python-requests/2.10.0'
I0119 20:01:39.000000  6752 master.cpp:7341] Performing explicit task state reconciliation for 1 tasks of framework dc25e219-b012-40eb-95d9-ca31cbacde13-0001 (marathon) at scheduler-ec822827-855a-4a49-a3a3-f1a671c0c43e@192.168.255.5:15101
I0119 20:01:40.000000  6738 http.cpp:1166] HTTP GET for /master/state-summary from 192.168.255.5:54114 with User-Agent='python-requests/2.10.0'
I0119 20:01:42.000000  6753 http.cpp:1166] HTTP GET for /master/state-summary from 192.168.255.5:54128 with User-Agent='python-requests/2.10.0'
I0119 20:01:44.000000  6752 http.cpp:1166] HTTP GET for /master/state-summary from 192.168.255.5:54134 with User-Agent='python-requests/2.10.0'
I0119 20:01:46.000000  6739 http.cpp:1166] HTTP GET for /master/state-summary from 192.168.255.5:54148 with User-Agent='python-requests/2.10.0'
I0119 20:01:48.000000  6748 http.cpp:1166] HTTP GET for /master/state-summary from 192.168.255.5:54162 with User-Agent='python-requests/2.10.0'
I0119 20:01:50.000000  6743 http.cpp:1166] HTTP GET for /master/state-summary from 192.168.255.5:54168 with User-Agent='python-requests/2.10.0'
I0119 20:01:52.000000  6753 http.cpp:1166] HTTP GET for /master/state-summary from 192.168.255.5:54182 with User-Agent='python-requests/2.10.0'
I0119 20:01:54.000000  6747 http.cpp:1166] HTTP GET for /master/state-summary from 192.168.255.5:54196 with User-Agent='python-requests/2.10.0'
I0119 20:01:54.000000  6745 master.cpp:7341] Performing explicit task state reconciliation for 1 tasks of framework dc25e219-b012-40eb-95d9-ca31cbacde13-0001 (marathon) at scheduler-ec822827-855a-4a49-a3a3-f1a671c0c43e@192.168.255.5:15101
I0119 20:01:56.000000  6753 http.cpp:1166] HTTP GET for /master/state-summary from 192.168.255.5:54060 with User-Agent='lua-resty-http/0.10 (Lua) ngx_lua/10005'
I0119 20:01:56.000000  6738 http.cpp:1166] HTTP GET for /master/state-summary from 192.168.255.5:54202 with User-Agent='python-requests/2.10.0'
I0119 20:01:58.000000  6745 http.cpp:1166] HTTP GET for /master/state-summary from 192.168.255.5:54216 with User-Agent='python-requests/2.10.0'
I0119 20:01:59.000000  6743 http.cpp:1166] HTTP GET for /master/slaves from 192.168.255.5:53864 with User-Agent='Go-http-client/1.1'
I0119 20:02:00.000000  6741 http.cpp:1166] HTTP GET for /master/state-summary from 192.168.255.5:54232 with User-Agent='python-requests/2.10.0'
I0119 20:02:02.000000  6750 http.cpp:1166] HTTP GET for /master/state-summary from 192.168.255.5:54238 with User-Agent='python-requests/2.10.0'
I0119 20:02:03.000000  6742 http.cpp:1166] HTTP GET for /master/state.json from 192.168.255.5:54252 with User-Agent='Mesos-DNS'
I0119 20:02:04.000000  6745 http.cpp:1166] HTTP GET for /master/state-summary from 192.168.255.5:54254 with User-Agent='python-requests/2.10.0'
I0119 20:02:04.000000  6748 http.cpp:1166] HTTP GET for /master/state from 192.168.255.5:34039 with User-Agent='Mesos-State / Host: dcos-master-14267337-0, Pid: 6104'
I0119 20:02:06.000000  6740 http.cpp:1166] HTTP GET for /master/state-summary from 192.168.255.5:54268 with User-Agent='python-requests/2.10.0'
I0119 20:02:08.000000  6745 http.cpp:1166] HTTP GET for /master/state-summary from 192.168.255.5:54274 with User-Agent='python-requests/2.10.0'
I0119 20:02:09.000000  6743 master.cpp:7341] Performing explicit task state reconciliation for 1 tasks of framework dc25e219-b012-40eb-95d9-ca31cbacde13-0001 (marathon) at scheduler-ec822827-855a-4a49-a3a3-f1a671c0c43e@192.168.255.5:15101
I0119 20:02:10.000000  6741 http.cpp:1166] HTTP GET for /master/state-summary from 192.168.255.5:54288 with User-Agent='python-requests/2.10.0'
I0119 20:02:12.000000  6744 http.cpp:1166] HTTP GET for /master/state-summary from 192.168.255.5:54302 with User-Agent='python-requests/2.10.0'
I0119 20:02:14.000000  6738 http.cpp:1166] HTTP GET for /master/state-summary from 192.168.255.5:54308 with User-Agent='python-requests/2.10.0'
I0119 20:02:16.000000  6742 http.cpp:1166] HTTP GET for /master/state-summary from 192.168.255.5:54322 with User-Agent='python-requests/2.10.0'
I0119 20:02:18.000000  6741 http.cpp:1166] HTTP GET for /master/state-summary from 192.168.255.5:54336 with User-Agent='python-requests/2.10.0'
I0119 20:02:20.000000  6750 http.cpp:1166] HTTP GET for /master/state-summary from 192.168.255.5:54342 with User-Agent='python-requests/2.10.0'
I0119 20:02:21.000000  6753 http.cpp:1166] HTTP GET for /master/state-summary from 192.168.255.5:54060 with User-Agent='lua-resty-http/0.10 (Lua) ngx_lua/10005'
I0119 20:02:22.000000  6743 http.cpp:1166] HTTP GET for /master/state-summary from 192.168.255.5:54356 with User-Agent='python-requests/2.10.0'
I0119 20:02:24.000000  6745 http.cpp:1166] HTTP GET for /master/state-summary from 192.168.255.5:54362 with User-Agent='python-requests/2.10.0'
I0119 20:02:24.000000  6749 master.cpp:7341] Performing explicit task state reconciliation for 1 tasks of framework dc25e219-b012-40eb-95d9-ca31cbacde13-0001 (marathon) at scheduler-ec822827-855a-4a49-a3a3-f1a671c0c43e@192.168.255.5:15101
I0119 20:02:26.000000  6750 http.cpp:1166] HTTP GET for /master/state-summary from 192.168.255.5:54376 with User-Agent='python-requests/2.10.0'
I0119 20:02:28.000000  6744 http.cpp:1166] HTTP GET for /master/state-summary from 192.168.255.5:54390 with User-Agent='python-requests/2.10.0'
I0119 20:02:30.000000  6741 http.cpp:1166] HTTP GET for /master/state-summary from 192.168.255.5:54396 with User-Agent='python-requests/2.10.0'
I0119 20:02:32.000000  6744 http.cpp:1166] HTTP GET for /master/state-summary from 192.168.255.5:54410 with User-Agent='python-requests/2.10.0'
I0119 20:02:33.000000  6739 http.cpp:1166] HTTP GET for /master/state.json from 192.168.255.5:54416 with User-Agent='Mesos-DNS'
I0119 20:02:34.000000  6748 http.cpp:1166] HTTP GET for /master/state from 192.168.255.5:34039 with User-Agent='Mesos-State / Host: dcos-master-14267337-0, Pid: 6104'
I0119 20:02:34.000000  6750 http.cpp:1166] HTTP GET for /master/state-summary from 192.168.255.5:54426 with User-Agent='python-requests/2.10.0'
I0119 20:02:36.000000  6753 http.cpp:1166] HTTP GET for /master/state-summary from 192.168.255.5:54432 with User-Agent='python-requests/2.10.0'
I0119 20:02:38.000000  6744 http.cpp:1166] HTTP GET for /master/state-summary from 192.168.255.5:54446 with User-Agent='python-requests/2.10.0'
I0119 20:02:39.000000  6738 master.cpp:7341] Performing explicit task state reconciliation for 1 tasks of framework dc25e219-b012-40eb-95d9-ca31cbacde13-0001 (marathon) at scheduler-ec822827-855a-4a49-a3a3-f1a671c0c43e@192.168.255.5:15101
I0119 20:02:40.000000  6748 http.cpp:1166] HTTP GET for /master/state-summary from 192.168.255.5:54460 with User-Agent='python-requests/2.10.0'
I0119 20:02:42.000000  6744 http.cpp:1166] HTTP GET for /master/state-summary from 192.168.255.5:54466 with User-Agent='python-requests/2.10.0'
I0119 20:02:44.000000  6745 http.cpp:1166] HTTP GET for /master/state-summary from 192.168.255.5:54480 with User-Agent='python-requests/2.10.0'
I0119 20:02:46.000000  6745 http.cpp:1166] HTTP GET for /master/state-summary from 192.168.255.5:54060 with User-Agent='lua-resty-http/0.10 (Lua) ngx_lua/10005'
I0119 20:02:46.000000  6748 http.cpp:1166] HTTP GET for /master/state-summary from 192.168.255.5:54494 with User-Agent='python-requests/2.10.0'
I0119 20:02:48.000000  6746 http.cpp:1166] HTTP GET for /master/state-summary from 192.168.255.5:54500 with User-Agent='python-requests/2.10.0'
I0119 20:02:50.000000  6740 http.cpp:1166] HTTP GET for /master/state-summary from 192.168.255.5:54514 with User-Agent='python-requests/2.10.0'
I0119 20:02:52.000000  6742 http.cpp:1166] HTTP GET for /master/state-summary from 192.168.255.5:54528 with User-Agent='python-requests/2.10.0'
I0119 20:02:54.000000  6742 master.cpp:7662] Sending 1 offers to framework dc25e219-b012-40eb-95d9-ca31cbacde13-0000 (metronome) at scheduler-3c26ac1a-aa36-453b-9af9-5e1ea520de78@192.168.255.5:15201
I0119 20:02:54.000000  6743 master.cpp:5120] Processing DECLINE call for offers: [ dc25e219-b012-40eb-95d9-ca31cbacde13-O5 ] for framework dc25e219-b012-40eb-95d9-ca31cbacde13-0000 (metronome) at scheduler-3c26ac1a-aa36-453b-9af9-5e1ea520de78@192.168.255.5:15201
I0119 20:02:54.000000  6743 master.cpp:9159] Removing offer dc25e219-b012-40eb-95d9-ca31cbacde13-O5
I0119 20:02:54.000000  6746 http.cpp:1166] HTTP GET for /master/state-summary from 192.168.255.5:54534 with User-Agent='python-requests/2.10.0'
