I0119 20:12:27.000000  6743 master.cpp:7341] Performing explicit task state reconciliation for 1 tasks of framework dc25e219-b012-40eb-95d9-ca31cbacde13-0001 (marathon) at scheduler-ec822827-855a-4a49-a3a3-f1a671c0c43e@192.168.255.5:15101
I0119 20:12:28.000000  6752 http.cpp:1166] HTTP GET for /master/state-summary from 192.168.255.5:57862 with User-Agent='python-requests/2.10.0'
I0119 20:12:30.000000  6742 http.cpp:1166] HTTP GET for /master/state-summary from 192.168.255.5:57876 with User-Agent='python-requests/2.10.0'
I0119 20:12:32.000000  6740 http.cpp:1166] HTTP GET for /master/state-summary from 192.168.255.5:57882 with User-Agent='python-requests/2.10.0'
I0119 20:12:33.000000  6751 http.cpp:1166] HTTP GET for /master/state.json from 192.168.255.5:57892 with User-Agent='Mesos-DNS'
I0119 20:12:34.000000  6746 http.cpp:1166] HTTP GET for /master/state-summary from 192.168.255.5:57898 with User-Agent='python-requests/2.10.0'
I0119 20:12:34.000000  6749 http.cpp:1166] HTTP GET for /master/state from 192.168.255.5:34039 with User-Agent='Mesos-State / Host: dcos-master-14267337-0, Pid: 6104'
I0119 20:12:36.000000  6747 http.cpp:1166] HTTP GET for /master/state-summary from 192.168.255.5:57912 with User-Agent='python-requests/2.10.0'
I0119 20:12:38.000000  6739 http.cpp:1166] HTTP GET for /master/state-summary from 192.168.255.5:57918 with User-Agent='python-requests/2.10.0'
I0119 20:12:40.000000  6739 http.cpp:1166] HTTP GET for /master/state-summary from 192.168.255.5:57932 with User-Agent='python-requests/2.10.0'
I0119 20:12:42.000000  6742 master.cpp:7341] Performing explicit task state reconciliation for 1 tasks of framework dc25e219-b012-40eb-95d9-ca31cbacde13-0001 (marathon) at scheduler-ec822827-855a-4a49-a3a3-f1a671c0c43e@192.168.255.5:15101
I0119 20:12:42.000000  6753 http.cpp:1166] HTTP GET for /master/state-summary from 192.168.255.5:57946 with User-Agent='python-requests/2.10.0'
I0119 20:12:44.000000  6746 http.cpp:1166] HTTP GET for /master/state-summary from 192.168.255.5:57952 with User-Agent='python-requests/2.10.0'
I0119 20:12:46.000000  6753 http.cpp:1166] HTTP GET for /master/state-summary from 192.168.255.5:55348 with User-Agent='lua-resty-http/0.10 (Lua) ngx_lua/10005'
I0119 20:12:46.000000  6748 http.cpp:1166] HTTP GET for /master/state-summary from 192.168.255.5:57966 with User-Agent='python-requests/2.10.0'
I0119 20:12:48.000000  6748 http.cpp:1166] HTTP GET for /master/state-summary from 192.168.255.5:57974 with User-Agent='python-requests/2.10.0'
I0119 20:12:50.000000  6753 http.cpp:1166] HTTP GET for /master/state-summary from 192.168.255.5:57986 with User-Agent='python-requests/2.10.0'
I0119 20:12:52.000000  6752 http.cpp:1166] HTTP GET for /master/state-summary from 192.168.255.5:58000 with User-Agent='python-requests/2.10.0'
I0119 20:12:54.000000  6743 http.cpp:1166] HTTP GET for /master/state-summary from 192.168.255.5:58006 with User-Agent='python-requests/2.10.0'
I0119 20:12:55.000000  6742 master.cpp:7662] Sending 1 offers to framework dc25e219-b012-40eb-95d9-ca31cbacde13-0000 (metronome) at scheduler-3c26ac1a-aa36-453b-9af9-5e1ea520de78@192.168.255.5:15201
I0119 20:12:55.000000  6738 master.cpp:5120] Processing DECLINE call for offers: [ dc25e219-b012-40eb-95d9-ca31cbacde13-O19 ] for framework dc25e219-b012-40eb-95d9-ca31cbacde13-0000 (metronome) at scheduler-3c26ac1a-aa36-453b-9af9-5e1ea520de78@192.168.255.5:15201
I0119 20:12:55.000000  6738 master.cpp:9159] Removing offer dc25e219-b012-40eb-95d9-ca31cbacde13-O19
I0119 20:12:56.000000  6749 http.cpp:1166] HTTP GET for /master/state-summary from 192.168.255.5:58020 with User-Agent='python-requests/2.10.0'
I0119 20:12:57.000000  6751 master.cpp:7341] Performing explicit task state reconciliation for 1 tasks of framework dc25e219-b012-40eb-95d9-ca31cbacde13-0001 (marathon) at scheduler-ec822827-855a-4a49-a3a3-f1a671c0c43e@192.168.255.5:15101
I0119 20:12:58.000000  6739 http.cpp:1166] HTTP GET for /master/state-summary from 192.168.255.5:58034 with User-Agent='python-requests/2.10.0'
I0119 20:13:00.000000  6751 http.cpp:1166] HTTP GET for /master/state-summary from 192.168.255.5:58040 with User-Agent='python-requests/2.10.0'
I0119 20:13:02.000000  6745 http.cpp:1166] HTTP GET for /master/state-summary from 192.168.255.5:58054 with User-Agent='python-requests/2.10.0'
I0119 20:13:03.000000  6748 http.cpp:1166] HTTP GET for /master/state.json from 192.168.255.5:58056 with User-Agent='Mesos-DNS'
I0119 20:13:04.000000  6745 http.cpp:1166] HTTP GET for /master/state-summary from 192.168.255.5:58070 with User-Agent='python-requests/2.10.0'
I0119 20:13:04.000000  6739 http.cpp:1166] HTTP GET for /master/state from 192.168.255.5:34039 with User-Agent='Mesos-State / Host: dcos-master-14267337-0, Pid: 6104'
I0119 20:13:06.000000  6742 http.cpp:1166] HTTP GET for /master/state-summary from 192.168.255.5:58076 with User-Agent='python-requests/2.10.0'
I0119 20:13:08.000000  6749 http.cpp:1166] HTTP GET for /master/state-summary from 192.168.255.5:58090 with User-Agent='python-requests/2.10.0'
I0119 20:13:10.000000  6752 http.cpp:1166] HTTP GET for /master/state-summary from 192.168.255.5:58096 with User-Agent='python-requests/2.10.0'
I0119 20:13:11.000000  6741 http.cpp:1166] HTTP GET for /master/state-summary from 192.168.255.5:55348 with User-Agent='lua-resty-http/0.10 (Lua) ngx_lua/10005'
I0119 20:13:12.000000  6746 master.cpp:7341] Performing explicit task state reconciliation for 1 tasks of framework dc25e219-b012-40eb-95d9-ca31cbacde13-0001 (marathon) at scheduler-ec822827-855a-4a49-a3a3-f1a671c0c43e@192.168.255.5:15101
I0119 20:13:12.000000  6753 http.cpp:1166] HTTP GET for /master/state-summary from 192.168.255.5:58110 with User-Agent='python-requests/2.10.0'
I0119 20:13:14.000000  6745 http.cpp:1166] HTTP GET for /master/state-summary from 192.168.255.5:58124 with User-Agent='python-requests/2.10.0'
I0119 20:13:16.000000  6749 http.cpp:1166] HTTP GET for /master/state-summary from 192.168.255.5:58130 with User-Agent='python-requests/2.10.0'
I0119 20:13:18.000000  6749 http.cpp:1166] HTTP GET for /master/state-summary from 192.168.255.5:58144 with User-Agent='python-requests/2.10.0'
I0119 20:13:20.000000  6753 http.cpp:1166] HTTP GET for /master/state-summary from 192.168.255.5:58158 with User-Agent='python-requests/2.10.0'
I0119 20:13:22.000000  6748 http.cpp:1166] HTTP GET for /master/state-summary from 192.168.255.5:58164 with User-Agent='python-requests/2.10.0'
I0119 20:13:24.000000  6750 http.cpp:1166] HTTP GET for /master/state-summary from 192.168.255.5:58178 with User-Agent='python-requests/2.10.0'
I0119 20:13:26.000000  6749 http.cpp:1166] HTTP GET for /master/slaves from 192.168.255.5:53864 with User-Agent='Go-http-client/1.1'
I0119 20:13:26.000000  6748 http.cpp:1166] HTTP GET for /master/state-summary from 192.168.255.5:58198 with User-Agent='python-requests/2.10.0'
I0119 20:13:27.000000  6750 master.cpp:7341] Performing explicit task state reconciliation for 1 tasks of framework dc25e219-b012-40eb-95d9-ca31cbacde13-0001 (marathon) at scheduler-ec822827-855a-4a49-a3a3-f1a671c0c43e@192.168.255.5:15101
I0119 20:13:28.000000  6751 http.cpp:1166] HTTP GET for /master/state-summary from 192.168.255.5:58204 with User-Agent='python-requests/2.10.0'
I0119 20:13:29.000000  6739 master.cpp:7662] Sending 1 offers to framework dc25e219-b012-40eb-95d9-ca31cbacde13-0000 (metronome) at scheduler-3c26ac1a-aa36-453b-9af9-5e1ea520de78@192.168.255.5:15201
I0119 20:13:29.000000  6742 master.cpp:5120] Processing DECLINE call for offers: [ dc25e219-b012-40eb-95d9-ca31cbacde13-O20 ] for framework dc25e219-b012-40eb-95d9-ca31cbacde13-0000 (metronome) at scheduler-3c26ac1a-aa36-453b-9af9-5e1ea520de78@192.168.255.5:15201
I0119 20:13:29.000000  6742 master.cpp:9159] Removing offer dc25e219-b012-40eb-95d9-ca31cbacde13-O20
I0119 20:13:30.000000  6743 http.cpp:1166] HTTP GET for /master/state-summary from 192.168.255.5:58218 with User-Agent='python-requests/2.10.0'
I0119 20:13:32.000000  6747 http.cpp:1166] HTTP GET for /master/state-summary from 192.168.255.5:58224 with User-Agent='python-requests/2.10.0'
I0119 20:13:33.000000  6741 http.cpp:1166] HTTP GET for /master/state.json from 192.168.255.5:58234 with User-Agent='Mesos-DNS'
I0119 20:13:34.000000  6750 http.cpp:1166] HTTP GET for /master/state-summary from 192.168.255.5:58240 with User-Agent='python-requests/2.10.0'
I0119 20:13:34.000000  6751 http.cpp:1166] HTTP GET for /master/state from 192.168.255.5:34039 with User-Agent='Mesos-State / Host: dcos-master-14267337-0, Pid: 6104'
I0119 20:13:36.000000  6747 http.cpp:1166] HTTP GET for /master/state-summary from 192.168.255.5:55348 with User-Agent='lua-resty-http/0.10 (Lua) ngx_lua/10005'
I0119 20:13:36.000000  6743 http.cpp:1166] HTTP GET for /master/state-summary from 192.168.255.5:58254 with User-Agent='python-requests/2.10.0'
I0119 20:13:38.000000  6749 http.cpp:1166] HTTP GET for /master/state-summary from 192.168.255.5:58260 with User-Agent='python-requests/2.10.0'
I0119 20:13:40.000000  6743 http.cpp:1166] HTTP GET for /master/state-summary from 192.168.255.5:58274 with User-Agent='python-requests/2.10.0'
I0119 20:13:42.000000  6744 master.cpp:7341] Performing explicit task state reconciliation for 1 tasks of framework dc25e219-b012-40eb-95d9-ca31cbacde13-0001 (marathon) at scheduler-ec822827-855a-4a49-a3a3-f1a671c0c43e@192.168.255.5:15101
I0119 20:13:42.000000  6742 http.cpp:1166] HTTP GET for /master/state-summary from 192.168.255.5:58288 with User-Agent='python-requests/2.10.0'
I0119 20:13:44.000000  6746 http.cpp:1166] HTTP GET for /master/state-summary from 192.168.255.5:58294 with User-Agent='python-requests/2.10.0'
I0119 20:13:46.000000  6738 http.cpp:1166] HTTP GET for /master/state-summary from 192.168.255.5:58308 with User-Agent='python-requests/2.10.0'
I0119 20:13:48.000000  6745 http.cpp:1166] HTTP GET for /master/state-summary from 192.168.255.5:58322 with User-Agent='python-requests/2.10.0'
I0119 20:13:50.000000  6742 http.cpp:1166] HTTP GET for /master/state-summary from 192.168.255.5:58328 with User-Agent='python-requests/2.10.0'
I0119 20:13:53.000000  6744 http.cpp:1166] HTTP GET for /master/state-summary from 192.168.255.5:58342 with User-Agent='python-requests/2.10.0'
I0119 20:13:55.000000  6741 http.cpp:1166] HTTP GET for /master/state-summary from 192.168.255.5:58356 with User-Agent='python-requests/2.10.0'
I0119 20:13:57.000000  6738 http.cpp:1166] HTTP GET for /master/state-summary from 192.168.255.5:58362 with User-Agent='python-requests/2.10.0'
I0119 20:13:57.000000  6748 master.cpp:7341] Performing explicit task state reconciliation for 1 tasks of framework dc25e219-b012-40eb-95d9-ca31cbacde13-0001 (marathon) at scheduler-ec822827-855a-4a49-a3a3-f1a671c0c43e@192.168.255.5:15101
I0119 20:13:59.000000  6752 http.cpp:1166] HTTP GET for /master/state-summary from 192.168.255.5:58376 with User-Agent='python-requests/2.10.0'
I0119 20:14:01.000000  6743 http.cpp:1166] HTTP GET for /master/state-summary from 192.168.255.5:58390 with User-Agent='python-requests/2.10.0'
I0119 20:14:01.000000  6745 http.cpp:1166] HTTP GET for /master/state-summary from 192.168.255.5:55348 with User-Agent='lua-resty-http/0.10 (Lua) ngx_lua/10005'
I0119 20:14:03.000000  6744 http.cpp:1166] HTTP GET for /master/state-summary from 192.168.255.5:58396 with User-Agent='python-requests/2.10.0'
I0119 20:14:03.000000  6753 http.cpp:1166] HTTP GET for /master/state.json from 192.168.255.5:58398 with User-Agent='Mesos-DNS'
I0119 20:14:04.000000  6746 http.cpp:1166] HTTP GET for /master/state from 192.168.255.5:34039 with User-Agent='Mesos-State / Host: dcos-master-14267337-0, Pid: 6104'
I0119 20:14:05.000000  6739 http.cpp:1166] HTTP GET for /master/state-summary from 192.168.255.5:58412 with User-Agent='python-requests/2.10.0'
I0119 20:14:07.000000  6746 http.cpp:1166] HTTP GET for /master/state-summary from 192.168.255.5:58426 with User-Agent='python-requests/2.10.0'
I0119 20:14:09.000000  6739 http.cpp:1166] HTTP GET for /master/state-summary from 192.168.255.5:58432 with User-Agent='python-requests/2.10.0'
I0119 20:14:11.000000  6740 http.cpp:1166] HTTP GET for /master/state-summary from 192.168.255.5:58446 with User-Agent='python-requests/2.10.0'
I0119 20:14:12.000000  6749 master.cpp:7341] Performing explicit task state reconciliation for 1 tasks of framework dc25e219-b012-40eb-95d9-ca31cbacde13-0001 (marathon) at scheduler-ec822827-855a-4a49-a3a3-f1a671c0c43e@192.168.255.5:15101
I0119 20:14:13.000000  6743 http.cpp:1166] HTTP GET for /master/state-summary from 192.168.255.5:58452 with User-Agent='python-requests/2.10.0'
I0119 20:14:15.000000  6748 http.cpp:1166] HTTP GET for /master/state-summary from 192.168.255.5:58466 with User-Agent='python-requests/2.10.0'
I0119 20:14:17.000000  6740 http.cpp:1166] HTTP GET for /master/state-summary from 192.168.255.5:58480 with User-Agent='python-requests/2.10.0'
I0119 20:14:19.000000  6747 http.cpp:1166] HTTP GET for /master/state-summary from 192.168.255.5:58486 with User-Agent='python-requests/2.10.0'
I0119 20:14:21.000000  6749 http.cpp:1166] HTTP GET for /master/state-summary from 192.168.255.5:58500 with User-Agent='python-requests/2.10.0'
I0119 20:14:23.000000  6753 http.cpp:1166] HTTP GET for /master/state-summary from 192.168.255.5:58514 with User-Agent='python-requests/2.10.0'
I0119 20:14:25.000000  6752 http.cpp:1166] HTTP GET for /master/state-summary from 192.168.255.5:58520 with User-Agent='python-requests/2.10.0'
I0119 20:14:26.000000  6752 http.cpp:1166] HTTP GET for /master/state-summary from 192.168.255.5:55348 with User-Agent='lua-resty-http/0.10 (Lua) ngx_lua/10005'
I0119 20:14:27.000000  6752 http.cpp:1166] HTTP GET for /master/state-summary from 192.168.255.5:58534 with User-Agent='python-requests/2.10.0'
I0119 20:14:27.000000  6742 master.cpp:7341] Performing explicit task state reconciliation for 1 tasks of framework dc25e219-b012-40eb-95d9-ca31cbacde13-0001 (marathon) at scheduler-ec822827-855a-4a49-a3a3-f1a671c0c43e@192.168.255.5:15101
I0119 20:14:29.000000  6745 http.cpp:1166] HTTP GET for /master/state-summary from 192.168.255.5:58548 with User-Agent='python-requests/2.10.0'
I0119 20:14:29.000000  6746 http.cpp:1166] HTTP GET for /master/slaves from 192.168.255.5:53864 with User-Agent='Go-http-client/1.1'
I0119 20:14:31.000000  6739 http.cpp:1166] HTTP GET for /master/state-summary from 192.168.255.5:58560 with User-Agent='python-requests/2.10.0'
I0119 20:14:33.000000  6752 http.cpp:1166] HTTP GET for /master/state-summary from 192.168.255.5:58574 with User-Agent='python-requests/2.10.0'
I0119 20:14:33.000000  6753 http.cpp:1166] HTTP GET for /master/state.json from 192.168.255.5:58576 with User-Agent='Mesos-DNS'
I0119 20:14:34.000000  6753 http.cpp:1166] HTTP GET for /master/state from 192.168.255.5:34039 with User-Agent='Mesos-State / Host: dcos-master-14267337-0, Pid: 6104'
I0119 20:14:35.000000  6752 http.cpp:1166] HTTP GET for /master/state-summary from 192.168.255.5:58590 with User-Agent='python-requests/2.10.0'
I0119 20:14:37.000000  6752 http.cpp:1166] HTTP GET for /master/state-summary from 192.168.255.5:58596 with User-Agent='python-requests/2.10.0'
I0119 20:14:39.000000  6748 http.cpp:1166] HTTP GET for /master/state-summary from 192.168.255.5:58610 with User-Agent='python-requests/2.10.0'
I0119 20:14:41.000000  6752 http.cpp:1166] HTTP GET for /master/state-summary from 192.168.255.5:58624 with User-Agent='python-requests/2.10.0'
I0119 20:14:42.000000  6739 master.cpp:7341] Performing explicit task state reconciliation for 1 tasks of framework dc25e219-b012-40eb-95d9-ca31cbacde13-0001 (marathon) at scheduler-ec822827-855a-4a49-a3a3-f1a671c0c43e@192.168.255.5:15101
I0119 20:14:43.000000  6748 http.cpp:1166] HTTP GET for /master/state-summary from 192.168.255.5:58630 with User-Agent='python-requests/2.10.0'
I0119 20:14:45.000000  6749 http.cpp:1166] HTTP GET for /master/state-summary from 192.168.255.5:58644 with User-Agent='python-requests/2.10.0'
I0119 20:14:47.000000  6743 http.cpp:1166] HTTP GET for /master/state-summary from 192.168.255.5:58658 with User-Agent='python-requests/2.10.0'
I0119 20:14:49.000000  6747 http.cpp:1166] HTTP GET for /master/state-summary from 192.168.255.5:58664 with User-Agent='python-requests/2.10.0'
I0119 20:14:51.000000  6745 http.cpp:1166] HTTP GET for /master/state-summary from 192.168.255.5:58678 with User-Agent='python-requests/2.10.0'
I0119 20:14:51.000000  6746 http.cpp:1166] HTTP GET for /master/state-summary from 192.168.255.5:55348 with User-Agent='lua-resty-http/0.10 (Lua) ngx_lua/10005'
I0119 20:14:53.000000  6750 http.cpp:1166] HTTP GET for /master/state-summary from 192.168.255.5:58692 with User-Agent='python-requests/2.10.0'
I0119 20:14:55.000000  6738 http.cpp:1166] HTTP GET for /master/state-summary from 192.168.255.5:58698 with User-Agent='python-requests/2.10.0'
I0119 20:14:55.000000  6745 master.cpp:7662] Sending 1 offers to framework dc25e219-b012-40eb-95d9-ca31cbacde13-0000 (metronome) at scheduler-3c26ac1a-aa36-453b-9af9-5e1ea520de78@192.168.255.5:15201
I0119 20:14:55.000000  6741 master.cpp:5120] Processing DECLINE call for offers: [ dc25e219-b012-40eb-95d9-ca31cbacde13-O21 ] for framework dc25e219-b012-40eb-95d9-ca31cbacde13-0000 (metronome) at scheduler-3c26ac1a-aa36-453b-9af9-5e1ea520de78@192.168.255.5:15201
I0119 20:14:55.000000  6741 master.cpp:9159] Removing offer dc25e219-b012-40eb-95d9-ca31cbacde13-O21
I0119 20:14:57.000000  6745 http.cpp:1166] HTTP GET for /master/state-summary from 192.168.255.5:58712 with User-Agent='python-requests/2.10.0'
I0119 20:14:57.000000  6744 master.cpp:7341] Performing explicit task state reconciliation for 1 tasks of framework dc25e219-b012-40eb-95d9-ca31cbacde13-0001 (marathon) at scheduler-ec822827-855a-4a49-a3a3-f1a671c0c43e@192.168.255.5:15101
I0119 20:14:59.000000  6752 http.cpp:1166] HTTP GET for /master/state-summary from 192.168.255.5:58718 with User-Agent='python-requests/2.10.0'
I0119 20:15:01.000000  6743 http.cpp:1166] HTTP GET for /master/state-summary from 192.168.255.5:58732 with User-Agent='python-requests/2.10.0'
I0119 20:15:03.000000  6746 http.cpp:1166] HTTP GET for /master/state.json from 192.168.255.5:58746 with User-Agent='Mesos-DNS'
I0119 20:15:03.000000  6741 http.cpp:1166] HTTP GET for /master/state-summary from 192.168.255.5:58748 with User-Agent='python-requests/2.10.0'
I0119 20:15:03.000000  6750 master.cpp:8713] Removing agent dc25e219-b012-40eb-95d9-ca31cbacde13-S6 at slave(1)@10.0.0.5:5051 (14267acs000001.wpglhdhu2yfudgoh0ji4xwfika.xx.internal.cloudapp.net): the agent unregistered
I0119 20:15:03.000000  6750 registrar.cpp:495] Applied 1 operations in 56303ns; attempting to update the registry
I0119 20:15:03.000000  6743 coordinator.cpp:348] Coordinator attempting to write APPEND action at position 19
I0119 20:15:03.000000  6752 replica.cpp:540] Replica received write request for position 19 from __req_res__(37)@192.168.255.5:5050
I0119 20:15:03.000000  6750 replica.cpp:694] Replica received learned notice for position 19 from log-network(2)@192.168.255.5:5050
I0119 20:15:03.000000  6753 registrar.cpp:552] Successfully updated the registry in 29.634816ms
I0119 20:15:03.000000  6751 coordinator.cpp:348] Coordinator attempting to write TRUNCATE action at position 20
I0119 20:15:03.000000  6753 master.cpp:8755] Removed agent dc25e219-b012-40eb-95d9-ca31cbacde13-S6 at slave(1)@10.0.0.5:5051 (14267acs000001.wpglhdhu2yfudgoh0ji4xwfika.xx.internal.cloudapp.net): the agent unregistered
I0119 20:15:03.000000  6746 replica.cpp:540] Replica received write request for position 20 from __req_res__(38)@192.168.255.5:5050
I0119 20:15:03.000000  6753 master.cpp:2080] Notifying framework dc25e219-b012-40eb-95d9-ca31cbacde13-0001 (marathon) at scheduler-ec822827-855a-4a49-a3a3-f1a671c0c43e@192.168.255.5:15101 of lost agent dc25e219-b012-40eb-95d9-ca31cbacde13-S6 (14267acs000001.wpglhdhu2yfudgoh0ji4xwfika.xx.internal.cloudapp.net)
I0119 20:15:03.000000  6750 hierarchical.cpp:626] Removed agent dc25e219-b012-40eb-95d9-ca31cbacde13-S6
I0119 20:15:03.000000  6753 master.cpp:2080] Notifying framework dc25e219-b012-40eb-95d9-ca31cbacde13-0000 (metronome) at scheduler-3c26ac1a-aa36-453b-9af9-5e1ea520de78@192.168.255.5:15201 of lost agent dc25e219-b012-40eb-95d9-ca31cbacde13-S6 (14267acs000001.wpglhdhu2yfudgoh0ji4xwfika.xx.internal.cloudapp.net)
E0119 20:15:03.000000  6754 process.cpp:2584] Failed to shutdown socket with fd 59, address 192.168.255.5:5050: Transport endpoint is not connected
E0119 20:15:03.000000  6754 process.cpp:2584] Failed to shutdown socket with fd 66, address 192.168.255.5:59168: Transport endpoint is not connected
I0119 20:15:03.000000  6739 replica.cpp:694] Replica received learned notice for position 20 from log-network(2)@192.168.255.5:5050
I0119 20:15:05.000000  6749 http.cpp:1166] HTTP GET for /master/state from 192.168.255.5:34039 with User-Agent='Mesos-State / Host: dcos-master-14267337-0, Pid: 6104'
I0119 20:15:05.000000  6752 http.cpp:1166] HTTP GET for /master/state-summary from 192.168.255.5:58754 with User-Agent='python-requests/2.10.0'
I0119 20:15:07.000000  6742 http.cpp:1166] HTTP GET for /master/state-summary from 192.168.255.5:58768 with User-Agent='python-requests/2.10.0'
I0119 20:15:09.000000  6747 http.cpp:1166] HTTP GET for /master/state-summary from 192.168.255.5:58782 with User-Agent='python-requests/2.10.0'
I0119 20:15:11.000000  6750 http.cpp:1166] HTTP GET for /master/state-summary from 192.168.255.5:58788 with User-Agent='python-requests/2.10.0'
I0119 20:15:13.000000  6744 http.cpp:1166] HTTP GET for /master/state-summary from 192.168.255.5:58802 with User-Agent='python-requests/2.10.0'
I0119 20:15:15.000000  6741 http.cpp:1166] HTTP GET for /master/state-summary from 192.168.255.5:58816 with User-Agent='python-requests/2.10.0'
I0119 20:15:16.000000  6741 http.cpp:1166] HTTP GET for /master/state-summary from 192.168.255.5:55348 with User-Agent='lua-resty-http/0.10 (Lua) ngx_lua/10005'
I0119 20:15:17.000000  6744 http.cpp:1166] HTTP GET for /master/state-summary from 192.168.255.5:58822 with User-Agent='python-requests/2.10.0'
I0119 20:15:18.000000  6752 master.cpp:7341] Performing explicit task state reconciliation for 1 tasks of framework dc25e219-b012-40eb-95d9-ca31cbacde13-0001 (marathon) at scheduler-ec822827-855a-4a49-a3a3-f1a671c0c43e@192.168.255.5:15101
I0119 20:15:19.000000  6746 http.cpp:1166] HTTP GET for /master/state-summary from 192.168.255.5:58836 with User-Agent='python-requests/2.10.0'
I0119 20:15:21.000000  6738 http.cpp:1166] HTTP GET for /master/state-summary from 192.168.255.5:58850 with User-Agent='python-requests/2.10.0'
I0119 20:15:23.000000  6752 http.cpp:1166] HTTP GET for /master/state-summary from 192.168.255.5:58856 with User-Agent='python-requests/2.10.0'
I0119 20:15:25.000000  6738 http.cpp:1166] HTTP GET for /master/state-summary from 192.168.255.5:58870 with User-Agent='python-requests/2.10.0'
I0119 20:15:27.000000  6753 http.cpp:1166] HTTP GET for /master/state-summary from 192.168.255.5:58884 with User-Agent='python-requests/2.10.0'
I0119 20:15:29.000000  6743 master.cpp:7662] Sending 1 offers to framework dc25e219-b012-40eb-95d9-ca31cbacde13-0000 (metronome) at scheduler-3c26ac1a-aa36-453b-9af9-5e1ea520de78@192.168.255.5:15201
I0119 20:15:29.000000  6747 master.cpp:5120] Processing DECLINE call for offers: [ dc25e219-b012-40eb-95d9-ca31cbacde13-O22 ] for framework dc25e219-b012-40eb-95d9-ca31cbacde13-0000 (metronome) at scheduler-3c26ac1a-aa36-453b-9af9-5e1ea520de78@192.168.255.5:15201
I0119 20:15:29.000000  6747 master.cpp:9159] Removing offer dc25e219-b012-40eb-95d9-ca31cbacde13-O22
I0119 20:15:29.000000  6740 http.cpp:1166] HTTP GET for /master/state-summary from 192.168.255.5:58890 with User-Agent='python-requests/2.10.0'
I0119 20:15:31.000000  6749 http.cpp:1166] HTTP GET for /master/state-summary from 192.168.255.5:58904 with User-Agent='python-requests/2.10.0'
I0119 20:15:32.000000  6741 http.cpp:1166] HTTP GET for /master/slaves from 192.168.255.5:53864 with User-Agent='Go-http-client/1.1'
I0119 20:15:33.000000  6741 http.cpp:1166] HTTP GET for /master/state.json from 192.168.255.5:58916 with User-Agent='Mesos-DNS'
I0119 20:15:33.000000  6739 http.cpp:1166] HTTP GET for /master/state-summary from 192.168.255.5:58918 with User-Agent='python-requests/2.10.0'
I0119 20:15:33.000000  6742 master.cpp:7341] Performing explicit task state reconciliation for 1 tasks of framework dc25e219-b012-40eb-95d9-ca31cbacde13-0001 (marathon) at scheduler-ec822827-855a-4a49-a3a3-f1a671c0c43e@192.168.255.5:15101
I0119 20:15:35.000000  6742 http.cpp:1166] HTTP GET for /master/state from 192.168.255.5:34039 with User-Agent='Mesos-State / Host: dcos-master-14267337-0, Pid: 6104'
I0119 20:15:35.000000  6742 http.cpp:1166] HTTP GET for /master/state-summary from 192.168.255.5:58932 with User-Agent='python-requests/2.10.0'
I0119 20:15:37.000000  6751 http.cpp:1166] HTTP GET for /master/state-summary from 192.168.255.5:58946 with User-Agent='python-requests/2.10.0'
I0119 20:15:39.000000  6748 http.cpp:1166] HTTP GET for /master/state-summary from 192.168.255.5:58952 with User-Agent='python-requests/2.10.0'
I0119 20:15:41.000000  6738 http.cpp:1166] HTTP GET for /master/state-summary from 192.168.255.5:58966 with User-Agent='python-requests/2.10.0'
I0119 20:15:41.000000  6749 http.cpp:1166] HTTP GET for /master/state-summary from 192.168.255.5:55348 with User-Agent='lua-resty-http/0.10 (Lua) ngx_lua/10005'
I0119 20:15:43.000000  6750 http.cpp:1166] HTTP GET for /master/state-summary from 192.168.255.5:58980 with User-Agent='python-requests/2.10.0'
I0119 20:15:45.000000  6744 http.cpp:1166] HTTP GET for /master/state-summary from 192.168.255.5:58986 with User-Agent='python-requests/2.10.0'
I0119 20:15:47.000000  6750 http.cpp:1166] HTTP GET for /master/state-summary from 192.168.255.5:59000 with User-Agent='python-requests/2.10.0'
I0119 20:15:48.000000  6745 master.cpp:7341] Performing explicit task state reconciliation for 1 tasks of framework dc25e219-b012-40eb-95d9-ca31cbacde13-0001 (marathon) at scheduler-ec822827-855a-4a49-a3a3-f1a671c0c43e@192.168.255.5:15101
I0119 20:15:49.000000  6742 http.cpp:1166] HTTP GET for /master/state-summary from 192.168.255.5:59014 with User-Agent='python-requests/2.10.0'
I0119 20:15:51.000000  6746 http.cpp:1166] HTTP GET for /master/state-summary from 192.168.255.5:59020 with User-Agent='python-requests/2.10.0'
I0119 20:15:53.000000  6742 http.cpp:1166] HTTP GET for /master/state-summary from 192.168.255.5:59034 with User-Agent='python-requests/2.10.0'
I0119 20:15:55.000000  6742 http.cpp:1166] HTTP GET for /master/state-summary from 192.168.255.5:59048 with User-Agent='python-requests/2.10.0'
I0119 20:15:57.000000  6747 http.cpp:1166] HTTP GET for /master/state-summary from 192.168.255.5:59054 with User-Agent='python-requests/2.10.0'
I0119 20:15:59.000000  6739 http.cpp:1166] HTTP GET for /master/state-summary from 192.168.255.5:59068 with User-Agent='python-requests/2.10.0'
I0119 20:16:01.000000  6747 http.cpp:1166] HTTP GET for /master/state-summary from 192.168.255.5:59074 with User-Agent='python-requests/2.10.0'
I0119 20:16:03.000000  6747 http.cpp:1166] HTTP GET for /master/state.json from 192.168.255.5:59088 with User-Agent='Mesos-DNS'
I0119 20:16:03.000000  6746 http.cpp:1166] HTTP GET for /master/state-summary from 192.168.255.5:59090 with User-Agent='python-requests/2.10.0'
I0119 20:16:03.000000  6741 master.cpp:7341] Performing explicit task state reconciliation for 1 tasks of framework dc25e219-b012-40eb-95d9-ca31cbacde13-0001 (marathon) at scheduler-ec822827-855a-4a49-a3a3-f1a671c0c43e@192.168.255.5:15101
I0119 20:16:05.000000  6747 http.cpp:1166] HTTP GET for /master/state from 192.168.255.5:34039 with User-Agent='Mesos-State / Host: dcos-master-14267337-0, Pid: 6104'
I0119 20:16:05.000000  6747 http.cpp:1166] HTTP GET for /master/state-summary from 192.168.255.5:59104 with User-Agent='python-requests/2.10.0'
I0119 20:16:06.000000  6752 http.cpp:1166] HTTP GET for /master/state-summary from 192.168.255.5:55348 with User-Agent='lua-resty-http/0.10 (Lua) ngx_lua/10005'
I0119 20:16:07.000000  6747 http.cpp:1166] HTTP GET for /master/state-summary from 192.168.255.5:59110 with User-Agent='python-requests/2.10.0'
I0119 20:16:09.000000  6742 http.cpp:1166] HTTP GET for /master/state-summary from 192.168.255.5:59124 with User-Agent='python-requests/2.10.0'
I0119 20:16:11.000000  6746 http.cpp:1166] HTTP GET for /master/state-summary from 192.168.255.5:59138 with User-Agent='python-requests/2.10.0'
I0119 20:16:13.000000  6739 http.cpp:1166] HTTP GET for /master/state-summary from 192.168.255.5:59144 with User-Agent='python-requests/2.10.0'
I0119 20:16:15.000000  6738 http.cpp:1166] HTTP GET for /master/state-summary from 192.168.255.5:59158 with User-Agent='python-requests/2.10.0'
I0119 20:16:17.000000  6740 http.cpp:1166] HTTP GET for /master/state-summary from 192.168.255.5:59172 with User-Agent='python-requests/2.10.0'
I0119 20:16:18.000000  6741 master.cpp:7341] Performing explicit task state reconciliation for 1 tasks of framework dc25e219-b012-40eb-95d9-ca31cbacde13-0001 (marathon) at scheduler-ec822827-855a-4a49-a3a3-f1a671c0c43e@192.168.255.5:15101
I0119 20:16:19.000000  6742 http.cpp:1166] HTTP GET for /master/state-summary from 192.168.255.5:59178 with User-Agent='python-requests/2.10.0'
I0119 20:16:21.000000  6740 http.cpp:1166] HTTP GET for /master/state-summary from 192.168.255.5:59192 with User-Agent='python-requests/2.10.0'
I0119 20:16:23.000000  6742 http.cpp:1166] HTTP GET for /master/state-summary from 192.168.255.5:59204 with User-Agent='python-requests/2.10.0'
I0119 20:16:25.000000  6740 http.cpp:1166] HTTP GET for /master/state-summary from 192.168.255.5:59212 with User-Agent='python-requests/2.10.0'
I0119 20:16:27.000000  6748 http.cpp:1166] HTTP GET for /master/state-summary from 192.168.255.5:59226 with User-Agent='python-requests/2.10.0'
I0119 20:16:29.000000  6753 http.cpp:1166] HTTP GET for /master/state-summary from 192.168.255.5:59232 with User-Agent='python-requests/2.10.0'
I0119 20:16:31.000000  6752 http.cpp:1166] HTTP GET for /master/state-summary from 192.168.255.5:59246 with User-Agent='python-requests/2.10.0'
I0119 20:16:31.000000  6742 http.cpp:1166] HTTP GET for /master/state-summary from 192.168.255.5:55348 with User-Agent='lua-resty-http/0.10 (Lua) ngx_lua/10005'
I0119 20:16:33.000000  6741 http.cpp:1166] HTTP GET for /master/state.json from 192.168.255.5:59260 with User-Agent='Mesos-DNS'
I0119 20:16:33.000000  6753 http.cpp:1166] HTTP GET for /master/state-summary from 192.168.255.5:59262 with User-Agent='python-requests/2.10.0'
I0119 20:16:33.000000  6738 master.cpp:7341] Performing explicit task state reconciliation for 1 tasks of framework dc25e219-b012-40eb-95d9-ca31cbacde13-0001 (marathon) at scheduler-ec822827-855a-4a49-a3a3-f1a671c0c43e@192.168.255.5:15101
I0119 20:16:34.000000  6740 master.cpp:7275] Performing implicit task state reconciliation for framework dc25e219-b012-40eb-95d9-ca31cbacde13-0000 (metronome) at scheduler-3c26ac1a-aa36-453b-9af9-5e1ea520de78@192.168.255.5:15201
I0119 20:16:35.000000  6745 http.cpp:1166] HTTP GET for /master/state from 192.168.255.5:34039 with User-Agent='Mesos-State / Host: dcos-master-14267337-0, Pid: 6104'
I0119 20:16:35.000000  6751 http.cpp:1166] HTTP GET for /master/slaves from 192.168.255.5:53864 with User-Agent='Go-http-client/1.1'
I0119 20:16:35.000000  6748 http.cpp:1166] HTTP GET for /master/state-summary from 192.168.255.5:59274 with User-Agent='python-requests/2.10.0'
I0119 20:16:37.000000  6738 http.cpp:1166] HTTP GET for /master/state-summary from 192.168.255.5:59288 with User-Agent='python-requests/2.10.0'
I0119 20:16:39.000000  6742 http.cpp:1166] HTTP GET for /master/state-summary from 192.168.255.5:59302 with User-Agent='python-requests/2.10.0'
I0119 20:16:41.000000  6753 http.cpp:1166] HTTP GET for /master/state-summary from 192.168.255.5:59308 with User-Agent='python-requests/2.10.0'
I0119 20:16:43.000000  6749 http.cpp:1166] HTTP GET for /master/state-summary from 192.168.255.5:59322 with User-Agent='python-requests/2.10.0'
I0119 20:16:45.000000  6746 http.cpp:1166] HTTP GET for /master/state-summary from 192.168.255.5:59336 with User-Agent='python-requests/2.10.0'
I0119 20:16:47.000000  6739 http.cpp:1166] HTTP GET for /master/state-summary from 192.168.255.5:59342 with User-Agent='python-requests/2.10.0'
I0119 20:16:48.000000  6747 master.cpp:7341] Performing explicit task state reconciliation for 1 tasks of framework dc25e219-b012-40eb-95d9-ca31cbacde13-0001 (marathon) at scheduler-ec822827-855a-4a49-a3a3-f1a671c0c43e@192.168.255.5:15101
I0119 20:16:49.000000  6749 http.cpp:1166] HTTP GET for /master/state-summary from 192.168.255.5:59356 with User-Agent='python-requests/2.10.0'
I0119 20:16:51.000000  6743 http.cpp:1166] HTTP GET for /master/state-summary from 192.168.255.5:59362 with User-Agent='python-requests/2.10.0'
I0119 20:16:53.000000  6750 http.cpp:1166] HTTP GET for /master/state-summary from 192.168.255.5:59376 with User-Agent='python-requests/2.10.0'
I0119 20:16:55.000000  6739 master.cpp:7662] Sending 1 offers to framework dc25e219-b012-40eb-95d9-ca31cbacde13-0000 (metronome) at scheduler-3c26ac1a-aa36-453b-9af9-5e1ea520de78@192.168.255.5:15201
I0119 20:16:55.000000  6750 master.cpp:5120] Processing DECLINE call for offers: [ dc25e219-b012-40eb-95d9-ca31cbacde13-O23 ] for framework dc25e219-b012-40eb-95d9-ca31cbacde13-0000 (metronome) at scheduler-3c26ac1a-aa36-453b-9af9-5e1ea520de78@192.168.255.5:15201
I0119 20:16:55.000000  6750 master.cpp:9159] Removing offer dc25e219-b012-40eb-95d9-ca31cbacde13-O23
I0119 20:16:55.000000  6740 http.cpp:1166] HTTP GET for /master/state-summary from 192.168.255.5:59390 with User-Agent='python-requests/2.10.0'
I0119 20:16:56.000000  6746 http.cpp:1166] HTTP GET for /master/state-summary from 192.168.255.5:55348 with User-Agent='lua-resty-http/0.10 (Lua) ngx_lua/10005'
I0119 20:16:57.000000  6750 http.cpp:1166] HTTP GET for /master/state-summary from 192.168.255.5:59396 with User-Agent='python-requests/2.10.0'
I0119 20:16:59.000000  6749 http.cpp:1166] HTTP GET for /master/state-summary from 192.168.255.5:59410 with User-Agent='python-requests/2.10.0'
I0119 20:17:01.000000  6740 http.cpp:1166] HTTP GET for /master/state-summary from 192.168.255.5:59424 with User-Agent='python-requests/2.10.0'
I0119 20:17:03.000000  6751 http.cpp:1166] HTTP GET for /master/state.json from 192.168.255.5:59430 with User-Agent='Mesos-DNS'
I0119 20:17:03.000000  6750 http.cpp:1166] HTTP GET for /master/state-summary from 192.168.255.5:59432 with User-Agent='python-requests/2.10.0'
I0119 20:17:03.000000  6745 master.cpp:7341] Performing explicit task state reconciliation for 1 tasks of framework dc25e219-b012-40eb-95d9-ca31cbacde13-0001 (marathon) at scheduler-ec822827-855a-4a49-a3a3-f1a671c0c43e@192.168.255.5:15101
I0119 20:17:05.000000  6753 http.cpp:1166] HTTP GET for /master/state from 192.168.255.5:34039 with User-Agent='Mesos-State / Host: dcos-master-14267337-0, Pid: 6104'
I0119 20:17:05.000000  6743 http.cpp:1166] HTTP GET for /master/state-summary from 192.168.255.5:59446 with User-Agent='python-requests/2.10.0'
I0119 20:17:07.000000  6748 http.cpp:1166] HTTP GET for /master/state-summary from 192.168.255.5:59454 with User-Agent='python-requests/2.10.0'
I0119 20:17:09.000000  6743 http.cpp:1166] HTTP GET for /master/state-summary from 192.168.255.5:59466 with User-Agent='python-requests/2.10.0'
I0119 20:17:11.000000  6752 http.cpp:1166] HTTP GET for /master/state-summary from 192.168.255.5:59480 with User-Agent='python-requests/2.10.0'
I0119 20:17:13.000000  6746 http.cpp:1166] HTTP GET for /master/state-summary from 192.168.255.5:59486 with User-Agent='python-requests/2.10.0'
I0119 20:17:15.000000  6738 http.cpp:1166] HTTP GET for /master/state-summary from 192.168.255.5:59500 with User-Agent='python-requests/2.10.0'
I0119 20:17:17.000000  6753 http.cpp:1166] HTTP GET for /master/state-summary from 192.168.255.5:59514 with User-Agent='python-requests/2.10.0'
I0119 20:17:18.000000  6738 master.cpp:7341] Performing explicit task state reconciliation for 1 tasks of framework dc25e219-b012-40eb-95d9-ca31cbacde13-0001 (marathon) at scheduler-ec822827-855a-4a49-a3a3-f1a671c0c43e@192.168.255.5:15101
I0119 20:17:19.000000  6749 http.cpp:1166] HTTP GET for /master/state-summary from 192.168.255.5:59520 with User-Agent='python-requests/2.10.0'
I0119 20:17:21.000000  6743 http.cpp:1166] HTTP GET for /master/state-summary from 192.168.255.5:55348 with User-Agent='lua-resty-http/0.10 (Lua) ngx_lua/10005'
I0119 20:17:21.000000  6740 http.cpp:1166] HTTP GET for /master/state-summary from 192.168.255.5:59534 with User-Agent='python-requests/2.10.0'
I0119 20:17:23.000000  6746 http.cpp:1166] HTTP GET for /master/state-summary from 192.168.255.5:59548 with User-Agent='python-requests/2.10.0'
I0119 20:17:25.000000  6752 http.cpp:1166] HTTP GET for /master/state-summary from 192.168.255.5:59554 with User-Agent='python-requests/2.10.0'
I0119 20:17:27.000000  6744 http.cpp:1166] HTTP GET for /master/state-summary from 192.168.255.5:59568 with User-Agent='python-requests/2.10.0'
I0119 20:17:29.000000  6743 master.cpp:7662] Sending 1 offers to framework dc25e219-b012-40eb-95d9-ca31cbacde13-0000 (metronome) at scheduler-3c26ac1a-aa36-453b-9af9-5e1ea520de78@192.168.255.5:15201
I0119 20:17:29.000000  6741 master.cpp:5120] Processing DECLINE call for offers: [ dc25e219-b012-40eb-95d9-ca31cbacde13-O24 ] for framework dc25e219-b012-40eb-95d9-ca31cbacde13-0000 (metronome) at scheduler-3c26ac1a-aa36-453b-9af9-5e1ea520de78@192.168.255.5:15201
I0119 20:17:29.000000  6741 master.cpp:9159] Removing offer dc25e219-b012-40eb-95d9-ca31cbacde13-O24
I0119 20:17:29.000000  6748 http.cpp:1166] HTTP GET for /master/state-summary from 192.168.255.5:59574 with User-Agent='python-requests/2.10.0'
I0119 20:17:31.000000  6749 http.cpp:1166] HTTP GET for /master/state-summary from 192.168.255.5:59588 with User-Agent='python-requests/2.10.0'
I0119 20:17:33.000000  6750 http.cpp:1166] HTTP GET for /master/state.json from 192.168.255.5:59598 with User-Agent='Mesos-DNS'
I0119 20:17:33.000000  6753 http.cpp:1166] HTTP GET for /master/state-summary from 192.168.255.5:59604 with User-Agent='python-requests/2.10.0'
I0119 20:17:33.000000  6749 master.cpp:7341] Performing explicit task state reconciliation for 1 tasks of framework dc25e219-b012-40eb-95d9-ca31cbacde13-0001 (marathon) at scheduler-ec822827-855a-4a49-a3a3-f1a671c0c43e@192.168.255.5:15101
I0119 20:17:35.000000  6746 http.cpp:1166] HTTP GET for /master/state from 192.168.255.5:34039 with User-Agent='Mesos-State / Host: dcos-master-14267337-0, Pid: 6104'
I0119 20:17:35.000000  6749 http.cpp:1166] HTTP GET for /master/state-summary from 192.168.255.5:59610 with User-Agent='python-requests/2.10.0'
I0119 20:17:37.000000  6753 http.cpp:1166] HTTP GET for /master/state-summary from 192.168.255.5:59624 with User-Agent='python-requests/2.10.0'
I0119 20:17:38.000000  6739 http.cpp:1166] HTTP GET for /master/slaves from 192.168.255.5:53864 with User-Agent='Go-http-client/1.1'
I0119 20:17:39.000000  6742 http.cpp:1166] HTTP GET for /master/state-summary from 192.168.255.5:59644 with User-Agent='python-requests/2.10.0'
I0119 20:17:41.000000  6752 http.cpp:1166] HTTP GET for /master/state-summary from 192.168.255.5:59650 with User-Agent='python-requests/2.10.0'
I0119 20:17:43.000000  6753 http.cpp:1166] HTTP GET for /master/state-summary from 192.168.255.5:59664 with User-Agent='python-requests/2.10.0'
I0119 20:17:45.000000  6751 http.cpp:1166] HTTP GET for /master/state-summary from 192.168.255.5:59678 with User-Agent='python-requests/2.10.0'
I0119 20:17:46.000000  6751 http.cpp:1166] HTTP GET for /master/state-summary from 192.168.255.5:55348 with User-Agent='lua-resty-http/0.10 (Lua) ngx_lua/10005'
I0119 20:17:47.000000  6742 http.cpp:1166] HTTP GET for /master/state-summary from 192.168.255.5:59684 with User-Agent='python-requests/2.10.0'
I0119 20:17:48.000000  6743 master.cpp:7341] Performing explicit task state reconciliation for 1 tasks of framework dc25e219-b012-40eb-95d9-ca31cbacde13-0001 (marathon) at scheduler-ec822827-855a-4a49-a3a3-f1a671c0c43e@192.168.255.5:15101
I0119 20:17:49.000000  6747 http.cpp:1166] HTTP GET for /master/state-summary from 192.168.255.5:59698 with User-Agent='python-requests/2.10.0'
I0119 20:17:51.000000  6751 http.cpp:1166] HTTP GET for /master/state-summary from 192.168.255.5:59710 with User-Agent='python-requests/2.10.0'
I0119 20:17:53.000000  6746 http.cpp:1166] HTTP GET for /master/state-summary from 192.168.255.5:59718 with User-Agent='python-requests/2.10.0'
I0119 20:17:55.000000  6746 http.cpp:1166] HTTP GET for /master/state-summary from 192.168.255.5:59732 with User-Agent='python-requests/2.10.0'
I0119 20:17:57.000000  6742 http.cpp:1166] HTTP GET for /master/state-summary from 192.168.255.5:59738 with User-Agent='python-requests/2.10.0'
I0119 20:17:59.000000  6750 http.cpp:1166] HTTP GET for /master/state-summary from 192.168.255.5:59752 with User-Agent='python-requests/2.10.0'
I0119 20:18:01.000000  6751 http.cpp:1166] HTTP GET for /master/state-summary from 192.168.255.5:59766 with User-Agent='python-requests/2.10.0'
I0119 20:18:03.000000  6741 http.cpp:1166] HTTP GET for /master/state.json from 192.168.255.5:59772 with User-Agent='Mesos-DNS'
I0119 20:18:03.000000  6742 http.cpp:1166] HTTP GET for /master/state-summary from 192.168.255.5:59774 with User-Agent='python-requests/2.10.0'
I0119 20:18:04.000000  6747 master.cpp:7341] Performing explicit task state reconciliation for 1 tasks of framework dc25e219-b012-40eb-95d9-ca31cbacde13-0001 (marathon) at scheduler-ec822827-855a-4a49-a3a3-f1a671c0c43e@192.168.255.5:15101
I0119 20:18:05.000000  6746 http.cpp:1166] HTTP GET for /master/state from 192.168.255.5:34039 with User-Agent='Mesos-State / Host: dcos-master-14267337-0, Pid: 6104'
I0119 20:18:05.000000  6743 http.cpp:1166] HTTP GET for /master/state-summary from 192.168.255.5:59788 with User-Agent='python-requests/2.10.0'
I0119 20:18:07.000000  6742 http.cpp:1166] HTTP GET for /master/state-summary from 192.168.255.5:59802 with User-Agent='python-requests/2.10.0'
I0119 20:18:09.000000  6746 http.cpp:1166] HTTP GET for /master/state-summary from 192.168.255.5:59808 with User-Agent='python-requests/2.10.0'
I0119 20:18:11.000000  6752 http.cpp:1166] HTTP GET for /master/state-summary from 192.168.255.5:55348 with User-Agent='lua-resty-http/0.10 (Lua) ngx_lua/10005'
I0119 20:18:11.000000  6742 http.cpp:1166] HTTP GET for /master/state-summary from 192.168.255.5:59822 with User-Agent='python-requests/2.10.0'
I0119 20:18:13.000000  6747 http.cpp:1166] HTTP GET for /master/state-summary from 192.168.255.5:59836 with User-Agent='python-requests/2.10.0'
I0119 20:18:15.000000  6752 http.cpp:1166] HTTP GET for /master/state-summary from 192.168.255.5:59842 with User-Agent='python-requests/2.10.0'
I0119 20:18:17.000000  6743 http.cpp:1166] HTTP GET for /master/state-summary from 192.168.255.5:59856 with User-Agent='python-requests/2.10.0'
I0119 20:18:19.000000  6740 master.cpp:7341] Performing explicit task state reconciliation for 1 tasks of framework dc25e219-b012-40eb-95d9-ca31cbacde13-0001 (marathon) at scheduler-ec822827-855a-4a49-a3a3-f1a671c0c43e@192.168.255.5:15101
I0119 20:18:19.000000  6752 http.cpp:1166] HTTP GET for /master/state-summary from 192.168.255.5:59870 with User-Agent='python-requests/2.10.0'
I0119 20:18:21.000000  6747 http.cpp:1166] HTTP GET for /master/state-summary from 192.168.255.5:59876 with User-Agent='python-requests/2.10.0'
I0119 20:18:23.000000  6744 http.cpp:1166] HTTP GET for /master/state-summary from 192.168.255.5:59890 with User-Agent='python-requests/2.10.0'
I0119 20:18:26.000000  6748 http.cpp:1166] HTTP GET for /master/state-summary from 192.168.255.5:59904 with User-Agent='python-requests/2.10.0'
I0119 20:18:28.000000  6741 http.cpp:1166] HTTP GET for /master/state-summary from 192.168.255.5:59910 with User-Agent='python-requests/2.10.0'
I0119 20:18:30.000000  6751 http.cpp:1166] HTTP GET for /master/state-summary from 192.168.255.5:59924 with User-Agent='python-requests/2.10.0'
I0119 20:18:32.000000  6752 http.cpp:1166] HTTP GET for /master/state-summary from 192.168.255.5:59938 with User-Agent='python-requests/2.10.0'
I0119 20:18:33.000000  6749 http.cpp:1166] HTTP GET for /master/state.json from 192.168.255.5:59944 with User-Agent='Mesos-DNS'
I0119 20:18:34.000000  6753 http.cpp:1166] HTTP GET for /master/state-summary from 192.168.255.5:59946 with User-Agent='python-requests/2.10.0'
I0119 20:18:34.000000  6750 master.cpp:7341] Performing explicit task state reconciliation for 1 tasks of framework dc25e219-b012-40eb-95d9-ca31cbacde13-0001 (marathon) at scheduler-ec822827-855a-4a49-a3a3-f1a671c0c43e@192.168.255.5:15101
I0119 20:18:35.000000  6746 http.cpp:1166] HTTP GET for /master/state from 192.168.255.5:34039 with User-Agent='Mesos-State / Host: dcos-master-14267337-0, Pid: 6104'
I0119 20:18:36.000000  6749 http.cpp:1166] HTTP GET for /master/state-summary from 192.168.255.5:59960 with User-Agent='python-requests/2.10.0'
I0119 20:18:36.000000  6747 http.cpp:1166] HTTP GET for /master/state-summary from 192.168.255.5:55348 with User-Agent='lua-resty-http/0.10 (Lua) ngx_lua/10005'
I0119 20:18:38.000000  6749 http.cpp:1166] HTTP GET for /master/state-summary from 192.168.255.5:59974 with User-Agent='python-requests/2.10.0'
I0119 20:18:40.000000  6743 http.cpp:1166] HTTP GET for /master/state-summary from 192.168.255.5:59980 with User-Agent='python-requests/2.10.0'
I0119 20:18:41.000000  6753 http.cpp:1166] HTTP GET for /master/slaves from 192.168.255.5:53864 with User-Agent='Go-http-client/1.1'
I0119 20:18:42.000000  6746 http.cpp:1166] HTTP GET for /master/state-summary from 192.168.255.5:60000 with User-Agent='python-requests/2.10.0'
I0119 20:18:44.000000  6742 http.cpp:1166] HTTP GET for /master/state-summary from 192.168.255.5:60010 with User-Agent='python-requests/2.10.0'
I0119 20:18:46.000000  6739 http.cpp:1166] HTTP GET for /master/state-summary from 192.168.255.5:60020 with User-Agent='python-requests/2.10.0'
I0119 20:18:48.000000  6739 http.cpp:1166] HTTP GET for /master/state-summary from 192.168.255.5:60034 with User-Agent='python-requests/2.10.0'
I0119 20:18:49.000000  6741 master.cpp:7341] Performing explicit task state reconciliation for 1 tasks of framework dc25e219-b012-40eb-95d9-ca31cbacde13-0001 (marathon) at scheduler-ec822827-855a-4a49-a3a3-f1a671c0c43e@192.168.255.5:15101
I0119 20:18:50.000000  6745 http.cpp:1166] HTTP GET for /master/state-summary from 192.168.255.5:60040 with User-Agent='python-requests/2.10.0'
I0119 20:18:52.000000  6739 http.cpp:1166] HTTP GET for /master/state-summary from 192.168.255.5:60054 with User-Agent='python-requests/2.10.0'
I0119 20:18:54.000000  6746 http.cpp:1166] HTTP GET for /master/state-summary from 192.168.255.5:60068 with User-Agent='python-requests/2.10.0'
I0119 20:18:55.000000  6751 master.cpp:7662] Sending 1 offers to framework dc25e219-b012-40eb-95d9-ca31cbacde13-0000 (metronome) at scheduler-3c26ac1a-aa36-453b-9af9-5e1ea520de78@192.168.255.5:15201
I0119 20:18:55.000000  6747 master.cpp:5120] Processing DECLINE call for offers: [ dc25e219-b012-40eb-95d9-ca31cbacde13-O25 ] for framework dc25e219-b012-40eb-95d9-ca31cbacde13-0000 (metronome) at scheduler-3c26ac1a-aa36-453b-9af9-5e1ea520de78@192.168.255.5:15201
I0119 20:18:55.000000  6747 master.cpp:9159] Removing offer dc25e219-b012-40eb-95d9-ca31cbacde13-O25
I0119 20:18:56.000000  6751 http.cpp:1166] HTTP GET for /master/state-summary from 192.168.255.5:60074 with User-Agent='python-requests/2.10.0'
I0119 20:18:58.000000  6738 http.cpp:1166] HTTP GET for /master/state-summary from 192.168.255.5:60088 with User-Agent='python-requests/2.10.0'
I0119 20:19:00.000000  6746 http.cpp:1166] HTTP GET for /master/state-summary from 192.168.255.5:60102 with User-Agent='python-requests/2.10.0'
I0119 20:19:01.000000  6742 http.cpp:1166] HTTP GET for /master/state-summary from 192.168.255.5:55348 with User-Agent='lua-resty-http/0.10 (Lua) ngx_lua/10005'
I0119 20:19:02.000000  6753 http.cpp:1166] HTTP GET for /master/state-summary from 192.168.255.5:60108 with User-Agent='python-requests/2.10.0'
I0119 20:19:03.000000  6751 http.cpp:1166] HTTP GET for /master/state.json from 192.168.255.5:60122 with User-Agent='Mesos-DNS'
I0119 20:19:04.000000  6750 master.cpp:7341] Performing explicit task state reconciliation for 1 tasks of framework dc25e219-b012-40eb-95d9-ca31cbacde13-0001 (marathon) at scheduler-ec822827-855a-4a49-a3a3-f1a671c0c43e@192.168.255.5:15101
I0119 20:19:04.000000  6746 http.cpp:1166] HTTP GET for /master/state-summary from 192.168.255.5:60124 with User-Agent='python-requests/2.10.0'
I0119 20:19:05.000000  6743 http.cpp:1166] HTTP GET for /master/state from 192.168.255.5:34039 with User-Agent='Mesos-State / Host: dcos-master-14267337-0, Pid: 6104'
I0119 20:19:06.000000  6746 http.cpp:1166] HTTP GET for /master/state-summary from 192.168.255.5:60138 with User-Agent='python-requests/2.10.0'
I0119 20:19:08.000000  6743 http.cpp:1166] HTTP GET for /master/state-summary from 192.168.255.5:60144 with User-Agent='python-requests/2.10.0'
I0119 20:19:10.000000  6746 http.cpp:1166] HTTP GET for /master/state-summary from 192.168.255.5:60158 with User-Agent='python-requests/2.10.0'
I0119 20:19:12.000000  6745 http.cpp:1166] HTTP GET for /master/state-summary from 192.168.255.5:60172 with User-Agent='python-requests/2.10.0'
I0119 20:19:14.000000  6744 http.cpp:1166] HTTP GET for /master/state-summary from 192.168.255.5:60178 with User-Agent='python-requests/2.10.0'
I0119 20:19:16.000000  6746 http.cpp:1166] HTTP GET for /master/state-summary from 192.168.255.5:60192 with User-Agent='python-requests/2.10.0'
