I0119 20:06:04.000000  6749 master.cpp:6683] Received update of agent dc25e219-b012-40eb-95d9-ca31cbacde13-S6 at slave(1)@10.0.0.5:5051 (14267acs000001.wpglhdhu2yfudgoh0ji4xwfika.xx.internal.cloudapp.net) with total oversubscribed resources {}
I0119 20:06:04.000000  6749 hierarchical.cpp:660] Agent dc25e219-b012-40eb-95d9-ca31cbacde13-S6 (14267acs000001.wpglhdhu2yfudgoh0ji4xwfika.xx.internal.cloudapp.net) updated with total resources cpus(reservations: [(STATIC,slave_public)]):2; mem(reservations: [(STATIC,slave_public)]):7167; disk(reservations: [(STATIC,slave_public)]):35839; ports(reservations: [(STATIC,slave_public)]):[31000-32000]
I0119 20:06:04.000000  6743 master.cpp:6683] Received update of agent dc25e219-b012-40eb-95d9-ca31cbacde13-S6 at slave(1)@10.0.0.5:5051 (14267acs000001.wpglhdhu2yfudgoh0ji4xwfika.xx.internal.cloudapp.net) with total oversubscribed resources {}
I0119 20:06:04.000000  6743 hierarchical.cpp:660] Agent dc25e219-b012-40eb-95d9-ca31cbacde13-S6 (14267acs000001.wpglhdhu2yfudgoh0ji4xwfika.xx.internal.cloudapp.net) updated with total resources cpus(reservations: [(STATIC,slave_public)]):2; mem(reservations: [(STATIC,slave_public)]):7167; disk(reservations: [(STATIC,slave_public)]):35839; ports(reservations: [(STATIC,slave_public)]):[31000-32000]
I0119 20:06:04.000000  6752 http.cpp:1166] HTTP GET for /master/state from 192.168.255.5:34039 with User-Agent='Mesos-State / Host: dcos-master-14267337-0, Pid: 6104'
I0119 20:06:05.000000  6742 http.cpp:1166] HTTP GET for /master/state-summary from 192.168.255.5:55632 with User-Agent='python-requests/2.10.0'
I0119 20:06:05.000000  6744 http.cpp:1166] HTTP GET for /master/slaves from 192.168.255.5:53864 with User-Agent='Go-http-client/1.1'
I0119 20:06:06.000000  6744 http.cpp:1166] HTTP GET for /master/state-summary from 192.168.255.5:55648 with User-Agent='lua-resty-http/0.10 (Lua) ngx_lua/10005'
I0119 20:06:07.000000  6742 http.cpp:1166] HTTP GET for /master/state-summary from 192.168.255.5:55660 with User-Agent='python-requests/2.10.0'
I0119 20:06:09.000000  6747 http.cpp:1166] HTTP GET for /master/state-summary from 192.168.255.5:55666 with User-Agent='python-requests/2.10.0'
I0119 20:06:09.000000  6750 master.cpp:7341] Performing explicit task state reconciliation for 1 tasks of framework dc25e219-b012-40eb-95d9-ca31cbacde13-0001 (marathon) at scheduler-ec822827-855a-4a49-a3a3-f1a671c0c43e@192.168.255.5:15101
I0119 20:06:11.000000  6748 http.cpp:1166] HTTP GET for /master/state-summary from 192.168.255.5:55680 with User-Agent='python-requests/2.10.0'
I0119 20:06:13.000000  6738 http.cpp:1166] HTTP GET for /master/state-summary from 192.168.255.5:55694 with User-Agent='python-requests/2.10.0'
I0119 20:06:15.000000  6748 http.cpp:1166] HTTP GET for /master/state-summary from 192.168.255.5:55700 with User-Agent='python-requests/2.10.0'
I0119 20:06:17.000000  6751 http.cpp:1166] HTTP GET for /master/state-summary from 192.168.255.5:55714 with User-Agent='python-requests/2.10.0'
I0119 20:06:19.000000  6751 http.cpp:1166] HTTP GET for /master/state-summary from 192.168.255.5:55728 with User-Agent='python-requests/2.10.0'
I0119 20:06:21.000000  6753 http.cpp:1166] HTTP GET for /master/state-summary from 192.168.255.5:55734 with User-Agent='python-requests/2.10.0'
I0119 20:06:23.000000  6751 http.cpp:1166] HTTP GET for /master/state-summary from 192.168.255.5:55748 with User-Agent='python-requests/2.10.0'
I0119 20:06:24.000000  6750 master.cpp:7341] Performing explicit task state reconciliation for 1 tasks of framework dc25e219-b012-40eb-95d9-ca31cbacde13-0001 (marathon) at scheduler-ec822827-855a-4a49-a3a3-f1a671c0c43e@192.168.255.5:15101
I0119 20:06:25.000000  6748 http.cpp:1166] HTTP GET for /master/state-summary from 192.168.255.5:55762 with User-Agent='python-requests/2.10.0'
I0119 20:06:27.000000  6748 http.cpp:1166] HTTP GET for /master/state-summary from 192.168.255.5:55768 with User-Agent='python-requests/2.10.0'
I0119 20:06:29.000000  6739 http.cpp:1166] HTTP GET for /master/state-summary from 192.168.255.5:55782 with User-Agent='python-requests/2.10.0'
I0119 20:06:31.000000  6753 http.cpp:1166] HTTP GET for /master/state-summary from 192.168.255.5:55796 with User-Agent='python-requests/2.10.0'
I0119 20:06:31.000000  6750 http.cpp:1166] HTTP GET for /master/state-summary from 192.168.255.5:55348 with User-Agent='lua-resty-http/0.10 (Lua) ngx_lua/10005'
I0119 20:06:33.000000  6752 http.cpp:1166] HTTP GET for /master/state.json from 192.168.255.5:55804 with User-Agent='Mesos-DNS'
I0119 20:06:33.000000  6751 http.cpp:1166] HTTP GET for /master/state-summary from 192.168.255.5:55806 with User-Agent='python-requests/2.10.0'
I0119 20:06:34.000000  6746 http.cpp:1166] HTTP GET for /master/state from 192.168.255.5:34039 with User-Agent='Mesos-State / Host: dcos-master-14267337-0, Pid: 6104'
I0119 20:06:35.000000  6753 http.cpp:1166] HTTP GET for /master/state-summary from 192.168.255.5:55820 with User-Agent='python-requests/2.10.0'
I0119 20:06:37.000000  6739 http.cpp:1166] HTTP GET for /master/state-summary from 192.168.255.5:55834 with User-Agent='python-requests/2.10.0'
I0119 20:06:39.000000  6749 http.cpp:1166] HTTP GET for /master/state-summary from 192.168.255.5:55840 with User-Agent='python-requests/2.10.0'
I0119 20:06:39.000000  6741 master.cpp:7341] Performing explicit task state reconciliation for 1 tasks of framework dc25e219-b012-40eb-95d9-ca31cbacde13-0001 (marathon) at scheduler-ec822827-855a-4a49-a3a3-f1a671c0c43e@192.168.255.5:15101
I0119 20:06:41.000000  6751 http.cpp:1166] HTTP GET for /master/state-summary from 192.168.255.5:55854 with User-Agent='python-requests/2.10.0'
I0119 20:06:43.000000  6746 http.cpp:1166] HTTP GET for /master/state-summary from 192.168.255.5:55864 with User-Agent='python-requests/2.10.0'
I0119 20:06:45.000000  6752 http.cpp:1166] HTTP GET for /master/state-summary from 192.168.255.5:55874 with User-Agent='python-requests/2.10.0'
I0119 20:06:47.000000  6748 http.cpp:1166] HTTP GET for /master/state-summary from 192.168.255.5:55888 with User-Agent='python-requests/2.10.0'
I0119 20:06:49.000000  6740 http.cpp:1166] HTTP GET for /master/state-summary from 192.168.255.5:55894 with User-Agent='python-requests/2.10.0'
I0119 20:06:51.000000  6748 http.cpp:1166] HTTP GET for /master/state-summary from 192.168.255.5:55908 with User-Agent='python-requests/2.10.0'
I0119 20:06:53.000000  6740 http.cpp:1166] HTTP GET for /master/state-summary from 192.168.255.5:55922 with User-Agent='python-requests/2.10.0'
I0119 20:06:54.000000  6741 master.cpp:7662] Sending 1 offers to framework dc25e219-b012-40eb-95d9-ca31cbacde13-0000 (metronome) at scheduler-3c26ac1a-aa36-453b-9af9-5e1ea520de78@192.168.255.5:15201
I0119 20:06:54.000000  6740 master.cpp:5120] Processing DECLINE call for offers: [ dc25e219-b012-40eb-95d9-ca31cbacde13-O11 ] for framework dc25e219-b012-40eb-95d9-ca31cbacde13-0000 (metronome) at scheduler-3c26ac1a-aa36-453b-9af9-5e1ea520de78@192.168.255.5:15201
I0119 20:06:54.000000  6740 master.cpp:9159] Removing offer dc25e219-b012-40eb-95d9-ca31cbacde13-O11
I0119 20:06:54.000000  6739 master.cpp:7341] Performing explicit task state reconciliation for 1 tasks of framework dc25e219-b012-40eb-95d9-ca31cbacde13-0001 (marathon) at scheduler-ec822827-855a-4a49-a3a3-f1a671c0c43e@192.168.255.5:15101
I0119 20:06:55.000000  6746 http.cpp:1166] HTTP GET for /master/state-summary from 192.168.255.5:55928 with User-Agent='python-requests/2.10.0'
I0119 20:06:56.000000  6745 http.cpp:1166] HTTP GET for /master/state-summary from 192.168.255.5:55348 with User-Agent='lua-resty-http/0.10 (Lua) ngx_lua/10005'
I0119 20:06:57.000000  6750 http.cpp:1166] HTTP GET for /master/state-summary from 192.168.255.5:55942 with User-Agent='python-requests/2.10.0'
I0119 20:06:59.000000  6745 http.cpp:1166] HTTP GET for /master/state-summary from 192.168.255.5:55956 with User-Agent='python-requests/2.10.0'
I0119 20:07:01.000000  6743 http.cpp:1166] HTTP GET for /master/state-summary from 192.168.255.5:55962 with User-Agent='python-requests/2.10.0'
I0119 20:07:03.000000  6741 http.cpp:1166] HTTP GET for /master/state.json from 192.168.255.5:55976 with User-Agent='Mesos-DNS'
I0119 20:07:03.000000  6747 http.cpp:1166] HTTP GET for /master/state-summary from 192.168.255.5:55978 with User-Agent='python-requests/2.10.0'
I0119 20:07:04.000000  6738 http.cpp:1166] HTTP GET for /master/state from 192.168.255.5:34039 with User-Agent='Mesos-State / Host: dcos-master-14267337-0, Pid: 6104'
I0119 20:07:05.000000  6746 http.cpp:1166] HTTP GET for /master/state-summary from 192.168.255.5:55992 with User-Agent='python-requests/2.10.0'
I0119 20:07:07.000000  6740 http.cpp:1166] HTTP GET for /master/state-summary from 192.168.255.5:55998 with User-Agent='python-requests/2.10.0'
I0119 20:07:08.000000  6748 http.cpp:1166] HTTP GET for /master/slaves from 192.168.255.5:53864 with User-Agent='Go-http-client/1.1'
I0119 20:07:09.000000  6740 http.cpp:1166] HTTP GET for /master/state-summary from 192.168.255.5:56022 with User-Agent='python-requests/2.10.0'
I0119 20:07:09.000000  6741 master.cpp:7341] Performing explicit task state reconciliation for 1 tasks of framework dc25e219-b012-40eb-95d9-ca31cbacde13-0001 (marathon) at scheduler-ec822827-855a-4a49-a3a3-f1a671c0c43e@192.168.255.5:15101
I0119 20:07:11.000000  6743 http.cpp:1166] HTTP GET for /master/state-summary from 192.168.255.5:56036 with User-Agent='python-requests/2.10.0'
I0119 20:07:13.000000  6746 http.cpp:1166] HTTP GET for /master/state-summary from 192.168.255.5:56042 with User-Agent='python-requests/2.10.0'
I0119 20:07:15.000000  6753 http.cpp:1166] HTTP GET for /master/state-summary from 192.168.255.5:56056 with User-Agent='python-requests/2.10.0'
I0119 20:07:17.000000  6751 http.cpp:1166] HTTP GET for /master/state-summary from 192.168.255.5:56066 with User-Agent='python-requests/2.10.0'
I0119 20:07:19.000000  6751 http.cpp:1166] HTTP GET for /master/state-summary from 192.168.255.5:56076 with User-Agent='python-requests/2.10.0'
I0119 20:07:21.000000  6751 http.cpp:1166] HTTP GET for /master/state-summary from 192.168.255.5:55348 with User-Agent='lua-resty-http/0.10 (Lua) ngx_lua/10005'
I0119 20:07:21.000000  6752 http.cpp:1166] HTTP GET for /master/state-summary from 192.168.255.5:56090 with User-Agent='python-requests/2.10.0'
I0119 20:07:23.000000  6753 http.cpp:1166] HTTP GET for /master/state-summary from 192.168.255.5:56096 with User-Agent='python-requests/2.10.0'
I0119 20:07:24.000000  6750 master.cpp:7341] Performing explicit task state reconciliation for 1 tasks of framework dc25e219-b012-40eb-95d9-ca31cbacde13-0001 (marathon) at scheduler-ec822827-855a-4a49-a3a3-f1a671c0c43e@192.168.255.5:15101
I0119 20:07:25.000000  6738 http.cpp:1166] HTTP GET for /master/state-summary from 192.168.255.5:56110 with User-Agent='python-requests/2.10.0'
I0119 20:07:27.000000  6752 http.cpp:1166] HTTP GET for /master/state-summary from 192.168.255.5:56124 with User-Agent='python-requests/2.10.0'
I0119 20:07:28.000000  6744 master.cpp:7662] Sending 1 offers to framework dc25e219-b012-40eb-95d9-ca31cbacde13-0000 (metronome) at scheduler-3c26ac1a-aa36-453b-9af9-5e1ea520de78@192.168.255.5:15201
I0119 20:07:28.000000  6746 master.cpp:5120] Processing DECLINE call for offers: [ dc25e219-b012-40eb-95d9-ca31cbacde13-O12 ] for framework dc25e219-b012-40eb-95d9-ca31cbacde13-0000 (metronome) at scheduler-3c26ac1a-aa36-453b-9af9-5e1ea520de78@192.168.255.5:15201
I0119 20:07:28.000000  6746 master.cpp:9159] Removing offer dc25e219-b012-40eb-95d9-ca31cbacde13-O12
I0119 20:07:29.000000  6751 http.cpp:1166] HTTP GET for /master/state-summary from 192.168.255.5:56130 with User-Agent='python-requests/2.10.0'
I0119 20:07:31.000000  6753 http.cpp:1166] HTTP GET for /master/state-summary from 192.168.255.5:56144 with User-Agent='python-requests/2.10.0'
I0119 20:07:33.000000  6741 http.cpp:1166] HTTP GET for /master/state.json from 192.168.255.5:56158 with User-Agent='Mesos-DNS'
I0119 20:07:33.000000  6745 http.cpp:1166] HTTP GET for /master/state-summary from 192.168.255.5:56160 with User-Agent='python-requests/2.10.0'
I0119 20:07:34.000000  6753 http.cpp:1166] HTTP GET for /master/state from 192.168.255.5:34039 with User-Agent='Mesos-State / Host: dcos-master-14267337-0, Pid: 6104'
I0119 20:07:35.000000  6747 http.cpp:1166] HTTP GET for /master/state-summary from 192.168.255.5:56166 with User-Agent='python-requests/2.10.0'
I0119 20:07:37.000000  6752 http.cpp:1166] HTTP GET for /master/state-summary from 192.168.255.5:56180 with User-Agent='python-requests/2.10.0'
I0119 20:07:39.000000  6748 http.cpp:1166] HTTP GET for /master/state-summary from 192.168.255.5:56194 with User-Agent='python-requests/2.10.0'
I0119 20:07:39.000000  6745 master.cpp:7341] Performing explicit task state reconciliation for 1 tasks of framework dc25e219-b012-40eb-95d9-ca31cbacde13-0001 (marathon) at scheduler-ec822827-855a-4a49-a3a3-f1a671c0c43e@192.168.255.5:15101
I0119 20:07:41.000000  6746 http.cpp:1166] HTTP GET for /master/state-summary from 192.168.255.5:56200 with User-Agent='python-requests/2.10.0'
I0119 20:07:43.000000  6748 http.cpp:1166] HTTP GET for /master/state-summary from 192.168.255.5:56214 with User-Agent='python-requests/2.10.0'
I0119 20:07:45.000000  6748 http.cpp:1166] HTTP GET for /master/state-summary from 192.168.255.5:56222 with User-Agent='python-requests/2.10.0'
I0119 20:07:46.000000  6740 http.cpp:1166] HTTP GET for /master/state-summary from 192.168.255.5:55348 with User-Agent='lua-resty-http/0.10 (Lua) ngx_lua/10005'
I0119 20:07:47.000000  6748 http.cpp:1166] HTTP GET for /master/state-summary from 192.168.255.5:56234 with User-Agent='python-requests/2.10.0'
I0119 20:07:49.000000  6739 http.cpp:1166] HTTP GET for /master/state-summary from 192.168.255.5:56248 with User-Agent='python-requests/2.10.0'
I0119 20:07:51.000000  6749 http.cpp:1166] HTTP GET for /master/state-summary from 192.168.255.5:56254 with User-Agent='python-requests/2.10.0'
I0119 20:07:53.000000  6747 http.cpp:1166] HTTP GET for /master/state-summary from 192.168.255.5:56268 with User-Agent='python-requests/2.10.0'
I0119 20:07:53.000000  6741 master.cpp:7662] Sending 1 offers to framework dc25e219-b012-40eb-95d9-ca31cbacde13-0000 (metronome) at scheduler-3c26ac1a-aa36-453b-9af9-5e1ea520de78@192.168.255.5:15201
I0119 20:07:53.000000  6742 master.cpp:5120] Processing DECLINE call for offers: [ dc25e219-b012-40eb-95d9-ca31cbacde13-O13 ] for framework dc25e219-b012-40eb-95d9-ca31cbacde13-0000 (metronome) at scheduler-3c26ac1a-aa36-453b-9af9-5e1ea520de78@192.168.255.5:15201
I0119 20:07:53.000000  6742 master.cpp:9159] Removing offer dc25e219-b012-40eb-95d9-ca31cbacde13-O13
I0119 20:07:55.000000  6742 master.cpp:7341] Performing explicit task state reconciliation for 1 tasks of framework dc25e219-b012-40eb-95d9-ca31cbacde13-0001 (marathon) at scheduler-ec822827-855a-4a49-a3a3-f1a671c0c43e@192.168.255.5:15101
I0119 20:07:55.000000  6749 http.cpp:1166] HTTP GET for /master/state-summary from 192.168.255.5:56282 with User-Agent='python-requests/2.10.0'
I0119 20:07:57.000000  6738 http.cpp:1166] HTTP GET for /master/state-summary from 192.168.255.5:56288 with User-Agent='python-requests/2.10.0'
I0119 20:07:59.000000  6749 http.cpp:1166] HTTP GET for /master/state-summary from 192.168.255.5:56302 with User-Agent='python-requests/2.10.0'
I0119 20:08:01.000000  6750 http.cpp:1166] HTTP GET for /master/state-summary from 192.168.255.5:56316 with User-Agent='python-requests/2.10.0'
I0119 20:08:03.000000  6752 http.cpp:1166] HTTP GET for /master/state.json from 192.168.255.5:56322 with User-Agent='Mesos-DNS'
I0119 20:08:03.000000  6738 http.cpp:1166] HTTP GET for /master/state-summary from 192.168.255.5:56324 with User-Agent='python-requests/2.10.0'
I0119 20:08:04.000000  6748 http.cpp:1166] HTTP GET for /master/state from 192.168.255.5:34039 with User-Agent='Mesos-State / Host: dcos-master-14267337-0, Pid: 6104'
I0119 20:08:05.000000  6746 http.cpp:1166] HTTP GET for /master/state-summary from 192.168.255.5:56338 with User-Agent='python-requests/2.10.0'
I0119 20:08:07.000000  6745 http.cpp:1166] HTTP GET for /master/state-summary from 192.168.255.5:56352 with User-Agent='python-requests/2.10.0'
I0119 20:08:09.000000  6748 http.cpp:1166] HTTP GET for /master/state-summary from 192.168.255.5:56358 with User-Agent='python-requests/2.10.0'
I0119 20:08:10.000000  6738 master.cpp:7341] Performing explicit task state reconciliation for 1 tasks of framework dc25e219-b012-40eb-95d9-ca31cbacde13-0001 (marathon) at scheduler-ec822827-855a-4a49-a3a3-f1a671c0c43e@192.168.255.5:15101
I0119 20:08:11.000000  6745 http.cpp:1166] HTTP GET for /master/state-summary from 192.168.255.5:55348 with User-Agent='lua-resty-http/0.10 (Lua) ngx_lua/10005'
I0119 20:08:11.000000  6750 http.cpp:1166] HTTP GET for /master/slaves from 192.168.255.5:53864 with User-Agent='Go-http-client/1.1'
I0119 20:08:11.000000  6739 http.cpp:1166] HTTP GET for /master/state-summary from 192.168.255.5:56382 with User-Agent='python-requests/2.10.0'
I0119 20:08:13.000000  6738 http.cpp:1166] HTTP GET for /master/state-summary from 192.168.255.5:56388 with User-Agent='python-requests/2.10.0'
I0119 20:08:15.000000  6750 http.cpp:1166] HTTP GET for /master/state-summary from 192.168.255.5:56402 with User-Agent='python-requests/2.10.0'
I0119 20:08:17.000000  6750 http.cpp:1166] HTTP GET for /master/state-summary from 192.168.255.5:56416 with User-Agent='python-requests/2.10.0'
I0119 20:08:19.000000  6740 http.cpp:1166] HTTP GET for /master/state-summary from 192.168.255.5:56422 with User-Agent='python-requests/2.10.0'
I0119 20:08:21.000000  6740 http.cpp:1166] HTTP GET for /master/state-summary from 192.168.255.5:56436 with User-Agent='python-requests/2.10.0'
I0119 20:08:23.000000  6750 http.cpp:1166] HTTP GET for /master/state-summary from 192.168.255.5:56450 with User-Agent='python-requests/2.10.0'
I0119 20:08:25.000000  6748 master.cpp:7341] Performing explicit task state reconciliation for 1 tasks of framework dc25e219-b012-40eb-95d9-ca31cbacde13-0001 (marathon) at scheduler-ec822827-855a-4a49-a3a3-f1a671c0c43e@192.168.255.5:15101
I0119 20:08:25.000000  6743 http.cpp:1166] HTTP GET for /master/state-summary from 192.168.255.5:56456 with User-Agent='python-requests/2.10.0'
I0119 20:08:27.000000  6752 http.cpp:1166] HTTP GET for /master/state-summary from 192.168.255.5:56470 with User-Agent='python-requests/2.10.0'
I0119 20:08:29.000000  6740 http.cpp:1166] HTTP GET for /master/state-summary from 192.168.255.5:56484 with User-Agent='python-requests/2.10.0'
I0119 20:08:31.000000  6752 http.cpp:1166] HTTP GET for /master/state-summary from 192.168.255.5:56490 with User-Agent='python-requests/2.10.0'
I0119 20:08:33.000000  6742 http.cpp:1166] HTTP GET for /master/state.json from 192.168.255.5:56504 with User-Agent='Mesos-DNS'
I0119 20:08:33.000000  6742 http.cpp:1166] HTTP GET for /master/state-summary from 192.168.255.5:56506 with User-Agent='python-requests/2.10.0'
I0119 20:08:34.000000  6748 http.cpp:1166] HTTP GET for /master/state from 192.168.255.5:34039 with User-Agent='Mesos-State / Host: dcos-master-14267337-0, Pid: 6104'
I0119 20:08:35.000000  6748 http.cpp:1166] HTTP GET for /master/state-summary from 192.168.255.5:56512 with User-Agent='python-requests/2.10.0'
I0119 20:08:36.000000  6744 http.cpp:1166] HTTP GET for /master/state-summary from 192.168.255.5:55348 with User-Agent='lua-resty-http/0.10 (Lua) ngx_lua/10005'
I0119 20:08:37.000000  6741 http.cpp:1166] HTTP GET for /master/state-summary from 192.168.255.5:56526 with User-Agent='python-requests/2.10.0'
I0119 20:08:39.000000  6738 http.cpp:1166] HTTP GET for /master/state-summary from 192.168.255.5:56540 with User-Agent='python-requests/2.10.0'
I0119 20:08:40.000000  6742 master.cpp:7341] Performing explicit task state reconciliation for 1 tasks of framework dc25e219-b012-40eb-95d9-ca31cbacde13-0001 (marathon) at scheduler-ec822827-855a-4a49-a3a3-f1a671c0c43e@192.168.255.5:15101
I0119 20:08:41.000000  6743 http.cpp:1166] HTTP GET for /master/state-summary from 192.168.255.5:56546 with User-Agent='python-requests/2.10.0'
I0119 20:08:43.000000  6744 http.cpp:1166] HTTP GET for /master/state-summary from 192.168.255.5:56560 with User-Agent='python-requests/2.10.0'
I0119 20:08:45.000000  6742 http.cpp:1166] HTTP GET for /master/state-summary from 192.168.255.5:56574 with User-Agent='python-requests/2.10.0'
I0119 20:08:47.000000  6739 http.cpp:1166] HTTP GET for /master/state-summary from 192.168.255.5:56580 with User-Agent='python-requests/2.10.0'
I0119 20:08:49.000000  6741 http.cpp:1166] HTTP GET for /master/state-summary from 192.168.255.5:56594 with User-Agent='python-requests/2.10.0'
I0119 20:08:51.000000  6743 http.cpp:1166] HTTP GET for /master/state-summary from 192.168.255.5:56608 with User-Agent='python-requests/2.10.0'
I0119 20:08:53.000000  6739 http.cpp:1166] HTTP GET for /master/state-summary from 192.168.255.5:56614 with User-Agent='python-requests/2.10.0'
I0119 20:08:54.000000  6741 master.cpp:7662] Sending 1 offers to framework dc25e219-b012-40eb-95d9-ca31cbacde13-0000 (metronome) at scheduler-3c26ac1a-aa36-453b-9af9-5e1ea520de78@192.168.255.5:15201
I0119 20:08:54.000000  6750 master.cpp:5120] Processing DECLINE call for offers: [ dc25e219-b012-40eb-95d9-ca31cbacde13-O14 ] for framework dc25e219-b012-40eb-95d9-ca31cbacde13-0000 (metronome) at scheduler-3c26ac1a-aa36-453b-9af9-5e1ea520de78@192.168.255.5:15201
I0119 20:08:54.000000  6750 master.cpp:9159] Removing offer dc25e219-b012-40eb-95d9-ca31cbacde13-O14
I0119 20:08:55.000000  6738 master.cpp:7341] Performing explicit task state reconciliation for 1 tasks of framework dc25e219-b012-40eb-95d9-ca31cbacde13-0001 (marathon) at scheduler-ec822827-855a-4a49-a3a3-f1a671c0c43e@192.168.255.5:15101
I0119 20:08:55.000000  6745 http.cpp:1166] HTTP GET for /master/state-summary from 192.168.255.5:56628 with User-Agent='python-requests/2.10.0'
I0119 20:08:57.000000  6750 http.cpp:1166] HTTP GET for /master/state-summary from 192.168.255.5:56634 with User-Agent='python-requests/2.10.0'
I0119 20:08:59.000000  6747 http.cpp:1166] HTTP GET for /master/state-summary from 192.168.255.5:56648 with User-Agent='python-requests/2.10.0'
I0119 20:09:01.000000  6739 http.cpp:1166] HTTP GET for /master/state-summary from 192.168.255.5:55348 with User-Agent='lua-resty-http/0.10 (Lua) ngx_lua/10005'
I0119 20:09:01.000000  6749 http.cpp:1166] HTTP GET for /master/state-summary from 192.168.255.5:56666 with User-Agent='python-requests/2.10.0'
I0119 20:09:03.000000  6746 http.cpp:1166] HTTP GET for /master/state.json from 192.168.255.5:56668 with User-Agent='Mesos-DNS'
I0119 20:09:03.000000  6741 http.cpp:1166] HTTP GET for /master/state-summary from 192.168.255.5:56674 with User-Agent='python-requests/2.10.0'
I0119 20:09:04.000000  6740 http.cpp:1166] HTTP GET for /master/state from 192.168.255.5:34039 with User-Agent='Mesos-State / Host: dcos-master-14267337-0, Pid: 6104'
I0119 20:09:05.000000  6742 http.cpp:1166] HTTP GET for /master/state-summary from 192.168.255.5:56688 with User-Agent='python-requests/2.10.0'
I0119 20:09:07.000000  6750 http.cpp:1166] HTTP GET for /master/state-summary from 192.168.255.5:56702 with User-Agent='python-requests/2.10.0'
I0119 20:09:09.000000  6739 http.cpp:1166] HTTP GET for /master/state-summary from 192.168.255.5:56708 with User-Agent='python-requests/2.10.0'
I0119 20:09:10.000000  6744 master.cpp:7341] Performing explicit task state reconciliation for 1 tasks of framework dc25e219-b012-40eb-95d9-ca31cbacde13-0001 (marathon) at scheduler-ec822827-855a-4a49-a3a3-f1a671c0c43e@192.168.255.5:15101
I0119 20:09:11.000000  6752 http.cpp:1166] HTTP GET for /master/state-summary from 192.168.255.5:56722 with User-Agent='python-requests/2.10.0'
I0119 20:09:13.000000  6743 http.cpp:1166] HTTP GET for /master/state-summary from 192.168.255.5:56730 with User-Agent='python-requests/2.10.0'
I0119 20:09:14.000000  6743 http.cpp:1166] HTTP GET for /master/slaves from 192.168.255.5:53864 with User-Agent='Go-http-client/1.1'
I0119 20:09:15.000000  6753 http.cpp:1166] HTTP GET for /master/state-summary from 192.168.255.5:56754 with User-Agent='python-requests/2.10.0'
I0119 20:09:17.000000  6753 http.cpp:1166] HTTP GET for /master/state-summary from 192.168.255.5:56768 with User-Agent='python-requests/2.10.0'
I0119 20:09:19.000000  6742 http.cpp:1166] HTTP GET for /master/state-summary from 192.168.255.5:56774 with User-Agent='python-requests/2.10.0'
I0119 20:09:21.000000  6749 http.cpp:1166] HTTP GET for /master/state-summary from 192.168.255.5:56788 with User-Agent='python-requests/2.10.0'
I0119 20:09:24.000000  6747 http.cpp:1166] HTTP GET for /master/state-summary from 192.168.255.5:56802 with User-Agent='python-requests/2.10.0'
I0119 20:09:25.000000  6745 master.cpp:7341] Performing explicit task state reconciliation for 1 tasks of framework dc25e219-b012-40eb-95d9-ca31cbacde13-0001 (marathon) at scheduler-ec822827-855a-4a49-a3a3-f1a671c0c43e@192.168.255.5:15101
I0119 20:09:26.000000  6748 http.cpp:1166] HTTP GET for /master/state-summary from 192.168.255.5:56808 with User-Agent='python-requests/2.10.0'
I0119 20:09:26.000000  6742 http.cpp:1166] HTTP GET for /master/state-summary from 192.168.255.5:55348 with User-Agent='lua-resty-http/0.10 (Lua) ngx_lua/10005'
I0119 20:09:28.000000  6750 http.cpp:1166] HTTP GET for /master/state-summary from 192.168.255.5:56822 with User-Agent='python-requests/2.10.0'
I0119 20:09:28.000000  6741 master.cpp:7662] Sending 1 offers to framework dc25e219-b012-40eb-95d9-ca31cbacde13-0000 (metronome) at scheduler-3c26ac1a-aa36-453b-9af9-5e1ea520de78@192.168.255.5:15201
I0119 20:09:28.000000  6748 master.cpp:5120] Processing DECLINE call for offers: [ dc25e219-b012-40eb-95d9-ca31cbacde13-O15 ] for framework dc25e219-b012-40eb-95d9-ca31cbacde13-0000 (metronome) at scheduler-3c26ac1a-aa36-453b-9af9-5e1ea520de78@192.168.255.5:15201
I0119 20:09:28.000000  6748 master.cpp:9159] Removing offer dc25e219-b012-40eb-95d9-ca31cbacde13-O15
I0119 20:09:30.000000  6743 http.cpp:1166] HTTP GET for /master/state-summary from 192.168.255.5:56836 with User-Agent='python-requests/2.10.0'
I0119 20:09:32.000000  6747 http.cpp:1166] HTTP GET for /master/state-summary from 192.168.255.5:56842 with User-Agent='python-requests/2.10.0'
I0119 20:09:33.000000  6749 http.cpp:1166] HTTP GET for /master/state.json from 192.168.255.5:56852 with User-Agent='Mesos-DNS'
I0119 20:09:34.000000  6747 http.cpp:1166] HTTP GET for /master/state-summary from 192.168.255.5:56858 with User-Agent='python-requests/2.10.0'
I0119 20:09:34.000000  6741 http.cpp:1166] HTTP GET for /master/state from 192.168.255.5:34039 with User-Agent='Mesos-State / Host: dcos-master-14267337-0, Pid: 6104'
I0119 20:09:36.000000  6745 http.cpp:1166] HTTP GET for /master/state-summary from 192.168.255.5:56872 with User-Agent='python-requests/2.10.0'
I0119 20:09:38.000000  6751 http.cpp:1166] HTTP GET for /master/state-summary from 192.168.255.5:56878 with User-Agent='python-requests/2.10.0'
I0119 20:09:40.000000  6745 http.cpp:1166] HTTP GET for /master/state-summary from 192.168.255.5:56892 with User-Agent='python-requests/2.10.0'
I0119 20:09:40.000000  6738 master.cpp:7341] Performing explicit task state reconciliation for 1 tasks of framework dc25e219-b012-40eb-95d9-ca31cbacde13-0001 (marathon) at scheduler-ec822827-855a-4a49-a3a3-f1a671c0c43e@192.168.255.5:15101
I0119 20:09:42.000000  6751 http.cpp:1166] HTTP GET for /master/state-summary from 192.168.255.5:56904 with User-Agent='python-requests/2.10.0'
I0119 20:09:44.000000  6749 http.cpp:1166] HTTP GET for /master/state-summary from 192.168.255.5:56912 with User-Agent='python-requests/2.10.0'
I0119 20:09:46.000000  6741 http.cpp:1166] HTTP GET for /master/state-summary from 192.168.255.5:56926 with User-Agent='python-requests/2.10.0'
I0119 20:09:48.000000  6752 http.cpp:1166] HTTP GET for /master/state-summary from 192.168.255.5:56932 with User-Agent='python-requests/2.10.0'
I0119 20:09:50.000000  6743 http.cpp:1166] HTTP GET for /master/state-summary from 192.168.255.5:56946 with User-Agent='python-requests/2.10.0'
I0119 20:09:51.000000  6739 http.cpp:1166] HTTP GET for /master/state-summary from 192.168.255.5:55348 with User-Agent='lua-resty-http/0.10 (Lua) ngx_lua/10005'
I0119 20:09:52.000000  6743 http.cpp:1166] HTTP GET for /master/state-summary from 192.168.255.5:56960 with User-Agent='python-requests/2.10.0'
I0119 20:09:53.000000  6741 master.cpp:7662] Sending 1 offers to framework dc25e219-b012-40eb-95d9-ca31cbacde13-0000 (metronome) at scheduler-3c26ac1a-aa36-453b-9af9-5e1ea520de78@192.168.255.5:15201
I0119 20:09:54.000000  6739 master.cpp:5120] Processing DECLINE call for offers: [ dc25e219-b012-40eb-95d9-ca31cbacde13-O16 ] for framework dc25e219-b012-40eb-95d9-ca31cbacde13-0000 (metronome) at scheduler-3c26ac1a-aa36-453b-9af9-5e1ea520de78@192.168.255.5:15201
I0119 20:09:54.000000  6739 master.cpp:9159] Removing offer dc25e219-b012-40eb-95d9-ca31cbacde13-O16
I0119 20:09:54.000000  6751 http.cpp:1166] HTTP GET for /master/state-summary from 192.168.255.5:56966 with User-Agent='python-requests/2.10.0'
I0119 20:09:55.000000  6748 master.cpp:7341] Performing explicit task state reconciliation for 1 tasks of framework dc25e219-b012-40eb-95d9-ca31cbacde13-0001 (marathon) at scheduler-ec822827-855a-4a49-a3a3-f1a671c0c43e@192.168.255.5:15101
I0119 20:09:56.000000  6746 http.cpp:1166] HTTP GET for /master/state-summary from 192.168.255.5:56980 with User-Agent='python-requests/2.10.0'
I0119 20:09:58.000000  6749 http.cpp:1166] HTTP GET for /master/state-summary from 192.168.255.5:56994 with User-Agent='python-requests/2.10.0'
I0119 20:10:00.000000  6742 http.cpp:1166] HTTP GET for /master/state-summary from 192.168.255.5:57000 with User-Agent='python-requests/2.10.0'
I0119 20:10:02.000000  6752 http.cpp:1166] HTTP GET for /master/state-summary from 192.168.255.5:57014 with User-Agent='python-requests/2.10.0'
I0119 20:10:03.000000  6745 http.cpp:1166] HTTP GET for /master/state.json from 192.168.255.5:57016 with User-Agent='Mesos-DNS'
I0119 20:10:04.000000  6744 http.cpp:1166] HTTP GET for /master/state-summary from 192.168.255.5:57030 with User-Agent='python-requests/2.10.0'
I0119 20:10:04.000000  6751 http.cpp:1166] HTTP GET for /master/state from 192.168.255.5:34039 with User-Agent='Mesos-State / Host: dcos-master-14267337-0, Pid: 6104'
I0119 20:10:06.000000  6739 http.cpp:1166] HTTP GET for /master/state-summary from 192.168.255.5:57036 with User-Agent='python-requests/2.10.0'
I0119 20:10:08.000000  6744 http.cpp:1166] HTTP GET for /master/state-summary from 192.168.255.5:57050 with User-Agent='python-requests/2.10.0'
I0119 20:10:10.000000  6743 http.cpp:1166] HTTP GET for /master/state-summary from 192.168.255.5:57064 with User-Agent='python-requests/2.10.0'
I0119 20:10:10.000000  6746 master.cpp:7341] Performing explicit task state reconciliation for 1 tasks of framework dc25e219-b012-40eb-95d9-ca31cbacde13-0001 (marathon) at scheduler-ec822827-855a-4a49-a3a3-f1a671c0c43e@192.168.255.5:15101
I0119 20:10:12.000000  6740 http.cpp:1166] HTTP GET for /master/state-summary from 192.168.255.5:57070 with User-Agent='python-requests/2.10.0'
I0119 20:10:14.000000  6743 http.cpp:1166] HTTP GET for /master/state-summary from 192.168.255.5:57084 with User-Agent='python-requests/2.10.0'
I0119 20:10:16.000000  6741 http.cpp:1166] HTTP GET for /master/state-summary from 192.168.255.5:57098 with User-Agent='python-requests/2.10.0'
I0119 20:10:16.000000  6752 http.cpp:1166] HTTP GET for /master/state-summary from 192.168.255.5:55348 with User-Agent='lua-resty-http/0.10 (Lua) ngx_lua/10005'
I0119 20:10:17.000000  6753 http.cpp:1166] HTTP GET for /master/slaves from 192.168.255.5:53864 with User-Agent='Go-http-client/1.1'
I0119 20:10:18.000000  6745 http.cpp:1166] HTTP GET for /master/state-summary from 192.168.255.5:57114 with User-Agent='python-requests/2.10.0'
I0119 20:10:20.000000  6748 http.cpp:1166] HTTP GET for /master/state-summary from 192.168.255.5:57128 with User-Agent='python-requests/2.10.0'
I0119 20:10:22.000000  6747 http.cpp:1166] HTTP GET for /master/state-summary from 192.168.255.5:57142 with User-Agent='python-requests/2.10.0'
I0119 20:10:24.000000  6749 http.cpp:1166] HTTP GET for /master/state-summary from 192.168.255.5:57148 with User-Agent='python-requests/2.10.0'
I0119 20:10:25.000000  6746 master.cpp:7341] Performing explicit task state reconciliation for 1 tasks of framework dc25e219-b012-40eb-95d9-ca31cbacde13-0001 (marathon) at scheduler-ec822827-855a-4a49-a3a3-f1a671c0c43e@192.168.255.5:15101
I0119 20:10:26.000000  6748 http.cpp:1166] HTTP GET for /master/state-summary from 192.168.255.5:57162 with User-Agent='python-requests/2.10.0'
I0119 20:10:28.000000  6750 http.cpp:1166] HTTP GET for /master/state-summary from 192.168.255.5:57176 with User-Agent='python-requests/2.10.0'
I0119 20:10:30.000000  6750 http.cpp:1166] HTTP GET for /master/state-summary from 192.168.255.5:57182 with User-Agent='python-requests/2.10.0'
I0119 20:10:32.000000  6748 http.cpp:1166] HTTP GET for /master/state-summary from 192.168.255.5:57196 with User-Agent='python-requests/2.10.0'
I0119 20:10:33.000000  6752 http.cpp:1166] HTTP GET for /master/state.json from 192.168.255.5:57198 with User-Agent='Mesos-DNS'
I0119 20:10:34.000000  6739 http.cpp:1166] HTTP GET for /master/state-summary from 192.168.255.5:57204 with User-Agent='python-requests/2.10.0'
I0119 20:10:34.000000  6746 http.cpp:1166] HTTP GET for /master/state from 192.168.255.5:34039 with User-Agent='Mesos-State / Host: dcos-master-14267337-0, Pid: 6104'
I0119 20:10:36.000000  6738 http.cpp:1166] HTTP GET for /master/state-summary from 192.168.255.5:57218 with User-Agent='python-requests/2.10.0'
I0119 20:10:38.000000  6740 http.cpp:1166] HTTP GET for /master/state-summary from 192.168.255.5:57232 with User-Agent='python-requests/2.10.0'
I0119 20:10:40.000000  6743 master.cpp:7341] Performing explicit task state reconciliation for 1 tasks of framework dc25e219-b012-40eb-95d9-ca31cbacde13-0001 (marathon) at scheduler-ec822827-855a-4a49-a3a3-f1a671c0c43e@192.168.255.5:15101
I0119 20:10:40.000000  6739 http.cpp:1166] HTTP GET for /master/state-summary from 192.168.255.5:57238 with User-Agent='python-requests/2.10.0'
I0119 20:10:41.000000  6745 http.cpp:1166] HTTP GET for /master/state-summary from 192.168.255.5:55348 with User-Agent='lua-resty-http/0.10 (Lua) ngx_lua/10005'
I0119 20:10:42.000000  6743 master.cpp:8713] Removing agent dc25e219-b012-40eb-95d9-ca31cbacde13-S4 at slave(1)@10.1.0.5:5051 (14267acs000001.wpglhdhu2yfudgoh0ji4xwfika.xx.internal.cloudapp.net): the agent unregistered
I0119 20:10:42.000000  6743 registrar.cpp:495] Applied 1 operations in 83503ns; attempting to update the registry
I0119 20:10:42.000000  6753 coordinator.cpp:348] Coordinator attempting to write APPEND action at position 17
I0119 20:10:42.000000  6750 replica.cpp:540] Replica received write request for position 17 from __req_res__(35)@192.168.255.5:5050
E0119 20:10:42.000000  6754 process.cpp:2584] Failed to shutdown socket with fd 62, address 192.168.255.5:32842: Transport endpoint is not connected
I0119 20:10:42.000000  6745 master.cpp:1318] Agent dc25e219-b012-40eb-95d9-ca31cbacde13-S4 at slave(1)@10.1.0.5:5051 (14267acs000001.wpglhdhu2yfudgoh0ji4xwfika.xx.internal.cloudapp.net) disconnected
E0119 20:10:42.000000  6754 process.cpp:2584] Failed to shutdown socket with fd 61, address 192.168.255.5:5050: Transport endpoint is not connected
I0119 20:10:42.000000  6745 master.cpp:3301] Disconnecting agent dc25e219-b012-40eb-95d9-ca31cbacde13-S4 at slave(1)@10.1.0.5:5051 (14267acs000001.wpglhdhu2yfudgoh0ji4xwfika.xx.internal.cloudapp.net)
I0119 20:10:42.000000  6745 master.cpp:3320] Deactivating agent dc25e219-b012-40eb-95d9-ca31cbacde13-S4 at slave(1)@10.1.0.5:5051 (14267acs000001.wpglhdhu2yfudgoh0ji4xwfika.xx.internal.cloudapp.net)
I0119 20:10:42.000000  6738 hierarchical.cpp:690] Agent dc25e219-b012-40eb-95d9-ca31cbacde13-S4 deactivated
I0119 20:10:42.000000  6753 replica.cpp:694] Replica received learned notice for position 17 from log-network(2)@192.168.255.5:5050
I0119 20:10:42.000000  6747 registrar.cpp:552] Successfully updated the registry in 41.437184ms
I0119 20:10:42.000000  6746 coordinator.cpp:348] Coordinator attempting to write TRUNCATE action at position 18
I0119 20:10:42.000000  6751 master.cpp:8755] Removed agent dc25e219-b012-40eb-95d9-ca31cbacde13-S4 at slave(1)@10.1.0.5:5051 (14267acs000001.wpglhdhu2yfudgoh0ji4xwfika.xx.internal.cloudapp.net): the agent unregistered
I0119 20:10:42.000000  6744 replica.cpp:540] Replica received write request for position 18 from __req_res__(36)@192.168.255.5:5050
I0119 20:10:42.000000  6752 hierarchical.cpp:626] Removed agent dc25e219-b012-40eb-95d9-ca31cbacde13-S4
I0119 20:10:42.000000  6751 master.cpp:2080] Notifying framework dc25e219-b012-40eb-95d9-ca31cbacde13-0001 (marathon) at scheduler-ec822827-855a-4a49-a3a3-f1a671c0c43e@192.168.255.5:15101 of lost agent dc25e219-b012-40eb-95d9-ca31cbacde13-S4 (14267acs000001.wpglhdhu2yfudgoh0ji4xwfika.xx.internal.cloudapp.net)
I0119 20:10:42.000000  6751 master.cpp:2080] Notifying framework dc25e219-b012-40eb-95d9-ca31cbacde13-0000 (metronome) at scheduler-3c26ac1a-aa36-453b-9af9-5e1ea520de78@192.168.255.5:15201 of lost agent dc25e219-b012-40eb-95d9-ca31cbacde13-S4 (14267acs000001.wpglhdhu2yfudgoh0ji4xwfika.xx.internal.cloudapp.net)
I0119 20:10:42.000000  6739 replica.cpp:694] Replica received learned notice for position 18 from log-network(2)@192.168.255.5:5050
I0119 20:10:42.000000  6744 http.cpp:1166] HTTP GET for /master/state-summary from 192.168.255.5:57252 with User-Agent='python-requests/2.10.0'
I0119 20:10:44.000000  6747 http.cpp:1166] HTTP GET for /master/state-summary from 192.168.255.5:57266 with User-Agent='python-requests/2.10.0'
I0119 20:10:46.000000  6750 http.cpp:1166] HTTP GET for /master/state-summary from 192.168.255.5:57272 with User-Agent='python-requests/2.10.0'
I0119 20:10:48.000000  6743 http.cpp:1166] HTTP GET for /master/state-summary from 192.168.255.5:57286 with User-Agent='python-requests/2.10.0'
I0119 20:10:50.000000  6750 http.cpp:1166] HTTP GET for /master/state-summary from 192.168.255.5:57300 with User-Agent='python-requests/2.10.0'
I0119 20:10:52.000000  6748 master.cpp:7275] Performing implicit task state reconciliation for framework dc25e219-b012-40eb-95d9-ca31cbacde13-0001 (marathon) at scheduler-ec822827-855a-4a49-a3a3-f1a671c0c43e@192.168.255.5:15101
I0119 20:10:52.000000  6750 http.cpp:1166] HTTP GET for /master/state-summary from 192.168.255.5:57306 with User-Agent='python-requests/2.10.0'
I0119 20:10:54.000000  6739 http.cpp:1166] HTTP GET for /master/state-summary from 192.168.255.5:57320 with User-Agent='python-requests/2.10.0'
I0119 20:10:55.000000  6753 master.cpp:7662] Sending 1 offers to framework dc25e219-b012-40eb-95d9-ca31cbacde13-0000 (metronome) at scheduler-3c26ac1a-aa36-453b-9af9-5e1ea520de78@192.168.255.5:15201
I0119 20:10:55.000000  6743 master.cpp:5120] Processing DECLINE call for offers: [ dc25e219-b012-40eb-95d9-ca31cbacde13-O17 ] for framework dc25e219-b012-40eb-95d9-ca31cbacde13-0000 (metronome) at scheduler-3c26ac1a-aa36-453b-9af9-5e1ea520de78@192.168.255.5:15201
I0119 20:10:55.000000  6743 master.cpp:9159] Removing offer dc25e219-b012-40eb-95d9-ca31cbacde13-O17
I0119 20:10:56.000000  6744 http.cpp:1166] HTTP GET for /master/state-summary from 192.168.255.5:57334 with User-Agent='python-requests/2.10.0'
I0119 20:10:57.000000  6750 master.cpp:7341] Performing explicit task state reconciliation for 1 tasks of framework dc25e219-b012-40eb-95d9-ca31cbacde13-0001 (marathon) at scheduler-ec822827-855a-4a49-a3a3-f1a671c0c43e@192.168.255.5:15101
I0119 20:10:58.000000  6753 http.cpp:1166] HTTP GET for /master/state-summary from 192.168.255.5:57340 with User-Agent='python-requests/2.10.0'
I0119 20:11:00.000000  6750 http.cpp:1166] HTTP GET for /master/state-summary from 192.168.255.5:57354 with User-Agent='python-requests/2.10.0'
I0119 20:11:02.000000  6738 http.cpp:1166] HTTP GET for /master/state-summary from 192.168.255.5:57368 with User-Agent='python-requests/2.10.0'
I0119 20:11:03.000000  6750 http.cpp:1166] HTTP GET for /master/state.json from 192.168.255.5:57370 with User-Agent='Mesos-DNS'
I0119 20:11:04.000000  6740 http.cpp:1166] HTTP GET for /master/state-summary from 192.168.255.5:57376 with User-Agent='python-requests/2.10.0'
I0119 20:11:04.000000  6749 http.cpp:1166] HTTP GET for /master/state from 192.168.255.5:34039 with User-Agent='Mesos-State / Host: dcos-master-14267337-0, Pid: 6104'
I0119 20:11:06.000000  6738 http.cpp:1166] HTTP GET for /master/state-summary from 192.168.255.5:57390 with User-Agent='python-requests/2.10.0'
I0119 20:11:06.000000  6749 http.cpp:1166] HTTP GET for /master/state-summary from 192.168.255.5:55348 with User-Agent='lua-resty-http/0.10 (Lua) ngx_lua/10005'
I0119 20:11:08.000000  6740 http.cpp:1166] HTTP GET for /master/state-summary from 192.168.255.5:57400 with User-Agent='python-requests/2.10.0'
I0119 20:11:10.000000  6744 http.cpp:1166] HTTP GET for /master/state-summary from 192.168.255.5:57410 with User-Agent='python-requests/2.10.0'
I0119 20:11:12.000000  6743 master.cpp:7341] Performing explicit task state reconciliation for 1 tasks of framework dc25e219-b012-40eb-95d9-ca31cbacde13-0001 (marathon) at scheduler-ec822827-855a-4a49-a3a3-f1a671c0c43e@192.168.255.5:15101
I0119 20:11:12.000000  6753 http.cpp:1166] HTTP GET for /master/state-summary from 192.168.255.5:57424 with User-Agent='python-requests/2.10.0'
I0119 20:11:14.000000  6750 http.cpp:1166] HTTP GET for /master/state-summary from 192.168.255.5:57430 with User-Agent='python-requests/2.10.0'
I0119 20:11:16.000000  6753 http.cpp:1166] HTTP GET for /master/state-summary from 192.168.255.5:57444 with User-Agent='python-requests/2.10.0'
I0119 20:11:18.000000  6753 http.cpp:1166] HTTP GET for /master/state-summary from 192.168.255.5:57458 with User-Agent='python-requests/2.10.0'
I0119 20:11:20.000000  6753 http.cpp:1166] HTTP GET for /master/state-summary from 192.168.255.5:57464 with User-Agent='python-requests/2.10.0'
I0119 20:11:20.000000  6746 http.cpp:1166] HTTP GET for /master/slaves from 192.168.255.5:53864 with User-Agent='Go-http-client/1.1'
I0119 20:11:22.000000  6746 http.cpp:1166] HTTP GET for /master/state-summary from 192.168.255.5:57484 with User-Agent='python-requests/2.10.0'
I0119 20:11:24.000000  6745 http.cpp:1166] HTTP GET for /master/state-summary from 192.168.255.5:57498 with User-Agent='python-requests/2.10.0'
I0119 20:11:26.000000  6746 http.cpp:1166] HTTP GET for /master/state-summary from 192.168.255.5:57504 with User-Agent='python-requests/2.10.0'
I0119 20:11:27.000000  6740 master.cpp:7341] Performing explicit task state reconciliation for 1 tasks of framework dc25e219-b012-40eb-95d9-ca31cbacde13-0001 (marathon) at scheduler-ec822827-855a-4a49-a3a3-f1a671c0c43e@192.168.255.5:15101
I0119 20:11:28.000000  6750 http.cpp:1166] HTTP GET for /master/state-summary from 192.168.255.5:57518 with User-Agent='python-requests/2.10.0'
I0119 20:11:29.000000  6744 master.cpp:7662] Sending 1 offers to framework dc25e219-b012-40eb-95d9-ca31cbacde13-0000 (metronome) at scheduler-3c26ac1a-aa36-453b-9af9-5e1ea520de78@192.168.255.5:15201
I0119 20:11:29.000000  6740 master.cpp:5120] Processing DECLINE call for offers: [ dc25e219-b012-40eb-95d9-ca31cbacde13-O18 ] for framework dc25e219-b012-40eb-95d9-ca31cbacde13-0000 (metronome) at scheduler-3c26ac1a-aa36-453b-9af9-5e1ea520de78@192.168.255.5:15201
I0119 20:11:29.000000  6740 master.cpp:9159] Removing offer dc25e219-b012-40eb-95d9-ca31cbacde13-O18
I0119 20:11:30.000000  6738 http.cpp:1166] HTTP GET for /master/state-summary from 192.168.255.5:57532 with User-Agent='python-requests/2.10.0'
I0119 20:11:31.000000  6747 http.cpp:1166] HTTP GET for /master/state-summary from 192.168.255.5:55348 with User-Agent='lua-resty-http/0.10 (Lua) ngx_lua/10005'
I0119 20:11:32.000000  6747 http.cpp:1166] HTTP GET for /master/state-summary from 192.168.255.5:57538 with User-Agent='python-requests/2.10.0'
I0119 20:11:33.000000  6745 http.cpp:1166] HTTP GET for /master/state.json from 192.168.255.5:57544 with User-Agent='Mesos-DNS'
I0119 20:11:34.000000  6745 http.cpp:1166] HTTP GET for /master/state-summary from 192.168.255.5:57554 with User-Agent='python-requests/2.10.0'
I0119 20:11:34.000000  6741 http.cpp:1166] HTTP GET for /master/state from 192.168.255.5:34039 with User-Agent='Mesos-State / Host: dcos-master-14267337-0, Pid: 6104'
I0119 20:11:36.000000  6747 http.cpp:1166] HTTP GET for /master/state-summary from 192.168.255.5:57568 with User-Agent='python-requests/2.10.0'
I0119 20:11:38.000000  6743 http.cpp:1166] HTTP GET for /master/state-summary from 192.168.255.5:57574 with User-Agent='python-requests/2.10.0'
I0119 20:11:40.000000  6742 http.cpp:1166] HTTP GET for /master/state-summary from 192.168.255.5:57588 with User-Agent='python-requests/2.10.0'
I0119 20:11:42.000000  6738 master.cpp:7341] Performing explicit task state reconciliation for 1 tasks of framework dc25e219-b012-40eb-95d9-ca31cbacde13-0001 (marathon) at scheduler-ec822827-855a-4a49-a3a3-f1a671c0c43e@192.168.255.5:15101
I0119 20:11:42.000000  6745 http.cpp:1166] HTTP GET for /master/state-summary from 192.168.255.5:57594 with User-Agent='python-requests/2.10.0'
I0119 20:11:44.000000  6745 http.cpp:1166] HTTP GET for /master/state-summary from 192.168.255.5:57608 with User-Agent='python-requests/2.10.0'
I0119 20:11:46.000000  6747 http.cpp:1166] HTTP GET for /master/state-summary from 192.168.255.5:57622 with User-Agent='python-requests/2.10.0'
I0119 20:11:48.000000  6744 http.cpp:1166] HTTP GET for /master/state-summary from 192.168.255.5:57628 with User-Agent='python-requests/2.10.0'
I0119 20:11:50.000000  6752 http.cpp:1166] HTTP GET for /master/state-summary from 192.168.255.5:57642 with User-Agent='python-requests/2.10.0'
I0119 20:11:52.000000  6746 http.cpp:1166] HTTP GET for /master/state-summary from 192.168.255.5:57656 with User-Agent='python-requests/2.10.0'
I0119 20:11:54.000000  6741 http.cpp:1166] HTTP GET for /master/state-summary from 192.168.255.5:57662 with User-Agent='python-requests/2.10.0'
I0119 20:11:56.000000  6738 http.cpp:1166] HTTP GET for /master/state-summary from 192.168.255.5:57676 with User-Agent='python-requests/2.10.0'
I0119 20:11:56.000000  6745 http.cpp:1166] HTTP GET for /master/state-summary from 192.168.255.5:55348 with User-Agent='lua-resty-http/0.10 (Lua) ngx_lua/10005'
I0119 20:11:57.000000  6751 master.cpp:7341] Performing explicit task state reconciliation for 1 tasks of framework dc25e219-b012-40eb-95d9-ca31cbacde13-0001 (marathon) at scheduler-ec822827-855a-4a49-a3a3-f1a671c0c43e@192.168.255.5:15101
I0119 20:11:58.000000  6740 http.cpp:1166] HTTP GET for /master/state-summary from 192.168.255.5:57690 with User-Agent='python-requests/2.10.0'
I0119 20:12:00.000000  6750 http.cpp:1166] HTTP GET for /master/state-summary from 192.168.255.5:57696 with User-Agent='python-requests/2.10.0'
I0119 20:12:02.000000  6741 http.cpp:1166] HTTP GET for /master/state-summary from 192.168.255.5:57710 with User-Agent='python-requests/2.10.0'
I0119 20:12:03.000000  6739 http.cpp:1166] HTTP GET for /master/state.json from 192.168.255.5:57712 with User-Agent='Mesos-DNS'
I0119 20:12:04.000000  6749 http.cpp:1166] HTTP GET for /master/state-summary from 192.168.255.5:57726 with User-Agent='python-requests/2.10.0'
I0119 20:12:04.000000  6743 http.cpp:1166] HTTP GET for /master/state from 192.168.255.5:34039 with User-Agent='Mesos-State / Host: dcos-master-14267337-0, Pid: 6104'
I0119 20:12:06.000000  6752 http.cpp:1166] HTTP GET for /master/state-summary from 192.168.255.5:57732 with User-Agent='python-requests/2.10.0'
I0119 20:12:08.000000  6745 http.cpp:1166] HTTP GET for /master/state-summary from 192.168.255.5:57746 with User-Agent='python-requests/2.10.0'
I0119 20:12:10.000000  6748 http.cpp:1166] HTTP GET for /master/state-summary from 192.168.255.5:57752 with User-Agent='python-requests/2.10.0'
I0119 20:12:12.000000  6747 master.cpp:7341] Performing explicit task state reconciliation for 1 tasks of framework dc25e219-b012-40eb-95d9-ca31cbacde13-0001 (marathon) at scheduler-ec822827-855a-4a49-a3a3-f1a671c0c43e@192.168.255.5:15101
I0119 20:12:12.000000  6752 http.cpp:1166] HTTP GET for /master/state-summary from 192.168.255.5:57766 with User-Agent='python-requests/2.10.0'
I0119 20:12:14.000000  6741 http.cpp:1166] HTTP GET for /master/state-summary from 192.168.255.5:57780 with User-Agent='python-requests/2.10.0'
I0119 20:12:16.000000  6751 http.cpp:1166] HTTP GET for /master/state-summary from 192.168.255.5:57786 with User-Agent='python-requests/2.10.0'
I0119 20:12:18.000000  6743 http.cpp:1166] HTTP GET for /master/state-summary from 192.168.255.5:57800 with User-Agent='python-requests/2.10.0'
I0119 20:12:20.000000  6752 http.cpp:1166] HTTP GET for /master/state-summary from 192.168.255.5:57814 with User-Agent='python-requests/2.10.0'
I0119 20:12:21.000000  6749 http.cpp:1166] HTTP GET for /master/state-summary from 192.168.255.5:55348 with User-Agent='lua-resty-http/0.10 (Lua) ngx_lua/10005'
I0119 20:12:22.000000  6745 http.cpp:1166] HTTP GET for /master/state-summary from 192.168.255.5:57822 with User-Agent='python-requests/2.10.0'
I0119 20:12:23.000000  6752 http.cpp:1166] HTTP GET for /master/slaves from 192.168.255.5:53864 with User-Agent='Go-http-client/1.1'
I0119 20:12:24.000000  6738 http.cpp:1166] HTTP GET for /master/state-summary from 192.168.255.5:57842 with User-Agent='python-requests/2.10.0'
I0119 20:12:26.000000  6740 http.cpp:1166] HTTP GET for /master/state-summary from 192.168.255.5:57852 with User-Agent='python-requests/2.10.0'
