I0119 20:02:54.000000  6753 master.cpp:7341] Performing explicit task state reconciliation for 1 tasks of framework dc25e219-b012-40eb-95d9-ca31cbacde13-0001 (marathon) at scheduler-ec822827-855a-4a49-a3a3-f1a671c0c43e@192.168.255.5:15101
I0119 20:02:56.000000  6751 http.cpp:1166] HTTP GET for /master/state-summary from 192.168.255.5:54548 with User-Agent='python-requests/2.10.0'
I0119 20:02:58.000000  6741 http.cpp:1166] HTTP GET for /master/state-summary from 192.168.255.5:54560 with User-Agent='python-requests/2.10.0'
I0119 20:02:59.000000  6740 http.cpp:1166] HTTP GET for /master/slaves from 192.168.255.5:53864 with User-Agent='Go-http-client/1.1'
I0119 20:03:00.000000  6743 http.cpp:1166] HTTP GET for /master/state-summary from 192.168.255.5:54570 with User-Agent='python-requests/2.10.0'
I0119 20:03:02.000000  6753 http.cpp:1166] HTTP GET for /master/state-summary from 192.168.255.5:54584 with User-Agent='python-requests/2.10.0'
I0119 20:03:03.000000  6749 http.cpp:1166] HTTP GET for /master/state.json from 192.168.255.5:54590 with User-Agent='Mesos-DNS'
I0119 20:03:04.000000  6748 http.cpp:1166] HTTP GET for /master/state from 192.168.255.5:34039 with User-Agent='Mesos-State / Host: dcos-master-14267337-0, Pid: 6104'
I0119 20:03:04.000000  6743 http.cpp:1166] HTTP GET for /master/state-summary from 192.168.255.5:54592 with User-Agent='python-requests/2.10.0'
I0119 20:03:06.000000  6746 http.cpp:1166] HTTP GET for /master/state-summary from 192.168.255.5:54606 with User-Agent='python-requests/2.10.0'
I0119 20:03:08.000000  6740 http.cpp:1166] HTTP GET for /master/state-summary from 192.168.255.5:54620 with User-Agent='python-requests/2.10.0'
I0119 20:03:09.000000  6741 master.cpp:7341] Performing explicit task state reconciliation for 1 tasks of framework dc25e219-b012-40eb-95d9-ca31cbacde13-0001 (marathon) at scheduler-ec822827-855a-4a49-a3a3-f1a671c0c43e@192.168.255.5:15101
I0119 20:03:10.000000  6753 http.cpp:1166] HTTP GET for /master/state-summary from 192.168.255.5:54626 with User-Agent='python-requests/2.10.0'
I0119 20:03:11.000000  6740 http.cpp:1166] HTTP GET for /master/state-summary from 192.168.255.5:54060 with User-Agent='lua-resty-http/0.10 (Lua) ngx_lua/10005'
I0119 20:03:12.000000  6753 http.cpp:1166] HTTP GET for /master/state-summary from 192.168.255.5:54640 with User-Agent='python-requests/2.10.0'
I0119 20:03:14.000000  6753 http.cpp:1166] HTTP GET for /master/state-summary from 192.168.255.5:54654 with User-Agent='python-requests/2.10.0'
I0119 20:03:16.000000  6741 http.cpp:1166] HTTP GET for /master/state-summary from 192.168.255.5:54660 with User-Agent='python-requests/2.10.0'
I0119 20:03:18.000000  6752 http.cpp:1166] HTTP GET for /master/state-summary from 192.168.255.5:54674 with User-Agent='python-requests/2.10.0'
I0119 20:03:20.000000  6740 http.cpp:1166] HTTP GET for /master/state-summary from 192.168.255.5:54688 with User-Agent='python-requests/2.10.0'
I0119 20:03:22.000000  6749 http.cpp:1166] HTTP GET for /master/state-summary from 192.168.255.5:54694 with User-Agent='python-requests/2.10.0'
I0119 20:03:24.000000  6746 master.cpp:7341] Performing explicit task state reconciliation for 1 tasks of framework dc25e219-b012-40eb-95d9-ca31cbacde13-0001 (marathon) at scheduler-ec822827-855a-4a49-a3a3-f1a671c0c43e@192.168.255.5:15101
I0119 20:03:24.000000  6744 http.cpp:1166] HTTP GET for /master/state-summary from 192.168.255.5:54708 with User-Agent='python-requests/2.10.0'
I0119 20:03:26.000000  6749 http.cpp:1166] HTTP GET for /master/state-summary from 192.168.255.5:54722 with User-Agent='python-requests/2.10.0'
I0119 20:03:28.000000  6744 master.cpp:5714] Received register agent message from slave(1)@10.1.0.4:5051 (14267acs000000.wpglhdhu2yfudgoh0ji4xwfika.xx.internal.cloudapp.net)
I0119 20:03:28.000000  6744 master.cpp:5867] Registering agent at slave(1)@10.1.0.4:5051 (14267acs000000.wpglhdhu2yfudgoh0ji4xwfika.xx.internal.cloudapp.net) with id dc25e219-b012-40eb-95d9-ca31cbacde13-S3
I0119 20:03:28.000000  6744 registrar.cpp:495] Applied 1 operations in 43802ns; attempting to update the registry
I0119 20:03:28.000000  6740 coordinator.cpp:348] Coordinator attempting to write APPEND action at position 9
I0119 20:03:28.000000  6753 replica.cpp:540] Replica received write request for position 9 from __req_res__(27)@192.168.255.5:5050
I0119 20:03:28.000000  6739 master.cpp:5708] Ignoring register agent message from slave(1)@10.1.0.4:5051 (14267acs000000.wpglhdhu2yfudgoh0ji4xwfika.xx.internal.cloudapp.net) as registration is already in progress
I0119 20:03:28.000000  6753 replica.cpp:694] Replica received learned notice for position 9 from log-network(2)@192.168.255.5:5050
I0119 20:03:28.000000  6751 master.cpp:5708] Ignoring register agent message from slave(1)@10.1.0.4:5051 (14267acs000000.wpglhdhu2yfudgoh0ji4xwfika.xx.internal.cloudapp.net) as registration is already in progress
I0119 20:03:28.000000  6752 registrar.cpp:552] Successfully updated the registry in 44.01408ms
I0119 20:03:28.000000  6744 coordinator.cpp:348] Coordinator attempting to write TRUNCATE action at position 10
I0119 20:03:28.000000  6744 replica.cpp:540] Replica received write request for position 10 from __req_res__(28)@192.168.255.5:5050
I0119 20:03:28.000000  6743 master.cpp:5945] Registered agent dc25e219-b012-40eb-95d9-ca31cbacde13-S3 at slave(1)@10.1.0.4:5051 (14267acs000000.wpglhdhu2yfudgoh0ji4xwfika.xx.internal.cloudapp.net) with [{"name":"cpus","scalar":{"value":2.0},"type":"SCALAR"},{"name":"mem","scalar":{"value":6143.0},"type":"SCALAR"},{"name":"disk","scalar":{"value":35839.0},"type":"SCALAR"},{"name":"ports","ranges":{"range":[{"begin":31000,"end":32000}]},"type":"RANGES"}]
I0119 20:03:28.000000  6739 hierarchical.cpp:593] Added agent dc25e219-b012-40eb-95d9-ca31cbacde13-S3 (14267acs000000.wpglhdhu2yfudgoh0ji4xwfika.xx.internal.cloudapp.net) with cpus:2; mem:6143; disk:35839; ports:[31000-32000] (allocated: {})
I0119 20:03:28.000000  6739 master.cpp:7662] Sending 1 offers to framework dc25e219-b012-40eb-95d9-ca31cbacde13-0000 (metronome) at scheduler-3c26ac1a-aa36-453b-9af9-5e1ea520de78@192.168.255.5:15201
I0119 20:03:28.000000  6740 master.cpp:5120] Processing DECLINE call for offers: [ dc25e219-b012-40eb-95d9-ca31cbacde13-O6 ] for framework dc25e219-b012-40eb-95d9-ca31cbacde13-0000 (metronome) at scheduler-3c26ac1a-aa36-453b-9af9-5e1ea520de78@192.168.255.5:15201
I0119 20:03:28.000000  6740 master.cpp:9159] Removing offer dc25e219-b012-40eb-95d9-ca31cbacde13-O6
I0119 20:03:28.000000  6742 replica.cpp:694] Replica received learned notice for position 10 from log-network(2)@192.168.255.5:5050
I0119 20:03:28.000000  6739 master.cpp:5714] Received register agent message from slave(1)@10.1.0.4:5051 (14267acs000000.wpglhdhu2yfudgoh0ji4xwfika.xx.internal.cloudapp.net)
I0119 20:03:28.000000  6739 master.cpp:5845] Agent dc25e219-b012-40eb-95d9-ca31cbacde13-S3 at slave(1)@10.1.0.4:5051 (14267acs000000.wpglhdhu2yfudgoh0ji4xwfika.xx.internal.cloudapp.net) already registered, resending acknowledgement
I0119 20:03:28.000000  6753 master.cpp:5714] Received register agent message from slave(1)@10.1.0.4:5051 (14267acs000000.wpglhdhu2yfudgoh0ji4xwfika.xx.internal.cloudapp.net)
I0119 20:03:28.000000  6753 master.cpp:5845] Agent dc25e219-b012-40eb-95d9-ca31cbacde13-S3 at slave(1)@10.1.0.4:5051 (14267acs000000.wpglhdhu2yfudgoh0ji4xwfika.xx.internal.cloudapp.net) already registered, resending acknowledgement
I0119 20:03:28.000000  6747 master.cpp:5714] Received register agent message from slave(1)@10.1.0.4:5051 (14267acs000000.wpglhdhu2yfudgoh0ji4xwfika.xx.internal.cloudapp.net)
I0119 20:03:28.000000  6747 master.cpp:5845] Agent dc25e219-b012-40eb-95d9-ca31cbacde13-S3 at slave(1)@10.1.0.4:5051 (14267acs000000.wpglhdhu2yfudgoh0ji4xwfika.xx.internal.cloudapp.net) already registered, resending acknowledgement
I0119 20:03:28.000000  6745 master.cpp:5714] Received register agent message from slave(1)@10.1.0.4:5051 (14267acs000000.wpglhdhu2yfudgoh0ji4xwfika.xx.internal.cloudapp.net)
I0119 20:03:28.000000  6745 master.cpp:5845] Agent dc25e219-b012-40eb-95d9-ca31cbacde13-S3 at slave(1)@10.1.0.4:5051 (14267acs000000.wpglhdhu2yfudgoh0ji4xwfika.xx.internal.cloudapp.net) already registered, resending acknowledgement
I0119 20:03:28.000000  6748 http.cpp:1166] HTTP GET for /master/state-summary from 192.168.255.5:54730 with User-Agent='python-requests/2.10.0'
I0119 20:03:30.000000  6741 http.cpp:1166] HTTP GET for /master/state-summary from 192.168.255.5:54744 with User-Agent='python-requests/2.10.0'
I0119 20:03:31.000000  6739 master.cpp:6683] Received update of agent dc25e219-b012-40eb-95d9-ca31cbacde13-S3 at slave(1)@10.1.0.4:5051 (14267acs000000.wpglhdhu2yfudgoh0ji4xwfika.xx.internal.cloudapp.net) with total oversubscribed resources {}
I0119 20:03:31.000000  6739 hierarchical.cpp:660] Agent dc25e219-b012-40eb-95d9-ca31cbacde13-S3 (14267acs000000.wpglhdhu2yfudgoh0ji4xwfika.xx.internal.cloudapp.net) updated with total resources cpus:2; mem:6143; disk:35839; ports:[31000-32000]
I0119 20:03:31.000000  6743 master.cpp:6683] Received update of agent dc25e219-b012-40eb-95d9-ca31cbacde13-S3 at slave(1)@10.1.0.4:5051 (14267acs000000.wpglhdhu2yfudgoh0ji4xwfika.xx.internal.cloudapp.net) with total oversubscribed resources {}
I0119 20:03:31.000000  6743 hierarchical.cpp:660] Agent dc25e219-b012-40eb-95d9-ca31cbacde13-S3 (14267acs000000.wpglhdhu2yfudgoh0ji4xwfika.xx.internal.cloudapp.net) updated with total resources cpus:2; mem:6143; disk:35839; ports:[31000-32000]
I0119 20:03:31.000000  6748 master.cpp:6683] Received update of agent dc25e219-b012-40eb-95d9-ca31cbacde13-S3 at slave(1)@10.1.0.4:5051 (14267acs000000.wpglhdhu2yfudgoh0ji4xwfika.xx.internal.cloudapp.net) with total oversubscribed resources {}
I0119 20:03:31.000000  6744 hierarchical.cpp:660] Agent dc25e219-b012-40eb-95d9-ca31cbacde13-S3 (14267acs000000.wpglhdhu2yfudgoh0ji4xwfika.xx.internal.cloudapp.net) updated with total resources cpus:2; mem:6143; disk:35839; ports:[31000-32000]
I0119 20:03:31.000000  6753 master.cpp:6683] Received update of agent dc25e219-b012-40eb-95d9-ca31cbacde13-S3 at slave(1)@10.1.0.4:5051 (14267acs000000.wpglhdhu2yfudgoh0ji4xwfika.xx.internal.cloudapp.net) with total oversubscribed resources {}
I0119 20:03:31.000000  6751 hierarchical.cpp:660] Agent dc25e219-b012-40eb-95d9-ca31cbacde13-S3 (14267acs000000.wpglhdhu2yfudgoh0ji4xwfika.xx.internal.cloudapp.net) updated with total resources cpus:2; mem:6143; disk:35839; ports:[31000-32000]
I0119 20:03:31.000000  6745 master.cpp:6683] Received update of agent dc25e219-b012-40eb-95d9-ca31cbacde13-S3 at slave(1)@10.1.0.4:5051 (14267acs000000.wpglhdhu2yfudgoh0ji4xwfika.xx.internal.cloudapp.net) with total oversubscribed resources {}
I0119 20:03:31.000000  6742 hierarchical.cpp:660] Agent dc25e219-b012-40eb-95d9-ca31cbacde13-S3 (14267acs000000.wpglhdhu2yfudgoh0ji4xwfika.xx.internal.cloudapp.net) updated with total resources cpus:2; mem:6143; disk:35839; ports:[31000-32000]
I0119 20:03:32.000000  6748 http.cpp:1166] HTTP GET for /master/state-summary from 192.168.255.5:54750 with User-Agent='python-requests/2.10.0'
I0119 20:03:33.000000  6751 http.cpp:1166] HTTP GET for /master/state.json from 192.168.255.5:54764 with User-Agent='Mesos-DNS'
I0119 20:03:34.000000  6752 http.cpp:1166] HTTP GET for /master/state from 192.168.255.5:34039 with User-Agent='Mesos-State / Host: dcos-master-14267337-0, Pid: 6104'
I0119 20:03:34.000000  6742 http.cpp:1166] HTTP GET for /master/state-summary from 192.168.255.5:54766 with User-Agent='python-requests/2.10.0'
I0119 20:03:36.000000  6752 http.cpp:1166] HTTP GET for /master/state-summary from 192.168.255.5:54060 with User-Agent='lua-resty-http/0.10 (Lua) ngx_lua/10005'
I0119 20:03:36.000000  6747 http.cpp:1166] HTTP GET for /master/state-summary from 192.168.255.5:54780 with User-Agent='python-requests/2.10.0'
I0119 20:03:38.000000  6740 http.cpp:1166] HTTP GET for /master/state-summary from 192.168.255.5:54786 with User-Agent='python-requests/2.10.0'
I0119 20:03:39.000000  6747 master.cpp:7341] Performing explicit task state reconciliation for 1 tasks of framework dc25e219-b012-40eb-95d9-ca31cbacde13-0001 (marathon) at scheduler-ec822827-855a-4a49-a3a3-f1a671c0c43e@192.168.255.5:15101
I0119 20:03:40.000000  6741 http.cpp:1166] HTTP GET for /master/state-summary from 192.168.255.5:54800 with User-Agent='python-requests/2.10.0'
I0119 20:03:42.000000  6749 http.cpp:1166] HTTP GET for /master/state-summary from 192.168.255.5:54814 with User-Agent='python-requests/2.10.0'
I0119 20:03:44.000000  6750 http.cpp:1166] HTTP GET for /master/state-summary from 192.168.255.5:54820 with User-Agent='python-requests/2.10.0'
I0119 20:03:46.000000  6745 http.cpp:1166] HTTP GET for /master/state-summary from 192.168.255.5:54834 with User-Agent='python-requests/2.10.0'
I0119 20:03:48.000000  6741 http.cpp:1166] HTTP GET for /master/state-summary from 192.168.255.5:54848 with User-Agent='python-requests/2.10.0'
I0119 20:03:50.000000  6741 http.cpp:1166] HTTP GET for /master/state-summary from 192.168.255.5:54854 with User-Agent='python-requests/2.10.0'
I0119 20:03:52.000000  6743 http.cpp:1166] HTTP GET for /master/state-summary from 192.168.255.5:54868 with User-Agent='python-requests/2.10.0'
I0119 20:03:53.000000  6741 master.cpp:5714] Received register agent message from slave(1)@10.1.0.5:5051 (14267acs000001.wpglhdhu2yfudgoh0ji4xwfika.xx.internal.cloudapp.net)
I0119 20:03:53.000000  6741 master.cpp:5867] Registering agent at slave(1)@10.1.0.5:5051 (14267acs000001.wpglhdhu2yfudgoh0ji4xwfika.xx.internal.cloudapp.net) with id dc25e219-b012-40eb-95d9-ca31cbacde13-S4
I0119 20:03:53.000000  6751 registrar.cpp:495] Applied 1 operations in 69103ns; attempting to update the registry
I0119 20:03:53.000000  6750 coordinator.cpp:348] Coordinator attempting to write APPEND action at position 11
I0119 20:03:53.000000  6743 replica.cpp:540] Replica received write request for position 11 from __req_res__(29)@192.168.255.5:5050
I0119 20:03:53.000000  6747 master.cpp:5708] Ignoring register agent message from slave(1)@10.1.0.5:5051 (14267acs000001.wpglhdhu2yfudgoh0ji4xwfika.xx.internal.cloudapp.net) as registration is already in progress
I0119 20:03:53.000000  6742 replica.cpp:694] Replica received learned notice for position 11 from log-network(2)@192.168.255.5:5050
I0119 20:03:53.000000  6742 registrar.cpp:552] Successfully updated the registry in 31.315968ms
I0119 20:03:53.000000  6738 coordinator.cpp:348] Coordinator attempting to write TRUNCATE action at position 12
I0119 20:03:53.000000  6745 replica.cpp:540] Replica received write request for position 12 from __req_res__(30)@192.168.255.5:5050
I0119 20:03:53.000000  6738 master.cpp:5945] Registered agent dc25e219-b012-40eb-95d9-ca31cbacde13-S4 at slave(1)@10.1.0.5:5051 (14267acs000001.wpglhdhu2yfudgoh0ji4xwfika.xx.internal.cloudapp.net) with [{"name":"cpus","scalar":{"value":2.0},"type":"SCALAR"},{"name":"mem","scalar":{"value":6143.0},"type":"SCALAR"},{"name":"disk","scalar":{"value":35839.0},"type":"SCALAR"},{"name":"ports","ranges":{"range":[{"begin":31000,"end":32000}]},"type":"RANGES"}]
I0119 20:03:53.000000  6740 hierarchical.cpp:593] Added agent dc25e219-b012-40eb-95d9-ca31cbacde13-S4 (14267acs000001.wpglhdhu2yfudgoh0ji4xwfika.xx.internal.cloudapp.net) with cpus:2; mem:6143; disk:35839; ports:[31000-32000] (allocated: {})
I0119 20:03:53.000000  6740 master.cpp:7662] Sending 1 offers to framework dc25e219-b012-40eb-95d9-ca31cbacde13-0000 (metronome) at scheduler-3c26ac1a-aa36-453b-9af9-5e1ea520de78@192.168.255.5:15201
I0119 20:03:53.000000  6742 master.cpp:5714] Received register agent message from slave(1)@10.1.0.5:5051 (14267acs000001.wpglhdhu2yfudgoh0ji4xwfika.xx.internal.cloudapp.net)
I0119 20:03:53.000000  6742 master.cpp:5845] Agent dc25e219-b012-40eb-95d9-ca31cbacde13-S4 at slave(1)@10.1.0.5:5051 (14267acs000001.wpglhdhu2yfudgoh0ji4xwfika.xx.internal.cloudapp.net) already registered, resending acknowledgement
I0119 20:03:53.000000  6744 master.cpp:5120] Processing DECLINE call for offers: [ dc25e219-b012-40eb-95d9-ca31cbacde13-O7 ] for framework dc25e219-b012-40eb-95d9-ca31cbacde13-0000 (metronome) at scheduler-3c26ac1a-aa36-453b-9af9-5e1ea520de78@192.168.255.5:15201
I0119 20:03:53.000000  6744 master.cpp:9159] Removing offer dc25e219-b012-40eb-95d9-ca31cbacde13-O7
I0119 20:03:53.000000  6741 replica.cpp:694] Replica received learned notice for position 12 from log-network(2)@192.168.255.5:5050
I0119 20:03:53.000000  6748 master.cpp:5714] Received register agent message from slave(1)@10.1.0.5:5051 (14267acs000001.wpglhdhu2yfudgoh0ji4xwfika.xx.internal.cloudapp.net)
I0119 20:03:53.000000  6748 master.cpp:5845] Agent dc25e219-b012-40eb-95d9-ca31cbacde13-S4 at slave(1)@10.1.0.5:5051 (14267acs000001.wpglhdhu2yfudgoh0ji4xwfika.xx.internal.cloudapp.net) already registered, resending acknowledgement
I0119 20:03:53.000000  6746 master.cpp:5714] Received register agent message from slave(1)@10.1.0.5:5051 (14267acs000001.wpglhdhu2yfudgoh0ji4xwfika.xx.internal.cloudapp.net)
I0119 20:03:53.000000  6746 master.cpp:5845] Agent dc25e219-b012-40eb-95d9-ca31cbacde13-S4 at slave(1)@10.1.0.5:5051 (14267acs000001.wpglhdhu2yfudgoh0ji4xwfika.xx.internal.cloudapp.net) already registered, resending acknowledgement
I0119 20:03:53.000000  6751 master.cpp:5714] Received register agent message from slave(1)@10.1.0.5:5051 (14267acs000001.wpglhdhu2yfudgoh0ji4xwfika.xx.internal.cloudapp.net)
I0119 20:03:53.000000  6751 master.cpp:5845] Agent dc25e219-b012-40eb-95d9-ca31cbacde13-S4 at slave(1)@10.1.0.5:5051 (14267acs000001.wpglhdhu2yfudgoh0ji4xwfika.xx.internal.cloudapp.net) already registered, resending acknowledgement
I0119 20:03:53.000000  6740 master.cpp:5714] Received register agent message from slave(1)@10.1.0.5:5051 (14267acs000001.wpglhdhu2yfudgoh0ji4xwfika.xx.internal.cloudapp.net)
I0119 20:03:53.000000  6740 master.cpp:5845] Agent dc25e219-b012-40eb-95d9-ca31cbacde13-S4 at slave(1)@10.1.0.5:5051 (14267acs000001.wpglhdhu2yfudgoh0ji4xwfika.xx.internal.cloudapp.net) already registered, resending acknowledgement
I0119 20:03:54.000000  6749 master.cpp:7341] Performing explicit task state reconciliation for 1 tasks of framework dc25e219-b012-40eb-95d9-ca31cbacde13-0001 (marathon) at scheduler-ec822827-855a-4a49-a3a3-f1a671c0c43e@192.168.255.5:15101
I0119 20:03:54.000000  6752 http.cpp:1166] HTTP GET for /master/state-summary from 192.168.255.5:54884 with User-Agent='python-requests/2.10.0'
I0119 20:03:56.000000  6753 master.cpp:6683] Received update of agent dc25e219-b012-40eb-95d9-ca31cbacde13-S4 at slave(1)@10.1.0.5:5051 (14267acs000001.wpglhdhu2yfudgoh0ji4xwfika.xx.internal.cloudapp.net) with total oversubscribed resources {}
I0119 20:03:56.000000  6753 hierarchical.cpp:660] Agent dc25e219-b012-40eb-95d9-ca31cbacde13-S4 (14267acs000001.wpglhdhu2yfudgoh0ji4xwfika.xx.internal.cloudapp.net) updated with total resources cpus:2; mem:6143; disk:35839; ports:[31000-32000]
I0119 20:03:56.000000  6752 master.cpp:6683] Received update of agent dc25e219-b012-40eb-95d9-ca31cbacde13-S4 at slave(1)@10.1.0.5:5051 (14267acs000001.wpglhdhu2yfudgoh0ji4xwfika.xx.internal.cloudapp.net) with total oversubscribed resources {}
I0119 20:03:56.000000  6752 hierarchical.cpp:660] Agent dc25e219-b012-40eb-95d9-ca31cbacde13-S4 (14267acs000001.wpglhdhu2yfudgoh0ji4xwfika.xx.internal.cloudapp.net) updated with total resources cpus:2; mem:6143; disk:35839; ports:[31000-32000]
I0119 20:03:56.000000  6745 master.cpp:6683] Received update of agent dc25e219-b012-40eb-95d9-ca31cbacde13-S4 at slave(1)@10.1.0.5:5051 (14267acs000001.wpglhdhu2yfudgoh0ji4xwfika.xx.internal.cloudapp.net) with total oversubscribed resources {}
I0119 20:03:56.000000  6745 hierarchical.cpp:660] Agent dc25e219-b012-40eb-95d9-ca31cbacde13-S4 (14267acs000001.wpglhdhu2yfudgoh0ji4xwfika.xx.internal.cloudapp.net) updated with total resources cpus:2; mem:6143; disk:35839; ports:[31000-32000]
I0119 20:03:56.000000  6751 master.cpp:6683] Received update of agent dc25e219-b012-40eb-95d9-ca31cbacde13-S4 at slave(1)@10.1.0.5:5051 (14267acs000001.wpglhdhu2yfudgoh0ji4xwfika.xx.internal.cloudapp.net) with total oversubscribed resources {}
I0119 20:03:56.000000  6743 hierarchical.cpp:660] Agent dc25e219-b012-40eb-95d9-ca31cbacde13-S4 (14267acs000001.wpglhdhu2yfudgoh0ji4xwfika.xx.internal.cloudapp.net) updated with total resources cpus:2; mem:6143; disk:35839; ports:[31000-32000]
I0119 20:03:56.000000  6740 master.cpp:6683] Received update of agent dc25e219-b012-40eb-95d9-ca31cbacde13-S4 at slave(1)@10.1.0.5:5051 (14267acs000001.wpglhdhu2yfudgoh0ji4xwfika.xx.internal.cloudapp.net) with total oversubscribed resources {}
I0119 20:03:56.000000  6742 hierarchical.cpp:660] Agent dc25e219-b012-40eb-95d9-ca31cbacde13-S4 (14267acs000001.wpglhdhu2yfudgoh0ji4xwfika.xx.internal.cloudapp.net) updated with total resources cpus:2; mem:6143; disk:35839; ports:[31000-32000]
I0119 20:03:56.000000  6748 master.cpp:6683] Received update of agent dc25e219-b012-40eb-95d9-ca31cbacde13-S4 at slave(1)@10.1.0.5:5051 (14267acs000001.wpglhdhu2yfudgoh0ji4xwfika.xx.internal.cloudapp.net) with total oversubscribed resources {}
I0119 20:03:56.000000  6748 hierarchical.cpp:660] Agent dc25e219-b012-40eb-95d9-ca31cbacde13-S4 (14267acs000001.wpglhdhu2yfudgoh0ji4xwfika.xx.internal.cloudapp.net) updated with total resources cpus:2; mem:6143; disk:35839; ports:[31000-32000]
I0119 20:03:56.000000  6749 http.cpp:1166] HTTP GET for /master/state-summary from 192.168.255.5:54890 with User-Agent='python-requests/2.10.0'
I0119 20:03:58.000000  6744 http.cpp:1166] HTTP GET for /master/state-summary from 192.168.255.5:54904 with User-Agent='python-requests/2.10.0'
I0119 20:03:59.000000  6740 http.cpp:1166] HTTP GET for /master/slaves from 192.168.255.5:53864 with User-Agent='Go-http-client/1.1'
I0119 20:04:00.000000  6739 http.cpp:1166] HTTP GET for /master/state-summary from 192.168.255.5:54916 with User-Agent='python-requests/2.10.0'
I0119 20:04:01.000000  6741 http.cpp:1166] HTTP GET for /master/state-summary from 192.168.255.5:54060 with User-Agent='lua-resty-http/0.10 (Lua) ngx_lua/10005'
I0119 20:04:02.000000  6739 http.cpp:1166] HTTP GET for /master/state-summary from 192.168.255.5:54930 with User-Agent='python-requests/2.10.0'
I0119 20:04:03.000000  6739 http.cpp:1166] HTTP GET for /master/state.json from 192.168.255.5:54932 with User-Agent='Mesos-DNS'
I0119 20:04:04.000000  6751 http.cpp:1166] HTTP GET for /master/state from 192.168.255.5:34039 with User-Agent='Mesos-State / Host: dcos-master-14267337-0, Pid: 6104'
I0119 20:04:04.000000  6749 http.cpp:1166] HTTP GET for /master/state-summary from 192.168.255.5:54946 with User-Agent='python-requests/2.10.0'
I0119 20:04:06.000000  6750 http.cpp:1166] HTTP GET for /master/state-summary from 192.168.255.5:54952 with User-Agent='python-requests/2.10.0'
I0119 20:04:08.000000  6741 http.cpp:1166] HTTP GET for /master/state-summary from 192.168.255.5:54966 with User-Agent='python-requests/2.10.0'
I0119 20:04:09.000000  6745 master.cpp:7341] Performing explicit task state reconciliation for 1 tasks of framework dc25e219-b012-40eb-95d9-ca31cbacde13-0001 (marathon) at scheduler-ec822827-855a-4a49-a3a3-f1a671c0c43e@192.168.255.5:15101
I0119 20:04:10.000000  6751 http.cpp:1166] HTTP GET for /master/state-summary from 192.168.255.5:54980 with User-Agent='python-requests/2.10.0'
I0119 20:04:12.000000  6746 http.cpp:1166] HTTP GET for /master/state-summary from 192.168.255.5:54986 with User-Agent='python-requests/2.10.0'
I0119 20:04:14.000000  6749 http.cpp:1166] HTTP GET for /master/state-summary from 192.168.255.5:55000 with User-Agent='python-requests/2.10.0'
I0119 20:04:16.000000  6746 http.cpp:1166] HTTP GET for /master/state-summary from 192.168.255.5:55014 with User-Agent='python-requests/2.10.0'
I0119 20:04:18.000000  6742 http.cpp:1166] HTTP GET for /master/state-summary from 192.168.255.5:55020 with User-Agent='python-requests/2.10.0'
I0119 20:04:20.000000  6740 http.cpp:1166] HTTP GET for /master/state-summary from 192.168.255.5:55034 with User-Agent='python-requests/2.10.0'
I0119 20:04:22.000000  6745 http.cpp:1166] HTTP GET for /master/state-summary from 192.168.255.5:55040 with User-Agent='python-requests/2.10.0'
I0119 20:04:24.000000  6743 master.cpp:7341] Performing explicit task state reconciliation for 1 tasks of framework dc25e219-b012-40eb-95d9-ca31cbacde13-0001 (marathon) at scheduler-ec822827-855a-4a49-a3a3-f1a671c0c43e@192.168.255.5:15101
I0119 20:04:24.000000  6746 http.cpp:1166] HTTP GET for /master/state-summary from 192.168.255.5:55054 with User-Agent='python-requests/2.10.0'
I0119 20:04:26.000000  6751 http.cpp:1166] HTTP GET for /master/state-summary from 192.168.255.5:54060 with User-Agent='lua-resty-http/0.10 (Lua) ngx_lua/10005'
I0119 20:04:26.000000  6751 http.cpp:1166] HTTP GET for /master/state-summary from 192.168.255.5:55068 with User-Agent='python-requests/2.10.0'
I0119 20:04:28.000000  6745 http.cpp:1166] HTTP GET for /master/state-summary from 192.168.255.5:55074 with User-Agent='python-requests/2.10.0'
I0119 20:04:30.000000  6738 http.cpp:1166] HTTP GET for /master/state-summary from 192.168.255.5:55088 with User-Agent='python-requests/2.10.0'
I0119 20:04:32.000000  6747 http.cpp:1166] HTTP GET for /master/state-summary from 192.168.255.5:55102 with User-Agent='python-requests/2.10.0'
I0119 20:04:33.000000  6749 http.cpp:1166] HTTP GET for /master/state.json from 192.168.255.5:55104 with User-Agent='Mesos-DNS'
I0119 20:04:34.000000  6748 http.cpp:1166] HTTP GET for /master/state from 192.168.255.5:34039 with User-Agent='Mesos-State / Host: dcos-master-14267337-0, Pid: 6104'
I0119 20:04:34.000000  6749 http.cpp:1166] HTTP GET for /master/state-summary from 192.168.255.5:55110 with User-Agent='python-requests/2.10.0'
I0119 20:04:36.000000  6744 http.cpp:1166] HTTP GET for /master/state-summary from 192.168.255.5:55124 with User-Agent='python-requests/2.10.0'
I0119 20:04:38.000000  6749 http.cpp:1166] HTTP GET for /master/state-summary from 192.168.255.5:55132 with User-Agent='python-requests/2.10.0'
I0119 20:04:39.000000  6752 master.cpp:7341] Performing explicit task state reconciliation for 1 tasks of framework dc25e219-b012-40eb-95d9-ca31cbacde13-0001 (marathon) at scheduler-ec822827-855a-4a49-a3a3-f1a671c0c43e@192.168.255.5:15101
I0119 20:04:40.000000  6751 http.cpp:1166] HTTP GET for /master/state-summary from 192.168.255.5:55144 with User-Agent='python-requests/2.10.0'
I0119 20:04:42.000000  6748 http.cpp:1166] HTTP GET for /master/state-summary from 192.168.255.5:55158 with User-Agent='python-requests/2.10.0'
I0119 20:04:44.000000  6749 http.cpp:1166] HTTP GET for /master/state-summary from 192.168.255.5:55164 with User-Agent='python-requests/2.10.0'
I0119 20:04:46.000000  6749 http.cpp:1166] HTTP GET for /master/state-summary from 192.168.255.5:55178 with User-Agent='python-requests/2.10.0'
I0119 20:04:48.000000  6744 http.cpp:1166] HTTP GET for /master/state-summary from 192.168.255.5:55192 with User-Agent='python-requests/2.10.0'
I0119 20:04:50.000000  6750 http.cpp:1166] HTTP GET for /master/state-summary from 192.168.255.5:55198 with User-Agent='python-requests/2.10.0'
I0119 20:04:51.000000  6738 http.cpp:1166] HTTP GET for /master/state-summary from 192.168.255.5:54060 with User-Agent='lua-resty-http/0.10 (Lua) ngx_lua/10005'
I0119 20:04:52.000000  6752 http.cpp:1166] HTTP GET for /master/state-summary from 192.168.255.5:55212 with User-Agent='python-requests/2.10.0'
I0119 20:04:54.000000  6744 master.cpp:7662] Sending 1 offers to framework dc25e219-b012-40eb-95d9-ca31cbacde13-0000 (metronome) at scheduler-3c26ac1a-aa36-453b-9af9-5e1ea520de78@192.168.255.5:15201
I0119 20:04:54.000000  6750 master.cpp:5120] Processing DECLINE call for offers: [ dc25e219-b012-40eb-95d9-ca31cbacde13-O8 ] for framework dc25e219-b012-40eb-95d9-ca31cbacde13-0000 (metronome) at scheduler-3c26ac1a-aa36-453b-9af9-5e1ea520de78@192.168.255.5:15201
I0119 20:04:54.000000  6750 master.cpp:9159] Removing offer dc25e219-b012-40eb-95d9-ca31cbacde13-O8
I0119 20:04:54.000000  6742 master.cpp:7341] Performing explicit task state reconciliation for 1 tasks of framework dc25e219-b012-40eb-95d9-ca31cbacde13-0001 (marathon) at scheduler-ec822827-855a-4a49-a3a3-f1a671c0c43e@192.168.255.5:15101
I0119 20:04:55.000000  6741 http.cpp:1166] HTTP GET for /master/state-summary from 192.168.255.5:55226 with User-Agent='python-requests/2.10.0'
I0119 20:04:57.000000  6742 http.cpp:1166] HTTP GET for /master/state-summary from 192.168.255.5:55232 with User-Agent='python-requests/2.10.0'
I0119 20:04:59.000000  6740 http.cpp:1166] HTTP GET for /master/state-summary from 192.168.255.5:55246 with User-Agent='python-requests/2.10.0'
I0119 20:05:01.000000  6744 http.cpp:1166] HTTP GET for /master/state-summary from 192.168.255.5:55252 with User-Agent='python-requests/2.10.0'
I0119 20:05:02.000000  6744 http.cpp:1166] HTTP GET for /master/slaves from 192.168.255.5:53864 with User-Agent='Go-http-client/1.1'
I0119 20:05:03.000000  6744 http.cpp:1166] HTTP GET for /master/state-summary from 192.168.255.5:55272 with User-Agent='python-requests/2.10.0'
I0119 20:05:03.000000  6740 http.cpp:1166] HTTP GET for /master/state.json from 192.168.255.5:55274 with User-Agent='Mesos-DNS'
I0119 20:05:04.000000  6743 http.cpp:1166] HTTP GET for /master/state from 192.168.255.5:34039 with User-Agent='Mesos-State / Host: dcos-master-14267337-0, Pid: 6104'
I0119 20:05:05.000000  6743 http.cpp:1166] HTTP GET for /master/state-summary from 192.168.255.5:55288 with User-Agent='python-requests/2.10.0'
I0119 20:05:07.000000  6739 http.cpp:1166] HTTP GET for /master/state-summary from 192.168.255.5:55294 with User-Agent='python-requests/2.10.0'
I0119 20:05:09.000000  6744 http.cpp:1166] HTTP GET for /master/state-summary from 192.168.255.5:55308 with User-Agent='python-requests/2.10.0'
I0119 20:05:09.000000  6746 master.cpp:7341] Performing explicit task state reconciliation for 1 tasks of framework dc25e219-b012-40eb-95d9-ca31cbacde13-0001 (marathon) at scheduler-ec822827-855a-4a49-a3a3-f1a671c0c43e@192.168.255.5:15101
I0119 20:05:11.000000  6750 http.cpp:1166] HTTP GET for /master/state-summary from 192.168.255.5:55322 with User-Agent='python-requests/2.10.0'
I0119 20:05:13.000000  6750 http.cpp:1166] HTTP GET for /master/state-summary from 192.168.255.5:55328 with User-Agent='python-requests/2.10.0'
I0119 20:05:15.000000  6752 http.cpp:1166] HTTP GET for /master/state-summary from 192.168.255.5:55342 with User-Agent='python-requests/2.10.0'
I0119 20:05:16.000000  6745 http.cpp:1166] HTTP GET for /master/state-summary from 192.168.255.5:55348 with User-Agent='lua-resty-http/0.10 (Lua) ngx_lua/10005'
I0119 20:05:17.000000  6747 http.cpp:1166] HTTP GET for /master/state-summary from 192.168.255.5:55354 with User-Agent='python-requests/2.10.0'
I0119 20:05:19.000000  6741 http.cpp:1166] HTTP GET for /master/state-summary from 192.168.255.5:55366 with User-Agent='python-requests/2.10.0'
I0119 20:05:21.000000  6739 http.cpp:1166] HTTP GET for /master/state-summary from 192.168.255.5:55380 with User-Agent='python-requests/2.10.0'
I0119 20:05:23.000000  6743 http.cpp:1166] HTTP GET for /master/state-summary from 192.168.255.5:55386 with User-Agent='python-requests/2.10.0'
I0119 20:05:24.000000  6739 master.cpp:7341] Performing explicit task state reconciliation for 1 tasks of framework dc25e219-b012-40eb-95d9-ca31cbacde13-0001 (marathon) at scheduler-ec822827-855a-4a49-a3a3-f1a671c0c43e@192.168.255.5:15101
I0119 20:05:25.000000  6745 http.cpp:1166] HTTP GET for /master/state-summary from 192.168.255.5:55400 with User-Agent='python-requests/2.10.0'
I0119 20:05:27.000000  6743 http.cpp:1166] HTTP GET for /master/state-summary from 192.168.255.5:55414 with User-Agent='python-requests/2.10.0'
I0119 20:05:28.000000  6749 master.cpp:7662] Sending 1 offers to framework dc25e219-b012-40eb-95d9-ca31cbacde13-0000 (metronome) at scheduler-3c26ac1a-aa36-453b-9af9-5e1ea520de78@192.168.255.5:15201
I0119 20:05:28.000000  6741 master.cpp:5120] Processing DECLINE call for offers: [ dc25e219-b012-40eb-95d9-ca31cbacde13-O9 ] for framework dc25e219-b012-40eb-95d9-ca31cbacde13-0000 (metronome) at scheduler-3c26ac1a-aa36-453b-9af9-5e1ea520de78@192.168.255.5:15201
I0119 20:05:28.000000  6741 master.cpp:9159] Removing offer dc25e219-b012-40eb-95d9-ca31cbacde13-O9
I0119 20:05:29.000000  6743 http.cpp:1166] HTTP GET for /master/state-summary from 192.168.255.5:55420 with User-Agent='python-requests/2.10.0'
I0119 20:05:30.000000  6739 master.cpp:5714] Received register agent message from slave(1)@10.0.0.4:5051 (14267acs000000.wpglhdhu2yfudgoh0ji4xwfika.xx.internal.cloudapp.net)
I0119 20:05:30.000000  6739 master.cpp:5867] Registering agent at slave(1)@10.0.0.4:5051 (14267acs000000.wpglhdhu2yfudgoh0ji4xwfika.xx.internal.cloudapp.net) with id dc25e219-b012-40eb-95d9-ca31cbacde13-S5
I0119 20:05:30.000000  6739 registrar.cpp:495] Applied 1 operations in 62803ns; attempting to update the registry
I0119 20:05:30.000000  6740 coordinator.cpp:348] Coordinator attempting to write APPEND action at position 13
I0119 20:05:30.000000  6746 replica.cpp:540] Replica received write request for position 13 from __req_res__(31)@192.168.255.5:5050
I0119 20:05:30.000000  6739 master.cpp:5708] Ignoring register agent message from slave(1)@10.0.0.4:5051 (14267acs000000.wpglhdhu2yfudgoh0ji4xwfika.xx.internal.cloudapp.net) as registration is already in progress
I0119 20:05:30.000000  6753 master.cpp:5708] Ignoring register agent message from slave(1)@10.0.0.4:5051 (14267acs000000.wpglhdhu2yfudgoh0ji4xwfika.xx.internal.cloudapp.net) as registration is already in progress
I0119 20:05:30.000000  6752 replica.cpp:694] Replica received learned notice for position 13 from log-network(2)@192.168.255.5:5050
I0119 20:05:30.000000  6739 registrar.cpp:552] Successfully updated the registry in 34.94784ms
I0119 20:05:30.000000  6753 coordinator.cpp:348] Coordinator attempting to write TRUNCATE action at position 14
I0119 20:05:30.000000  6740 replica.cpp:540] Replica received write request for position 14 from __req_res__(32)@192.168.255.5:5050
I0119 20:05:30.000000  6747 hierarchical.cpp:593] Added agent dc25e219-b012-40eb-95d9-ca31cbacde13-S5 (14267acs000000.wpglhdhu2yfudgoh0ji4xwfika.xx.internal.cloudapp.net) with cpus(reservations: [(STATIC,slave_public)]):2; mem(reservations: [(STATIC,slave_public)]):7167; disk(reservations: [(STATIC,slave_public)]):35839; ports(reservations: [(STATIC,slave_public)]):[31000-32000] (allocated: {})
I0119 20:05:30.000000  6739 master.cpp:5945] Registered agent dc25e219-b012-40eb-95d9-ca31cbacde13-S5 at slave(1)@10.0.0.4:5051 (14267acs000000.wpglhdhu2yfudgoh0ji4xwfika.xx.internal.cloudapp.net) with [{"name":"cpus","reservations":[{"role":"slave_public","type":"STATIC"}],"scalar":{"value":2.0},"type":"SCALAR"},{"name":"mem","reservations":[{"role":"slave_public","type":"STATIC"}],"scalar":{"value":7167.0},"type":"SCALAR"},{"name":"disk","reservations":[{"role":"slave_public","type":"STATIC"}],"scalar":{"value":35839.0},"type":"SCALAR"},{"name":"ports","ranges":{"range":[{"begin":31000,"end":32000}]},"reservations":[{"role":"slave_public","type":"STATIC"}],"type":"RANGES"}]
I0119 20:05:30.000000  6744 replica.cpp:694] Replica received learned notice for position 14 from log-network(2)@192.168.255.5:5050
I0119 20:05:30.000000  6750 master.cpp:5714] Received register agent message from slave(1)@10.0.0.4:5051 (14267acs000000.wpglhdhu2yfudgoh0ji4xwfika.xx.internal.cloudapp.net)
I0119 20:05:30.000000  6750 master.cpp:5845] Agent dc25e219-b012-40eb-95d9-ca31cbacde13-S5 at slave(1)@10.0.0.4:5051 (14267acs000000.wpglhdhu2yfudgoh0ji4xwfika.xx.internal.cloudapp.net) already registered, resending acknowledgement
I0119 20:05:30.000000  6739 master.cpp:5714] Received register agent message from slave(1)@10.0.0.4:5051 (14267acs000000.wpglhdhu2yfudgoh0ji4xwfika.xx.internal.cloudapp.net)
I0119 20:05:30.000000  6739 master.cpp:5845] Agent dc25e219-b012-40eb-95d9-ca31cbacde13-S5 at slave(1)@10.0.0.4:5051 (14267acs000000.wpglhdhu2yfudgoh0ji4xwfika.xx.internal.cloudapp.net) already registered, resending acknowledgement
I0119 20:05:30.000000  6753 master.cpp:5714] Received register agent message from slave(1)@10.0.0.4:5051 (14267acs000000.wpglhdhu2yfudgoh0ji4xwfika.xx.internal.cloudapp.net)
I0119 20:05:30.000000  6753 master.cpp:5845] Agent dc25e219-b012-40eb-95d9-ca31cbacde13-S5 at slave(1)@10.0.0.4:5051 (14267acs000000.wpglhdhu2yfudgoh0ji4xwfika.xx.internal.cloudapp.net) already registered, resending acknowledgement
I0119 20:05:30.000000  6742 master.cpp:5714] Received register agent message from slave(1)@10.0.0.4:5051 (14267acs000000.wpglhdhu2yfudgoh0ji4xwfika.xx.internal.cloudapp.net)
I0119 20:05:30.000000  6742 master.cpp:5845] Agent dc25e219-b012-40eb-95d9-ca31cbacde13-S5 at slave(1)@10.0.0.4:5051 (14267acs000000.wpglhdhu2yfudgoh0ji4xwfika.xx.internal.cloudapp.net) already registered, resending acknowledgement
I0119 20:05:31.000000  6745 http.cpp:1166] HTTP GET for /master/state-summary from 192.168.255.5:55436 with User-Agent='python-requests/2.10.0'
I0119 20:05:33.000000  6753 http.cpp:1166] HTTP GET for /master/state-summary from 192.168.255.5:55450 with User-Agent='python-requests/2.10.0'
I0119 20:05:33.000000  6738 http.cpp:1166] HTTP GET for /master/state.json from 192.168.255.5:55452 with User-Agent='Mesos-DNS'
I0119 20:05:34.000000  6746 http.cpp:1166] HTTP GET for /master/state from 192.168.255.5:34039 with User-Agent='Mesos-State / Host: dcos-master-14267337-0, Pid: 6104'
I0119 20:05:35.000000  6742 http.cpp:1166] HTTP GET for /master/state-summary from 192.168.255.5:55458 with User-Agent='python-requests/2.10.0'
I0119 20:05:37.000000  6750 http.cpp:1166] HTTP GET for /master/state-summary from 192.168.255.5:55472 with User-Agent='python-requests/2.10.0'
I0119 20:05:37.000000  6742 master.cpp:6683] Received update of agent dc25e219-b012-40eb-95d9-ca31cbacde13-S5 at slave(1)@10.0.0.4:5051 (14267acs000000.wpglhdhu2yfudgoh0ji4xwfika.xx.internal.cloudapp.net) with total oversubscribed resources {}
I0119 20:05:37.000000  6742 hierarchical.cpp:660] Agent dc25e219-b012-40eb-95d9-ca31cbacde13-S5 (14267acs000000.wpglhdhu2yfudgoh0ji4xwfika.xx.internal.cloudapp.net) updated with total resources cpus(reservations: [(STATIC,slave_public)]):2; mem(reservations: [(STATIC,slave_public)]):7167; disk(reservations: [(STATIC,slave_public)]):35839; ports(reservations: [(STATIC,slave_public)]):[31000-32000]
I0119 20:05:37.000000  6748 master.cpp:6683] Received update of agent dc25e219-b012-40eb-95d9-ca31cbacde13-S5 at slave(1)@10.0.0.4:5051 (14267acs000000.wpglhdhu2yfudgoh0ji4xwfika.xx.internal.cloudapp.net) with total oversubscribed resources {}
I0119 20:05:37.000000  6748 hierarchical.cpp:660] Agent dc25e219-b012-40eb-95d9-ca31cbacde13-S5 (14267acs000000.wpglhdhu2yfudgoh0ji4xwfika.xx.internal.cloudapp.net) updated with total resources cpus(reservations: [(STATIC,slave_public)]):2; mem(reservations: [(STATIC,slave_public)]):7167; disk(reservations: [(STATIC,slave_public)]):35839; ports(reservations: [(STATIC,slave_public)]):[31000-32000]
I0119 20:05:37.000000  6749 master.cpp:6683] Received update of agent dc25e219-b012-40eb-95d9-ca31cbacde13-S5 at slave(1)@10.0.0.4:5051 (14267acs000000.wpglhdhu2yfudgoh0ji4xwfika.xx.internal.cloudapp.net) with total oversubscribed resources {}
I0119 20:05:37.000000  6749 hierarchical.cpp:660] Agent dc25e219-b012-40eb-95d9-ca31cbacde13-S5 (14267acs000000.wpglhdhu2yfudgoh0ji4xwfika.xx.internal.cloudapp.net) updated with total resources cpus(reservations: [(STATIC,slave_public)]):2; mem(reservations: [(STATIC,slave_public)]):7167; disk(reservations: [(STATIC,slave_public)]):35839; ports(reservations: [(STATIC,slave_public)]):[31000-32000]
I0119 20:05:37.000000  6741 master.cpp:6683] Received update of agent dc25e219-b012-40eb-95d9-ca31cbacde13-S5 at slave(1)@10.0.0.4:5051 (14267acs000000.wpglhdhu2yfudgoh0ji4xwfika.xx.internal.cloudapp.net) with total oversubscribed resources {}
I0119 20:05:37.000000  6741 hierarchical.cpp:660] Agent dc25e219-b012-40eb-95d9-ca31cbacde13-S5 (14267acs000000.wpglhdhu2yfudgoh0ji4xwfika.xx.internal.cloudapp.net) updated with total resources cpus(reservations: [(STATIC,slave_public)]):2; mem(reservations: [(STATIC,slave_public)]):7167; disk(reservations: [(STATIC,slave_public)]):35839; ports(reservations: [(STATIC,slave_public)]):[31000-32000]
I0119 20:05:37.000000  6752 master.cpp:6683] Received update of agent dc25e219-b012-40eb-95d9-ca31cbacde13-S5 at slave(1)@10.0.0.4:5051 (14267acs000000.wpglhdhu2yfudgoh0ji4xwfika.xx.internal.cloudapp.net) with total oversubscribed resources {}
I0119 20:05:37.000000  6752 hierarchical.cpp:660] Agent dc25e219-b012-40eb-95d9-ca31cbacde13-S5 (14267acs000000.wpglhdhu2yfudgoh0ji4xwfika.xx.internal.cloudapp.net) updated with total resources cpus(reservations: [(STATIC,slave_public)]):2; mem(reservations: [(STATIC,slave_public)]):7167; disk(reservations: [(STATIC,slave_public)]):35839; ports(reservations: [(STATIC,slave_public)]):[31000-32000]
I0119 20:05:39.000000  6749 http.cpp:1166] HTTP GET for /master/state-summary from 192.168.255.5:55486 with User-Agent='python-requests/2.10.0'
I0119 20:05:39.000000  6751 master.cpp:7341] Performing explicit task state reconciliation for 1 tasks of framework dc25e219-b012-40eb-95d9-ca31cbacde13-0001 (marathon) at scheduler-ec822827-855a-4a49-a3a3-f1a671c0c43e@192.168.255.5:15101
I0119 20:05:41.000000  6753 http.cpp:1166] HTTP GET for /master/state-summary from 192.168.255.5:55492 with User-Agent='python-requests/2.10.0'
I0119 20:05:41.000000  6749 http.cpp:1166] HTTP GET for /master/state-summary from 192.168.255.5:55348 with User-Agent='lua-resty-http/0.10 (Lua) ngx_lua/10005'
I0119 20:05:43.000000  6744 http.cpp:1166] HTTP GET for /master/state-summary from 192.168.255.5:55506 with User-Agent='python-requests/2.10.0'
I0119 20:05:45.000000  6743 http.cpp:1166] HTTP GET for /master/state-summary from 192.168.255.5:55520 with User-Agent='python-requests/2.10.0'
I0119 20:05:47.000000  6749 http.cpp:1166] HTTP GET for /master/state-summary from 192.168.255.5:55526 with User-Agent='python-requests/2.10.0'
I0119 20:05:49.000000  6742 http.cpp:1166] HTTP GET for /master/state-summary from 192.168.255.5:55540 with User-Agent='python-requests/2.10.0'
I0119 20:05:51.000000  6743 http.cpp:1166] HTTP GET for /master/state-summary from 192.168.255.5:55554 with User-Agent='python-requests/2.10.0'
I0119 20:05:53.000000  6752 http.cpp:1166] HTTP GET for /master/state-summary from 192.168.255.5:55560 with User-Agent='python-requests/2.10.0'
I0119 20:05:53.000000  6738 master.cpp:7662] Sending 1 offers to framework dc25e219-b012-40eb-95d9-ca31cbacde13-0000 (metronome) at scheduler-3c26ac1a-aa36-453b-9af9-5e1ea520de78@192.168.255.5:15201
I0119 20:05:53.000000  6743 master.cpp:5120] Processing DECLINE call for offers: [ dc25e219-b012-40eb-95d9-ca31cbacde13-O10 ] for framework dc25e219-b012-40eb-95d9-ca31cbacde13-0000 (metronome) at scheduler-3c26ac1a-aa36-453b-9af9-5e1ea520de78@192.168.255.5:15201
I0119 20:05:53.000000  6743 master.cpp:9159] Removing offer dc25e219-b012-40eb-95d9-ca31cbacde13-O10
I0119 20:05:54.000000  6750 master.cpp:7341] Performing explicit task state reconciliation for 1 tasks of framework dc25e219-b012-40eb-95d9-ca31cbacde13-0001 (marathon) at scheduler-ec822827-855a-4a49-a3a3-f1a671c0c43e@192.168.255.5:15101
I0119 20:05:55.000000  6752 http.cpp:1166] HTTP GET for /master/state-summary from 192.168.255.5:55574 with User-Agent='python-requests/2.10.0'
I0119 20:05:57.000000  6750 http.cpp:1166] HTTP GET for /master/state-summary from 192.168.255.5:55584 with User-Agent='python-requests/2.10.0'
I0119 20:05:57.000000  6747 master.cpp:5714] Received register agent message from slave(1)@10.0.0.5:5051 (14267acs000001.wpglhdhu2yfudgoh0ji4xwfika.xx.internal.cloudapp.net)
I0119 20:05:57.000000  6747 master.cpp:5867] Registering agent at slave(1)@10.0.0.5:5051 (14267acs000001.wpglhdhu2yfudgoh0ji4xwfika.xx.internal.cloudapp.net) with id dc25e219-b012-40eb-95d9-ca31cbacde13-S6
I0119 20:05:57.000000  6747 registrar.cpp:495] Applied 1 operations in 47903ns; attempting to update the registry
I0119 20:05:57.000000  6749 coordinator.cpp:348] Coordinator attempting to write APPEND action at position 15
I0119 20:05:57.000000  6751 replica.cpp:540] Replica received write request for position 15 from __req_res__(33)@192.168.255.5:5050
I0119 20:05:57.000000  6741 master.cpp:5708] Ignoring register agent message from slave(1)@10.0.0.5:5051 (14267acs000001.wpglhdhu2yfudgoh0ji4xwfika.xx.internal.cloudapp.net) as registration is already in progress
I0119 20:05:57.000000  6745 master.cpp:5708] Ignoring register agent message from slave(1)@10.0.0.5:5051 (14267acs000001.wpglhdhu2yfudgoh0ji4xwfika.xx.internal.cloudapp.net) as registration is already in progress
I0119 20:05:57.000000  6746 replica.cpp:694] Replica received learned notice for position 15 from log-network(2)@192.168.255.5:5050
I0119 20:05:57.000000  6747 master.cpp:5708] Ignoring register agent message from slave(1)@10.0.0.5:5051 (14267acs000001.wpglhdhu2yfudgoh0ji4xwfika.xx.internal.cloudapp.net) as registration is already in progress
I0119 20:05:57.000000  6741 registrar.cpp:552] Successfully updated the registry in 52.573952ms
I0119 20:05:57.000000  6738 coordinator.cpp:348] Coordinator attempting to write TRUNCATE action at position 16
I0119 20:05:57.000000  6746 replica.cpp:540] Replica received write request for position 16 from __req_res__(34)@192.168.255.5:5050
I0119 20:05:57.000000  6750 hierarchical.cpp:593] Added agent dc25e219-b012-40eb-95d9-ca31cbacde13-S6 (14267acs000001.wpglhdhu2yfudgoh0ji4xwfika.xx.internal.cloudapp.net) with cpus(reservations: [(STATIC,slave_public)]):2; mem(reservations: [(STATIC,slave_public)]):7167; disk(reservations: [(STATIC,slave_public)]):35839; ports(reservations: [(STATIC,slave_public)]):[31000-32000] (allocated: {})
I0119 20:05:57.000000  6741 master.cpp:5945] Registered agent dc25e219-b012-40eb-95d9-ca31cbacde13-S6 at slave(1)@10.0.0.5:5051 (14267acs000001.wpglhdhu2yfudgoh0ji4xwfika.xx.internal.cloudapp.net) with [{"name":"cpus","reservations":[{"role":"slave_public","type":"STATIC"}],"scalar":{"value":2.0},"type":"SCALAR"},{"name":"mem","reservations":[{"role":"slave_public","type":"STATIC"}],"scalar":{"value":7167.0},"type":"SCALAR"},{"name":"disk","reservations":[{"role":"slave_public","type":"STATIC"}],"scalar":{"value":35839.0},"type":"SCALAR"},{"name":"ports","ranges":{"range":[{"begin":31000,"end":32000}]},"reservations":[{"role":"slave_public","type":"STATIC"}],"type":"RANGES"}]
I0119 20:05:57.000000  6742 replica.cpp:694] Replica received learned notice for position 16 from log-network(2)@192.168.255.5:5050
I0119 20:05:57.000000  6741 master.cpp:5714] Received register agent message from slave(1)@10.0.0.5:5051 (14267acs000001.wpglhdhu2yfudgoh0ji4xwfika.xx.internal.cloudapp.net)
I0119 20:05:57.000000  6741 master.cpp:5845] Agent dc25e219-b012-40eb-95d9-ca31cbacde13-S6 at slave(1)@10.0.0.5:5051 (14267acs000001.wpglhdhu2yfudgoh0ji4xwfika.xx.internal.cloudapp.net) already registered, resending acknowledgement
I0119 20:05:57.000000  6752 master.cpp:5714] Received register agent message from slave(1)@10.0.0.5:5051 (14267acs000001.wpglhdhu2yfudgoh0ji4xwfika.xx.internal.cloudapp.net)
I0119 20:05:57.000000  6752 master.cpp:5845] Agent dc25e219-b012-40eb-95d9-ca31cbacde13-S6 at slave(1)@10.0.0.5:5051 (14267acs000001.wpglhdhu2yfudgoh0ji4xwfika.xx.internal.cloudapp.net) already registered, resending acknowledgement
I0119 20:05:57.000000  6743 master.cpp:5714] Received register agent message from slave(1)@10.0.0.5:5051 (14267acs000001.wpglhdhu2yfudgoh0ji4xwfika.xx.internal.cloudapp.net)
I0119 20:05:57.000000  6743 master.cpp:5845] Agent dc25e219-b012-40eb-95d9-ca31cbacde13-S6 at slave(1)@10.0.0.5:5051 (14267acs000001.wpglhdhu2yfudgoh0ji4xwfika.xx.internal.cloudapp.net) already registered, resending acknowledgement
I0119 20:05:59.000000  6752 http.cpp:1166] HTTP GET for /master/state-summary from 192.168.255.5:55596 with User-Agent='python-requests/2.10.0'
I0119 20:06:01.000000  6747 http.cpp:1166] HTTP GET for /master/state-summary from 192.168.255.5:55610 with User-Agent='python-requests/2.10.0'
I0119 20:06:03.000000  6739 http.cpp:1166] HTTP GET for /master/state-summary from 192.168.255.5:55616 with User-Agent='python-requests/2.10.0'
I0119 20:06:03.000000  6743 http.cpp:1166] HTTP GET for /master/state.json from 192.168.255.5:55618 with User-Agent='Mesos-DNS'
I0119 20:06:04.000000  6752 master.cpp:6683] Received update of agent dc25e219-b012-40eb-95d9-ca31cbacde13-S6 at slave(1)@10.0.0.5:5051 (14267acs000001.wpglhdhu2yfudgoh0ji4xwfika.xx.internal.cloudapp.net) with total oversubscribed resources {}
I0119 20:06:04.000000  6752 hierarchical.cpp:660] Agent dc25e219-b012-40eb-95d9-ca31cbacde13-S6 (14267acs000001.wpglhdhu2yfudgoh0ji4xwfika.xx.internal.cloudapp.net) updated with total resources cpus(reservations: [(STATIC,slave_public)]):2; mem(reservations: [(STATIC,slave_public)]):7167; disk(reservations: [(STATIC,slave_public)]):35839; ports(reservations: [(STATIC,slave_public)]):[31000-32000]
I0119 20:06:04.000000  6738 master.cpp:6683] Received update of agent dc25e219-b012-40eb-95d9-ca31cbacde13-S6 at slave(1)@10.0.0.5:5051 (14267acs000001.wpglhdhu2yfudgoh0ji4xwfika.xx.internal.cloudapp.net) with total oversubscribed resources {}
I0119 20:06:04.000000  6738 hierarchical.cpp:660] Agent dc25e219-b012-40eb-95d9-ca31cbacde13-S6 (14267acs000001.wpglhdhu2yfudgoh0ji4xwfika.xx.internal.cloudapp.net) updated with total resources cpus(reservations: [(STATIC,slave_public)]):2; mem(reservations: [(STATIC,slave_public)]):7167; disk(reservations: [(STATIC,slave_public)]):35839; ports(reservations: [(STATIC,slave_public)]):[31000-32000]
